- Start of debug log -
[2025/8/17 19:31:28] AWAKE
[回合0] 00m 06s:  Archer3 获得了来自 Archer3 的 攻击者
[2025/8/17 19:31:29] Archer3 获得了来自 Archer3 的 攻击者
[回合0] 00m 06s:  Felivol 获得了来自 Felivol 的 防卫者
[2025/8/17 19:31:29] Felivol 获得了来自 Felivol 的 防卫者
[回合0] 00m 06s:  Felivol 获得了来自 Felivol 的 旅者
[2025/8/17 19:31:29] Felivol 获得了来自 Felivol 的 旅者
[回合0] 00m 06s:  Felivol 获得了来自 Felivol 的 聆听神谕
[2025/8/17 19:31:29] Felivol 获得了来自 Felivol 的 聆听神谕
[回合0] 00m 06s:  Felivol 获得了来自 Felivol 的 祝福之光
[2025/8/17 19:31:29] Felivol 获得了来自 Felivol 的 祝福之光
[回合0] 00m 06s:  Felivol 获得了来自 Felivol 的 防御蓄能
[2025/8/17 19:31:29] Felivol 获得了来自 Felivol 的 防御蓄能
[回合0] 00m 06s:  Gaceon 获得了来自 Gaceon 的 治疗者
[2025/8/17 19:31:29] Gaceon 获得了来自 Gaceon 的 治疗者
[回合0] 00m 06s:  Lilium 获得了来自 Lilium 的 防卫者
[2025/8/17 19:31:29] Lilium 获得了来自 Lilium 的 防卫者
[回合0] 00m 06s:  Umiko 获得了来自 Umiko 的 生命之歌
[2025/8/17 19:31:29] Umiko 获得了来自 Umiko 的 生命之歌
[回合0] 00m 06s:  SmallMu 获得了来自 SmallMu 的 死亡爆裂 [0]
[2025/8/17 19:31:29] SmallMu 获得了来自 SmallMu 的 死亡爆裂 [0]
[回合0] 00m 06s:  SmallMu 获得了来自 SmallMu 的 死亡爆裂 [0]
[2025/8/17 19:31:29] SmallMu 获得了来自 SmallMu 的 死亡爆裂 [0]
[回合0] 00m 06s:  Astrologer 获得了来自 Astrologer 的 流星
[2025/8/17 19:31:29] Astrologer 获得了来自 Astrologer 的 流星
[回合0] 00m 06s:  Astrologer 获得了来自 Astrologer 的 星能转化
[2025/8/17 19:31:29] Astrologer 获得了来自 Astrologer 的 星能转化
[回合0] 00m 06s:  SmallMu 获得了来自 SmallMu 的 死亡爆裂 [0]
[2025/8/17 19:31:29] SmallMu 获得了来自 SmallMu 的 死亡爆裂 [0]
[回合1] 00m 07s:  回合1
[2025/8/17 19:31:30] 回合1
[回合1] 00m 18s:  Felivol 施放了 移动, 目标：miniRAID.MovementTarget
[2025/8/17 19:31:41] Felivol 施放了 移动, 目标：miniRAID.MovementTarget
[回合1] 00m 18s:  Felivol 的 旅者 对 Felivol 造成了 0 点 Heal 。生命值：110
[2025/8/17 19:31:42] Felivol 的 旅者 对 Felivol 造成了 0 点 Heal 。生命值：110
[回合1] 00m 18s:  Felivol 获得了来自 Umiko 的 生命之歌
[2025/8/17 19:31:42] Felivol 获得了来自 Umiko 的 生命之歌
[回合1] 00m 19s:  Felivol 的 旅者 对 Felivol 造成了 0 点 Heal 。生命值：110
[2025/8/17 19:31:42] Felivol 的 旅者 对 Felivol 造成了 0 点 Heal 。生命值：110
[回合1] 00m 19s:  Felivol 的 旅者 对 Felivol 造成了 0 点 Heal 。生命值：110
[2025/8/17 19:31:43] Felivol 的 旅者 对 Felivol 造成了 0 点 Heal 。生命值：110
[回合1] 00m 20s:  Felivol 的 旅者 对 Felivol 造成了 0 点 Heal 。生命值：110
[2025/8/17 19:31:43] Felivol 的 旅者 对 Felivol 造成了 0 点 Heal 。生命值：110
[回合1] 00m 20s:  Felivol 的 旅者 对 Felivol 造成了 0 点 Heal 。生命值：110
[2025/8/17 19:31:43] Felivol 的 旅者 对 Felivol 造成了 0 点 Heal 。生命值：110
[回合1] 00m 23s:  Felivol 施放了 蓄力斩, 目标：South
[2025/8/17 19:31:46] Felivol 施放了 蓄力斩, 目标：South
[回合1] 00m 35s:  Gaceon 施放了 移动, 目标：miniRAID.MovementTarget
[2025/8/17 19:31:58] Gaceon 施放了 移动, 目标：miniRAID.MovementTarget
[回合1] 00m 39s:  Gaceon 施放了 治疗链, 目标：Archer3
[2025/8/17 19:32:02] Gaceon 施放了 治疗链, 目标：Archer3
[回合1] 00m 39s:  Gaceon 的 治疗链 对 Archer3 造成了 0 点 Heal 。生命值：86
[2025/8/17 19:32:02] Gaceon 的 治疗链 对 Archer3 造成了 0 点 Heal 。生命值：86
[回合1] 00m 39s:  Gaceon 的 治疗链 对 Lilium 造成了 0 点 Heal 。生命值：116
[2025/8/17 19:32:03] Gaceon 的 治疗链 对 Lilium 造成了 0 点 Heal 。生命值：116
[回合1] 00m 39s:  Gaceon 的 治疗链 对 Felivol 造成了 0 点 Heal 。生命值：110
[2025/8/17 19:32:03] Gaceon 的 治疗链 对 Felivol 造成了 0 点 Heal 。生命值：110
[回合1] 00m 46s:  Gaceon 施放了 移动, 目标：miniRAID.MovementTarget
[2025/8/17 19:32:10] Gaceon 施放了 移动, 目标：miniRAID.MovementTarget
[回合1] 00m 52s:  Gaceon 施放了 彗星箭, 目标：SmallMu
[2025/8/17 19:32:15] Gaceon 施放了 彗星箭, 目标：SmallMu
[回合1] 00m 53s:  Gaceon 的 彗星箭 对 SmallMu 造成了 14 点 Ice 伤害。生命值：106
[2025/8/17 19:32:16] Gaceon 的 彗星箭 对 SmallMu 造成了 14 点 Ice 伤害。生命值：106
[回合1] 00m 59s:  Archer3 施放了 狂风加护, 目标：Archer3
[2025/8/17 19:32:22] Archer3 施放了 狂风加护, 目标：Archer3
[回合1] 00m 59s:  Archer3 获得了来自 Archer3 的 狂风加护
[2025/8/17 19:32:23] Archer3 获得了来自 Archer3 的 狂风加护
[回合1] 01m 01s:  Archer3 施放了 疾飞之箭, 目标：BossMu
[2025/8/17 19:32:24] Archer3 施放了 疾飞之箭, 目标：BossMu
[回合1] 01m 01s:  Archer3 的 疾飞之箭 对 BossMu 造成了 28 点 Pierce 伤害（暴击）。生命值：1212
[2025/8/17 19:32:25] Archer3 的 疾飞之箭 对 BossMu 造成了 28 点 Pierce 伤害（暴击）。生命值：1212
[回合1] 01m 01s:  BossMu 获得了来自 Archer3 的 出血
[2025/8/17 19:32:25] BossMu 获得了来自 Archer3 的 出血
[回合1] 01m 03s:  Archer3 施放了 射击, 目标：BossMu
[2025/8/17 19:32:27] Archer3 施放了 射击, 目标：BossMu
[回合1] 01m 04s:  Archer3 的 射击 对 BossMu 造成了 21 点 Pierce 伤害。生命值：1191
[2025/8/17 19:32:28] Archer3 的 射击 对 BossMu 造成了 21 点 Pierce 伤害。生命值：1191
[回合1] 01m 05s:  Archer3 的 出血 对 BossMu 造成了 2 点 Pierce 伤害。生命值：1189
[2025/8/17 19:32:29] Archer3 的 出血 对 BossMu 造成了 2 点 Pierce 伤害。生命值：1189
