- Start of debug log -
[8/8/2025 4:09:23 AM] AWAKE
[回合0] 00m 03s:  SerialCoroutine awake
[8/8/2025 4:09:23 AM] SerialCoroutine awake
[回合0] 00m 03s:  StartSerialCoroutine

[8/8/2025 4:09:24 AM] StartSerialCoroutine

[回合0] 00m 03s:  new JumpIn at Combat ( /Users/betairylia/RP_Games/miniRAID/Assets/Scripts/Backend/CombatSchedulerCoroutine/CombatSchedulerCoroutine.cs : 73 )
[8/8/2025 4:09:24 AM] new JumpIn at Combat ( /Users/betairylia/RP_Games/miniRAID/Assets/Scripts/Backend/CombatSchedulerCoroutine/CombatSchedulerCoroutine.cs : 73 )
[回合0] 00m 04s:  new JumpIn at Combat ( /Users/betairylia/RP_Games/miniRAID/Assets/Scripts/Backend/CombatSchedulerCoroutine/CombatSchedulerCoroutine.cs : 79 )
[8/8/2025 4:09:24 AM] new JumpIn at Combat ( /Users/betairylia/RP_Games/miniRAID/Assets/Scripts/Backend/CombatSchedulerCoroutine/CombatSchedulerCoroutine.cs : 79 )
[回合0] 00m 04s:  new JumpIn at Combat ( /Users/betairylia/RP_Games/miniRAID/Assets/Scripts/Backend/CombatSchedulerCoroutine/CombatSchedulerCoroutine.cs : 82 )
[8/8/2025 4:09:24 AM] new JumpIn at Combat ( /Users/betairylia/RP_Games/miniRAID/Assets/Scripts/Backend/CombatSchedulerCoroutine/CombatSchedulerCoroutine.cs : 82 )
[回合0] 00m 04s:  new JumpIn at Combat ( /Users/betairylia/RP_Games/miniRAID/Assets/Scripts/Backend/CombatSchedulerCoroutine/CombatSchedulerCoroutine.cs : 105 )
[8/8/2025 4:09:24 AM] new JumpIn at Combat ( /Users/betairylia/RP_Games/miniRAID/Assets/Scripts/Backend/CombatSchedulerCoroutine/CombatSchedulerCoroutine.cs : 105 )
[回合0] 00m 04s:  new JumpIn at Turn ( /Users/betairylia/RP_Games/miniRAID/Assets/Scripts/Backend/CombatSchedulerCoroutine/ActionBar/TurnSlices/TurnSliceSO.cs : 120 )
[8/8/2025 4:09:24 AM] new JumpIn at Turn ( /Users/betairylia/RP_Games/miniRAID/Assets/Scripts/Backend/CombatSchedulerCoroutine/ActionBar/TurnSlices/TurnSliceSO.cs : 120 )
[回合1] 00m 04s:  new JumpIn at Combat ( /Users/betairylia/RP_Games/miniRAID/Assets/Scripts/Backend/CombatSchedulerCoroutine/CombatSchedulerCoroutine.cs : 109 )
[8/8/2025 4:09:24 AM] new JumpIn at Combat ( /Users/betairylia/RP_Games/miniRAID/Assets/Scripts/Backend/CombatSchedulerCoroutine/CombatSchedulerCoroutine.cs : 109 )
[回合1] 00m 04s:  new JumpIn at Combat ( /Users/betairylia/RP_Games/miniRAID/Assets/Scripts/Backend/CombatSchedulerCoroutine/CombatSchedulerCoroutine.cs : 105 )
[8/8/2025 4:09:24 AM] new JumpIn at Combat ( /Users/betairylia/RP_Games/miniRAID/Assets/Scripts/Backend/CombatSchedulerCoroutine/CombatSchedulerCoroutine.cs : 105 )
[回合1] 00m 04s:  new JumpIn at Turn ( /Users/betairylia/RP_Games/miniRAID/Assets/Scripts/Backend/CombatSchedulerCoroutine/ActionBar/TurnSlices/TurnSliceSO.cs : 120 )
[8/8/2025 4:09:24 AM] new JumpIn at Turn ( /Users/betairylia/RP_Games/miniRAID/Assets/Scripts/Backend/CombatSchedulerCoroutine/ActionBar/TurnSlices/TurnSliceSO.cs : 120 )
[回合1] 00m 04s:  new JumpIn at Turn ( /Users/betairylia/RP_Games/miniRAID/Assets/Scripts/Backend/CombatSchedulerCoroutine/ActionBar/TurnSlices/PhaseTurnSliceSO.cs : 43 )
[8/8/2025 4:09:24 AM] new JumpIn at Turn ( /Users/betairylia/RP_Games/miniRAID/Assets/Scripts/Backend/CombatSchedulerCoroutine/ActionBar/TurnSlices/PhaseTurnSliceSO.cs : 43 )
[回合1] 00m 04s:  new JumpIn at WakeUpMobs ( /Users/betairylia/RP_Games/miniRAID/Assets/Scripts/Backend/CombatSchedulerCoroutine/ActionBar/TurnSlices/TurnSchedulerHelper.cs : 34 )
[8/8/2025 4:09:24 AM] new JumpIn at WakeUpMobs ( /Users/betairylia/RP_Games/miniRAID/Assets/Scripts/Backend/CombatSchedulerCoroutine/ActionBar/TurnSlices/TurnSchedulerHelper.cs : 34 )
[回合1] 00m 04s:  [SetActive] Necrozma: True
[8/8/2025 4:09:24 AM] [SetActive] Necrozma: True
[回合1] 00m 04s:  new JumpIn at SetActive ( /Users/betairylia/RP_Games/miniRAID/Assets/Scripts/Backend/MobData/MobData.cs : 443 )
[8/8/2025 4:09:24 AM] new JumpIn at SetActive ( /Users/betairylia/RP_Games/miniRAID/Assets/Scripts/Backend/MobData/MobData.cs : 443 )
[回合1] 00m 04s:  new JumpIn at Combat ( /Users/betairylia/RP_Games/miniRAID/Assets/Scripts/Backend/CombatSchedulerCoroutine/CombatSchedulerCoroutine.cs : 109 )
[8/8/2025 4:09:24 AM] new JumpIn at Combat ( /Users/betairylia/RP_Games/miniRAID/Assets/Scripts/Backend/CombatSchedulerCoroutine/CombatSchedulerCoroutine.cs : 109 )
[回合1] 00m 04s:  new JumpIn at Combat ( /Users/betairylia/RP_Games/miniRAID/Assets/Scripts/Backend/CombatSchedulerCoroutine/CombatSchedulerCoroutine.cs : 105 )
[8/8/2025 4:09:24 AM] new JumpIn at Combat ( /Users/betairylia/RP_Games/miniRAID/Assets/Scripts/Backend/CombatSchedulerCoroutine/CombatSchedulerCoroutine.cs : 105 )
[回合1] 00m 04s:  new JumpIn at Turn ( /Users/betairylia/RP_Games/miniRAID/Assets/Scripts/Backend/CombatSchedulerCoroutine/ActionBar/TurnSlices/TurnSliceSO.cs : 120 )
[8/8/2025 4:09:24 AM] new JumpIn at Turn ( /Users/betairylia/RP_Games/miniRAID/Assets/Scripts/Backend/CombatSchedulerCoroutine/ActionBar/TurnSlices/TurnSliceSO.cs : 120 )
[回合1] 00m 04s:  [csc] TURN START: Player
[8/8/2025 4:09:24 AM] [csc] TURN START: Player
[回合1] 00m 04s:  new JumpIn at Turn ( /Users/betairylia/RP_Games/miniRAID/Assets/Scripts/Backend/CombatSchedulerCoroutine/ActionBar/TurnSlices/CommonPlayerTurnSliceSO.cs : 47 )
[8/8/2025 4:09:24 AM] new JumpIn at Turn ( /Users/betairylia/RP_Games/miniRAID/Assets/Scripts/Backend/CombatSchedulerCoroutine/ActionBar/TurnSlices/CommonPlayerTurnSliceSO.cs : 47 )
[回合1] 00m 11s:  [csc-UI] Set actionToDo to non-null value
[8/8/2025 4:09:32 AM] [csc-UI] Set actionToDo to non-null value
[回合1] 00m 11s:  new JumpIn at UIWaitPlayerInput ( /Users/betairylia/RP_Games/miniRAID/Assets/Scripts/Backend/CombatSchedulerCoroutine/CombatSchedulerCoroutine.UI.cs : 52 )
[8/8/2025 4:09:32 AM] new JumpIn at UIWaitPlayerInput ( /Users/betairylia/RP_Games/miniRAID/Assets/Scripts/Backend/CombatSchedulerCoroutine/CombatSchedulerCoroutine.UI.cs : 52 )
[回合1] 00m 11s:  new JumpIn at UIPickedAction ( /Users/betairylia/RP_Games/miniRAID/Assets/Scripts/Backend/CombatSchedulerCoroutine/CombatSchedulerCoroutine.UI.cs : 71 )
[8/8/2025 4:09:32 AM] new JumpIn at UIPickedAction ( /Users/betairylia/RP_Games/miniRAID/Assets/Scripts/Backend/CombatSchedulerCoroutine/CombatSchedulerCoroutine.UI.cs : 71 )
[回合1] 00m 13s:  new JumpIn at UIPickedAction ( /Users/betairylia/RP_Games/miniRAID/Assets/Scripts/Backend/CombatSchedulerCoroutine/CombatSchedulerCoroutine.UI.cs : 74 )
[8/8/2025 4:09:33 AM] new JumpIn at UIPickedAction ( /Users/betairylia/RP_Games/miniRAID/Assets/Scripts/Backend/CombatSchedulerCoroutine/CombatSchedulerCoroutine.UI.cs : 74 )
[回合1] 00m 13s:  new JumpIn at WaitFor ( /Users/betairylia/RP_Games/miniRAID/Assets/Scripts/UI/GridUI.cs : 192 )
[8/8/2025 4:09:33 AM] new JumpIn at WaitFor ( /Users/betairylia/RP_Games/miniRAID/Assets/Scripts/UI/GridUI.cs : 192 )
[回合1] 00m 13s:  new JumpIn at UIMenuPostAction ( /Users/betairylia/RP_Games/miniRAID/Assets/Scripts/UI/States/UnitMenu.cs : 333 )
[8/8/2025 4:09:33 AM] new JumpIn at UIMenuPostAction ( /Users/betairylia/RP_Games/miniRAID/Assets/Scripts/UI/States/UnitMenu.cs : 333 )
[回合1] 00m 13s:  new JumpIn at AutoPass ( /Users/betairylia/RP_Games/miniRAID/Assets/Scripts/UI/States/UnitMenu.cs : 271 )
[8/8/2025 4:09:33 AM] new JumpIn at AutoPass ( /Users/betairylia/RP_Games/miniRAID/Assets/Scripts/UI/States/UnitMenu.cs : 271 )
[回合1] 00m 13s:  [csc-UI] Set actionToDo to NULL value
[8/8/2025 4:09:33 AM] [csc-UI] Set actionToDo to NULL value
[回合1] 00m 15s:  [csc-UI] Set actionToDo to non-null value
[8/8/2025 4:09:35 AM] [csc-UI] Set actionToDo to non-null value
[回合1] 00m 15s:  new JumpIn at UIWaitPlayerInput ( /Users/betairylia/RP_Games/miniRAID/Assets/Scripts/Backend/CombatSchedulerCoroutine/CombatSchedulerCoroutine.UI.cs : 52 )
[8/8/2025 4:09:35 AM] new JumpIn at UIWaitPlayerInput ( /Users/betairylia/RP_Games/miniRAID/Assets/Scripts/Backend/CombatSchedulerCoroutine/CombatSchedulerCoroutine.UI.cs : 52 )
[回合1] 00m 15s:  new JumpIn at UIPickedAction ( /Users/betairylia/RP_Games/miniRAID/Assets/Scripts/Backend/CombatSchedulerCoroutine/CombatSchedulerCoroutine.UI.cs : 71 )
[8/8/2025 4:09:35 AM] new JumpIn at UIPickedAction ( /Users/betairylia/RP_Games/miniRAID/Assets/Scripts/Backend/CombatSchedulerCoroutine/CombatSchedulerCoroutine.UI.cs : 71 )
[回合1] 00m 16s:  new JumpIn at UIPickedAction ( /Users/betairylia/RP_Games/miniRAID/Assets/Scripts/Backend/CombatSchedulerCoroutine/CombatSchedulerCoroutine.UI.cs : 74 )
[8/8/2025 4:09:36 AM] new JumpIn at UIPickedAction ( /Users/betairylia/RP_Games/miniRAID/Assets/Scripts/Backend/CombatSchedulerCoroutine/CombatSchedulerCoroutine.UI.cs : 74 )
[回合1] 00m 16s:  new JumpIn at WaitFor ( /Users/betairylia/RP_Games/miniRAID/Assets/Scripts/UI/GridUI.cs : 192 )
[8/8/2025 4:09:36 AM] new JumpIn at WaitFor ( /Users/betairylia/RP_Games/miniRAID/Assets/Scripts/UI/GridUI.cs : 192 )
[回合1] 00m 16s:  new JumpIn at UIMenuPostAction ( /Users/betairylia/RP_Games/miniRAID/Assets/Scripts/UI/States/UnitMenu.cs : 333 )
[8/8/2025 4:09:36 AM] new JumpIn at UIMenuPostAction ( /Users/betairylia/RP_Games/miniRAID/Assets/Scripts/UI/States/UnitMenu.cs : 333 )
[回合1] 00m 16s:  new JumpIn at AutoPass ( /Users/betairylia/RP_Games/miniRAID/Assets/Scripts/UI/States/UnitMenu.cs : 271 )
[8/8/2025 4:09:36 AM] new JumpIn at AutoPass ( /Users/betairylia/RP_Games/miniRAID/Assets/Scripts/UI/States/UnitMenu.cs : 271 )
[回合1] 00m 16s:  [csc-UI] Set actionToDo to NULL value
[8/8/2025 4:09:36 AM] [csc-UI] Set actionToDo to NULL value
[回合1] 00m 20s:  [csc-UI] Set actionToDo to non-null value
[8/8/2025 4:09:40 AM] [csc-UI] Set actionToDo to non-null value
[回合1] 00m 20s:  new JumpIn at UIWaitPlayerInput ( /Users/betairylia/RP_Games/miniRAID/Assets/Scripts/Backend/CombatSchedulerCoroutine/CombatSchedulerCoroutine.UI.cs : 52 )
[8/8/2025 4:09:40 AM] new JumpIn at UIWaitPlayerInput ( /Users/betairylia/RP_Games/miniRAID/Assets/Scripts/Backend/CombatSchedulerCoroutine/CombatSchedulerCoroutine.UI.cs : 52 )
[回合1] 00m 20s:  new JumpIn at UIPickedAction ( /Users/betairylia/RP_Games/miniRAID/Assets/Scripts/Backend/CombatSchedulerCoroutine/CombatSchedulerCoroutine.UI.cs : 71 )
[8/8/2025 4:09:40 AM] new JumpIn at UIPickedAction ( /Users/betairylia/RP_Games/miniRAID/Assets/Scripts/Backend/CombatSchedulerCoroutine/CombatSchedulerCoroutine.UI.cs : 71 )
[回合1] 00m 21s:  new JumpIn at UIPickedAction ( /Users/betairylia/RP_Games/miniRAID/Assets/Scripts/Backend/CombatSchedulerCoroutine/CombatSchedulerCoroutine.UI.cs : 74 )
[8/8/2025 4:09:41 AM] new JumpIn at UIPickedAction ( /Users/betairylia/RP_Games/miniRAID/Assets/Scripts/Backend/CombatSchedulerCoroutine/CombatSchedulerCoroutine.UI.cs : 74 )
[回合1] 00m 21s:  new JumpIn at WaitFor ( /Users/betairylia/RP_Games/miniRAID/Assets/Scripts/UI/GridUI.cs : 192 )
[8/8/2025 4:09:41 AM] new JumpIn at WaitFor ( /Users/betairylia/RP_Games/miniRAID/Assets/Scripts/UI/GridUI.cs : 192 )
[回合1] 00m 21s:  new JumpIn at UIMenuPostAction ( /Users/betairylia/RP_Games/miniRAID/Assets/Scripts/UI/States/UnitMenu.cs : 333 )
[8/8/2025 4:09:41 AM] new JumpIn at UIMenuPostAction ( /Users/betairylia/RP_Games/miniRAID/Assets/Scripts/UI/States/UnitMenu.cs : 333 )
[回合1] 00m 21s:  new JumpIn at AutoPass ( /Users/betairylia/RP_Games/miniRAID/Assets/Scripts/UI/States/UnitMenu.cs : 271 )
[8/8/2025 4:09:41 AM] new JumpIn at AutoPass ( /Users/betairylia/RP_Games/miniRAID/Assets/Scripts/UI/States/UnitMenu.cs : 271 )
[回合1] 00m 21s:  [csc-UI] Set actionToDo to NULL value
[8/8/2025 4:09:41 AM] [csc-UI] Set actionToDo to NULL value
[回合1] 00m 22s:  [csc-UI] Set actionToDo to non-null value
[8/8/2025 4:09:42 AM] [csc-UI] Set actionToDo to non-null value
[回合1] 00m 22s:  new JumpIn at UIWaitPlayerInput ( /Users/betairylia/RP_Games/miniRAID/Assets/Scripts/Backend/CombatSchedulerCoroutine/CombatSchedulerCoroutine.UI.cs : 52 )
[8/8/2025 4:09:42 AM] new JumpIn at UIWaitPlayerInput ( /Users/betairylia/RP_Games/miniRAID/Assets/Scripts/Backend/CombatSchedulerCoroutine/CombatSchedulerCoroutine.UI.cs : 52 )
[回合1] 00m 22s:  new JumpIn at UIPickedAction ( /Users/betairylia/RP_Games/miniRAID/Assets/Scripts/Backend/CombatSchedulerCoroutine/CombatSchedulerCoroutine.UI.cs : 71 )
[8/8/2025 4:09:42 AM] new JumpIn at UIPickedAction ( /Users/betairylia/RP_Games/miniRAID/Assets/Scripts/Backend/CombatSchedulerCoroutine/CombatSchedulerCoroutine.UI.cs : 71 )
[回合1] 00m 23s:  new JumpIn at RequestInUI ( /Users/betairylia/RP_Games/miniRAID/Assets/Scripts/Backend/SOCore/Action/ActionDataSO.cs : 635 )
[8/8/2025 4:09:43 AM] new JumpIn at RequestInUI ( /Users/betairylia/RP_Games/miniRAID/Assets/Scripts/Backend/SOCore/Action/ActionDataSO.cs : 635 )
[回合1] 00m 23s:  new JumpIn at _DoActionWrapper ( /Users/betairylia/RP_Games/miniRAID/Assets/Scripts/Backend/MobData/MobData.actions.cs : 247 )
[8/8/2025 4:09:43 AM] new JumpIn at _DoActionWrapper ( /Users/betairylia/RP_Games/miniRAID/Assets/Scripts/Backend/MobData/MobData.actions.cs : 247 )
[回合1] 00m 23s:  new JumpIn at ActionPrecheck ( /Users/betairylia/RP_Games/miniRAID/Assets/Scripts/Backend/MobData/MobData.actions.cs : 132 )
[8/8/2025 4:09:43 AM] new JumpIn at ActionPrecheck ( /Users/betairylia/RP_Games/miniRAID/Assets/Scripts/Backend/MobData/MobData.actions.cs : 132 )
[回合1] 00m 23s:  new JumpIn at _DoActionWrapper ( /Users/betairylia/RP_Games/miniRAID/Assets/Scripts/Backend/MobData/MobData.actions.cs : 262 )
[8/8/2025 4:09:43 AM] new JumpIn at _DoActionWrapper ( /Users/betairylia/RP_Games/miniRAID/Assets/Scripts/Backend/MobData/MobData.actions.cs : 262 )
[回合1] 00m 23s:  new JumpIn at ApplyCost ( /Users/betairylia/RP_Games/miniRAID/Assets/Scripts/Backend/MobData/MobData.actions.cs : 187 )
[8/8/2025 4:09:43 AM] new JumpIn at ApplyCost ( /Users/betairylia/RP_Games/miniRAID/Assets/Scripts/Backend/MobData/MobData.actions.cs : 187 )
[回合1] 00m 23s:  new JumpIn at InvokeCoroutine ( /Users/betairylia/RP_Games/miniRAID/Assets/Scripts/Backend/CombatSchedulerCoroutine/Essentials/MobEvent.cs : 148 )
[8/8/2025 4:09:43 AM] new JumpIn at InvokeCoroutine ( /Users/betairylia/RP_Games/miniRAID/Assets/Scripts/Backend/CombatSchedulerCoroutine/Essentials/MobEvent.cs : 148 )
[回合1] 00m 23s:  new JumpIn at _DoActionWrapper ( /Users/betairylia/RP_Games/miniRAID/Assets/Scripts/Backend/MobData/MobData.actions.cs : 262 )
[8/8/2025 4:09:43 AM] new JumpIn at _DoActionWrapper ( /Users/betairylia/RP_Games/miniRAID/Assets/Scripts/Backend/MobData/MobData.actions.cs : 262 )
[回合1] 00m 23s:  new JumpIn at ApplyCost ( /Users/betairylia/RP_Games/miniRAID/Assets/Scripts/Backend/MobData/MobData.actions.cs : 187 )
[8/8/2025 4:09:43 AM] new JumpIn at ApplyCost ( /Users/betairylia/RP_Games/miniRAID/Assets/Scripts/Backend/MobData/MobData.actions.cs : 187 )
[回合1] 00m 23s:  new JumpIn at InvokeCoroutine ( /Users/betairylia/RP_Games/miniRAID/Assets/Scripts/Backend/CombatSchedulerCoroutine/Essentials/MobEvent.cs : 148 )
[8/8/2025 4:09:43 AM] new JumpIn at InvokeCoroutine ( /Users/betairylia/RP_Games/miniRAID/Assets/Scripts/Backend/CombatSchedulerCoroutine/Essentials/MobEvent.cs : 148 )
[回合1] 00m 23s:  new JumpIn at _DoActionWrapper ( /Users/betairylia/RP_Games/miniRAID/Assets/Scripts/Backend/MobData/MobData.actions.cs : 262 )
[8/8/2025 4:09:43 AM] new JumpIn at _DoActionWrapper ( /Users/betairylia/RP_Games/miniRAID/Assets/Scripts/Backend/MobData/MobData.actions.cs : 262 )
[回合1] 00m 23s:  new JumpIn at ApplyCost ( /Users/betairylia/RP_Games/miniRAID/Assets/Scripts/Backend/MobData/MobData.actions.cs : 187 )
[8/8/2025 4:09:43 AM] new JumpIn at ApplyCost ( /Users/betairylia/RP_Games/miniRAID/Assets/Scripts/Backend/MobData/MobData.actions.cs : 187 )
[回合1] 00m 23s:  new JumpIn at InvokeCoroutine ( /Users/betairylia/RP_Games/miniRAID/Assets/Scripts/Backend/CombatSchedulerCoroutine/Essentials/MobEvent.cs : 148 )
[8/8/2025 4:09:43 AM] new JumpIn at InvokeCoroutine ( /Users/betairylia/RP_Games/miniRAID/Assets/Scripts/Backend/CombatSchedulerCoroutine/Essentials/MobEvent.cs : 148 )
[回合1] 00m 23s:  [DoAction] Necrozma attempts casting Blink towards (8, 0, 7)
[8/8/2025 4:09:43 AM] [DoAction] Necrozma attempts casting Blink towards (8, 0, 7)
[回合1] 00m 23s:  new JumpIn at _DoActionWrapper ( /Users/betairylia/RP_Games/miniRAID/Assets/Scripts/Backend/MobData/MobData.actions.cs : 273 )
[8/8/2025 4:09:43 AM] new JumpIn at _DoActionWrapper ( /Users/betairylia/RP_Games/miniRAID/Assets/Scripts/Backend/MobData/MobData.actions.cs : 273 )
[回合1] 00m 23s:  new JumpIn at ActionBegin ( /Users/betairylia/RP_Games/miniRAID/Assets/Scripts/Backend/MobData/MobData.actions.cs : 137 )
[8/8/2025 4:09:43 AM] new JumpIn at ActionBegin ( /Users/betairylia/RP_Games/miniRAID/Assets/Scripts/Backend/MobData/MobData.actions.cs : 137 )
[回合1] 00m 23s:  new JumpIn at _DoActionWrapper ( /Users/betairylia/RP_Games/miniRAID/Assets/Scripts/Backend/MobData/MobData.actions.cs : 274 )
[8/8/2025 4:09:43 AM] new JumpIn at _DoActionWrapper ( /Users/betairylia/RP_Games/miniRAID/Assets/Scripts/Backend/MobData/MobData.actions.cs : 274 )
[回合1] 00m 23s:  new JumpIn at _DoActionSpecific ( /Users/betairylia/RP_Games/miniRAID/Assets/Scripts/Backend/MobData/MobData.actions.cs : 282 )
[8/8/2025 4:09:43 AM] new JumpIn at _DoActionSpecific ( /Users/betairylia/RP_Games/miniRAID/Assets/Scripts/Backend/MobData/MobData.actions.cs : 282 )
[回合1] 00m 23s:  new JumpIn at Activate ( /Users/betairylia/RP_Games/miniRAID/Assets/Scripts/Backend/SOCore/Action/ActionDataSO.cs : 589 )
[8/8/2025 4:09:43 AM] new JumpIn at Activate ( /Users/betairylia/RP_Games/miniRAID/Assets/Scripts/Backend/SOCore/Action/ActionDataSO.cs : 589 )
[回合1] 00m 23s:  new JumpIn at Do ( /Users/betairylia/RP_Games/miniRAID/Assets/Scripts/Backend/SOCore/Action/ActionDataSO.cs : 579 )
[8/8/2025 4:09:43 AM] new JumpIn at Do ( /Users/betairylia/RP_Games/miniRAID/Assets/Scripts/Backend/SOCore/Action/ActionDataSO.cs : 579 )
[回合1] 00m 23s:  new JumpIn at _DoActionWrapper ( /Users/betairylia/RP_Games/miniRAID/Assets/Scripts/Backend/MobData/MobData.actions.cs : 275 )
[8/8/2025 4:09:43 AM] new JumpIn at _DoActionWrapper ( /Users/betairylia/RP_Games/miniRAID/Assets/Scripts/Backend/MobData/MobData.actions.cs : 275 )
[回合1] 00m 23s:  new JumpIn at ActionDone ( /Users/betairylia/RP_Games/miniRAID/Assets/Scripts/Backend/MobData/MobData.actions.cs : 142 )
[8/8/2025 4:09:43 AM] new JumpIn at ActionDone ( /Users/betairylia/RP_Games/miniRAID/Assets/Scripts/Backend/MobData/MobData.actions.cs : 142 )
[回合1] 00m 23s:  new JumpIn at InvokeCoroutine ( /Users/betairylia/RP_Games/miniRAID/Assets/Scripts/Backend/CombatSchedulerCoroutine/Essentials/MobEvent.cs : 148 )
[8/8/2025 4:09:43 AM] new JumpIn at InvokeCoroutine ( /Users/betairylia/RP_Games/miniRAID/Assets/Scripts/Backend/CombatSchedulerCoroutine/Essentials/MobEvent.cs : 148 )
[回合1] 00m 23s:  new JumpIn at InvokeCoroutine ( /Users/betairylia/RP_Games/miniRAID/Assets/Scripts/Backend/CombatSchedulerCoroutine/Essentials/MobEvent.cs : 148 )
[8/8/2025 4:09:43 AM] new JumpIn at InvokeCoroutine ( /Users/betairylia/RP_Games/miniRAID/Assets/Scripts/Backend/CombatSchedulerCoroutine/Essentials/MobEvent.cs : 148 )
[回合1] 00m 23s:  new JumpIn at InvokeCoroutine ( /Users/betairylia/RP_Games/miniRAID/Assets/Scripts/Backend/CombatSchedulerCoroutine/Essentials/MobEvent.cs : 148 )
[8/8/2025 4:09:43 AM] new JumpIn at InvokeCoroutine ( /Users/betairylia/RP_Games/miniRAID/Assets/Scripts/Backend/CombatSchedulerCoroutine/Essentials/MobEvent.cs : 148 )
[回合1] 00m 23s:  new JumpIn at GlobalActionPostcast ( /Users/betairylia/RP_Games/miniRAID/Assets/Scripts/Backend/Databackend.cs : 750 )
[8/8/2025 4:09:43 AM] new JumpIn at GlobalActionPostcast ( /Users/betairylia/RP_Games/miniRAID/Assets/Scripts/Backend/Databackend.cs : 750 )
[回合1] 00m 23s:  new JumpIn at UIPickedAction ( /Users/betairylia/RP_Games/miniRAID/Assets/Scripts/Backend/CombatSchedulerCoroutine/CombatSchedulerCoroutine.UI.cs : 74 )
[8/8/2025 4:09:43 AM] new JumpIn at UIPickedAction ( /Users/betairylia/RP_Games/miniRAID/Assets/Scripts/Backend/CombatSchedulerCoroutine/CombatSchedulerCoroutine.UI.cs : 74 )
[回合1] 00m 23s:  new JumpIn at WaitFor ( /Users/betairylia/RP_Games/miniRAID/Assets/Scripts/UI/GridUI.cs : 192 )
[8/8/2025 4:09:43 AM] new JumpIn at WaitFor ( /Users/betairylia/RP_Games/miniRAID/Assets/Scripts/UI/GridUI.cs : 192 )
[回合1] 00m 23s:  new JumpIn at UIMenuPostAction ( /Users/betairylia/RP_Games/miniRAID/Assets/Scripts/UI/States/UnitMenu.cs : 333 )
[8/8/2025 4:09:43 AM] new JumpIn at UIMenuPostAction ( /Users/betairylia/RP_Games/miniRAID/Assets/Scripts/UI/States/UnitMenu.cs : 333 )
[回合1] 00m 23s:  new JumpIn at AutoPass ( /Users/betairylia/RP_Games/miniRAID/Assets/Scripts/UI/States/UnitMenu.cs : 271 )
[8/8/2025 4:09:43 AM] new JumpIn at AutoPass ( /Users/betairylia/RP_Games/miniRAID/Assets/Scripts/UI/States/UnitMenu.cs : 271 )
[回合1] 00m 23s:  [csc-UI] Set actionToDo to NULL value
[8/8/2025 4:09:43 AM] [csc-UI] Set actionToDo to NULL value
[回合1] 00m 26s:  [csc-UI] Set actionToDo to non-null value
[8/8/2025 4:09:47 AM] [csc-UI] Set actionToDo to non-null value
[回合1] 00m 26s:  new JumpIn at UIWaitPlayerInput ( /Users/betairylia/RP_Games/miniRAID/Assets/Scripts/Backend/CombatSchedulerCoroutine/CombatSchedulerCoroutine.UI.cs : 52 )
[8/8/2025 4:09:47 AM] new JumpIn at UIWaitPlayerInput ( /Users/betairylia/RP_Games/miniRAID/Assets/Scripts/Backend/CombatSchedulerCoroutine/CombatSchedulerCoroutine.UI.cs : 52 )
[回合1] 00m 26s:  new JumpIn at UIPickedAction ( /Users/betairylia/RP_Games/miniRAID/Assets/Scripts/Backend/CombatSchedulerCoroutine/CombatSchedulerCoroutine.UI.cs : 71 )
[8/8/2025 4:09:47 AM] new JumpIn at UIPickedAction ( /Users/betairylia/RP_Games/miniRAID/Assets/Scripts/Backend/CombatSchedulerCoroutine/CombatSchedulerCoroutine.UI.cs : 71 )
[回合1] 00m 27s:  new JumpIn at UIPickedAction ( /Users/betairylia/RP_Games/miniRAID/Assets/Scripts/Backend/CombatSchedulerCoroutine/CombatSchedulerCoroutine.UI.cs : 74 )
[8/8/2025 4:09:47 AM] new JumpIn at UIPickedAction ( /Users/betairylia/RP_Games/miniRAID/Assets/Scripts/Backend/CombatSchedulerCoroutine/CombatSchedulerCoroutine.UI.cs : 74 )
[回合1] 00m 27s:  new JumpIn at WaitFor ( /Users/betairylia/RP_Games/miniRAID/Assets/Scripts/UI/GridUI.cs : 192 )
[8/8/2025 4:09:47 AM] new JumpIn at WaitFor ( /Users/betairylia/RP_Games/miniRAID/Assets/Scripts/UI/GridUI.cs : 192 )
[回合1] 00m 27s:  new JumpIn at UIMenuPostAction ( /Users/betairylia/RP_Games/miniRAID/Assets/Scripts/UI/States/UnitMenu.cs : 333 )
[8/8/2025 4:09:47 AM] new JumpIn at UIMenuPostAction ( /Users/betairylia/RP_Games/miniRAID/Assets/Scripts/UI/States/UnitMenu.cs : 333 )
[回合1] 00m 27s:  new JumpIn at AutoPass ( /Users/betairylia/RP_Games/miniRAID/Assets/Scripts/UI/States/UnitMenu.cs : 271 )
[8/8/2025 4:09:47 AM] new JumpIn at AutoPass ( /Users/betairylia/RP_Games/miniRAID/Assets/Scripts/UI/States/UnitMenu.cs : 271 )
[回合1] 00m 27s:  [csc-UI] Set actionToDo to NULL value
[8/8/2025 4:09:47 AM] [csc-UI] Set actionToDo to NULL value
[回合1] 00m 28s:  [csc-UI] Set actionToDo to non-null value
[8/8/2025 4:09:48 AM] [csc-UI] Set actionToDo to non-null value
[回合1] 00m 28s:  new JumpIn at UIWaitPlayerInput ( /Users/betairylia/RP_Games/miniRAID/Assets/Scripts/Backend/CombatSchedulerCoroutine/CombatSchedulerCoroutine.UI.cs : 52 )
[8/8/2025 4:09:48 AM] new JumpIn at UIWaitPlayerInput ( /Users/betairylia/RP_Games/miniRAID/Assets/Scripts/Backend/CombatSchedulerCoroutine/CombatSchedulerCoroutine.UI.cs : 52 )
[回合1] 00m 28s:  new JumpIn at UIPickedAction ( /Users/betairylia/RP_Games/miniRAID/Assets/Scripts/Backend/CombatSchedulerCoroutine/CombatSchedulerCoroutine.UI.cs : 71 )
[8/8/2025 4:09:48 AM] new JumpIn at UIPickedAction ( /Users/betairylia/RP_Games/miniRAID/Assets/Scripts/Backend/CombatSchedulerCoroutine/CombatSchedulerCoroutine.UI.cs : 71 )
[回合1] 00m 30s:  new JumpIn at RequestInUI ( /Users/betairylia/RP_Games/miniRAID/Assets/Scripts/Backend/SOCore/Action/ActionDataSO.cs : 635 )
[8/8/2025 4:09:50 AM] new JumpIn at RequestInUI ( /Users/betairylia/RP_Games/miniRAID/Assets/Scripts/Backend/SOCore/Action/ActionDataSO.cs : 635 )
[回合1] 00m 30s:  new JumpIn at _DoActionWrapper ( /Users/betairylia/RP_Games/miniRAID/Assets/Scripts/Backend/MobData/MobData.actions.cs : 247 )
[8/8/2025 4:09:50 AM] new JumpIn at _DoActionWrapper ( /Users/betairylia/RP_Games/miniRAID/Assets/Scripts/Backend/MobData/MobData.actions.cs : 247 )
[回合1] 00m 30s:  new JumpIn at ActionPrecheck ( /Users/betairylia/RP_Games/miniRAID/Assets/Scripts/Backend/MobData/MobData.actions.cs : 132 )
[8/8/2025 4:09:50 AM] new JumpIn at ActionPrecheck ( /Users/betairylia/RP_Games/miniRAID/Assets/Scripts/Backend/MobData/MobData.actions.cs : 132 )
[回合1] 00m 30s:  [DoAction] Necrozma attempts casting Movement towards (12, 0, 4)
[8/8/2025 4:09:50 AM] [DoAction] Necrozma attempts casting Movement towards (12, 0, 4)
[回合1] 00m 30s:  new JumpIn at _DoActionWrapper ( /Users/betairylia/RP_Games/miniRAID/Assets/Scripts/Backend/MobData/MobData.actions.cs : 273 )
[8/8/2025 4:09:50 AM] new JumpIn at _DoActionWrapper ( /Users/betairylia/RP_Games/miniRAID/Assets/Scripts/Backend/MobData/MobData.actions.cs : 273 )
[回合1] 00m 30s:  new JumpIn at ActionBegin ( /Users/betairylia/RP_Games/miniRAID/Assets/Scripts/Backend/MobData/MobData.actions.cs : 137 )
[8/8/2025 4:09:50 AM] new JumpIn at ActionBegin ( /Users/betairylia/RP_Games/miniRAID/Assets/Scripts/Backend/MobData/MobData.actions.cs : 137 )
[回合1] 00m 30s:  new JumpIn at _DoActionWrapper ( /Users/betairylia/RP_Games/miniRAID/Assets/Scripts/Backend/MobData/MobData.actions.cs : 274 )
[8/8/2025 4:09:50 AM] new JumpIn at _DoActionWrapper ( /Users/betairylia/RP_Games/miniRAID/Assets/Scripts/Backend/MobData/MobData.actions.cs : 274 )
[回合1] 00m 30s:  new JumpIn at _DoActionSpecific ( /Users/betairylia/RP_Games/miniRAID/Assets/Scripts/Backend/MobData/MobData.actions.cs : 282 )
[8/8/2025 4:09:50 AM] new JumpIn at _DoActionSpecific ( /Users/betairylia/RP_Games/miniRAID/Assets/Scripts/Backend/MobData/MobData.actions.cs : 282 )
[回合1] 00m 30s:  new JumpIn at Activate ( /Users/betairylia/RP_Games/miniRAID/Assets/Scripts/Backend/SOCore/Action/ActionDataSO.cs : 589 )
[8/8/2025 4:09:50 AM] new JumpIn at Activate ( /Users/betairylia/RP_Games/miniRAID/Assets/Scripts/Backend/SOCore/Action/ActionDataSO.cs : 589 )
[回合1] 00m 30s:  new JumpIn at Do ( /Users/betairylia/RP_Games/miniRAID/Assets/Scripts/Backend/SOCore/Action/ActionDataSO.cs : 579 )
[8/8/2025 4:09:50 AM] new JumpIn at Do ( /Users/betairylia/RP_Games/miniRAID/Assets/Scripts/Backend/SOCore/Action/ActionDataSO.cs : 579 )
[回合1] 00m 30s:  new JumpIn at OnPerform ( /Users/betairylia/RP_Games/miniRAID/Assets/Scripts/Spells/Movement.cs : 12 )
[8/8/2025 4:09:50 AM] new JumpIn at OnPerform ( /Users/betairylia/RP_Games/miniRAID/Assets/Scripts/Spells/Movement.cs : 12 )
[回合1] 00m 30s:  new JumpIn at _DoActionWrapper ( /Users/betairylia/RP_Games/miniRAID/Assets/Scripts/Backend/MobData/MobData.actions.cs : 275 )
[8/8/2025 4:09:50 AM] new JumpIn at _DoActionWrapper ( /Users/betairylia/RP_Games/miniRAID/Assets/Scripts/Backend/MobData/MobData.actions.cs : 275 )
[回合1] 00m 30s:  new JumpIn at ActionDone ( /Users/betairylia/RP_Games/miniRAID/Assets/Scripts/Backend/MobData/MobData.actions.cs : 142 )
[8/8/2025 4:09:50 AM] new JumpIn at ActionDone ( /Users/betairylia/RP_Games/miniRAID/Assets/Scripts/Backend/MobData/MobData.actions.cs : 142 )
[回合1] 00m 30s:  new JumpIn at InvokeCoroutine ( /Users/betairylia/RP_Games/miniRAID/Assets/Scripts/Backend/CombatSchedulerCoroutine/Essentials/MobEvent.cs : 148 )
[8/8/2025 4:09:50 AM] new JumpIn at InvokeCoroutine ( /Users/betairylia/RP_Games/miniRAID/Assets/Scripts/Backend/CombatSchedulerCoroutine/Essentials/MobEvent.cs : 148 )
[回合1] 00m 30s:  new JumpIn at InvokeCoroutine ( /Users/betairylia/RP_Games/miniRAID/Assets/Scripts/Backend/CombatSchedulerCoroutine/Essentials/MobEvent.cs : 148 )
[8/8/2025 4:09:50 AM] new JumpIn at InvokeCoroutine ( /Users/betairylia/RP_Games/miniRAID/Assets/Scripts/Backend/CombatSchedulerCoroutine/Essentials/MobEvent.cs : 148 )
[回合1] 00m 30s:  new JumpIn at InvokeCoroutine ( /Users/betairylia/RP_Games/miniRAID/Assets/Scripts/Backend/CombatSchedulerCoroutine/Essentials/MobEvent.cs : 148 )
[8/8/2025 4:09:50 AM] new JumpIn at InvokeCoroutine ( /Users/betairylia/RP_Games/miniRAID/Assets/Scripts/Backend/CombatSchedulerCoroutine/Essentials/MobEvent.cs : 148 )
[回合1] 00m 30s:  new JumpIn at GlobalActionPostcast ( /Users/betairylia/RP_Games/miniRAID/Assets/Scripts/Backend/Databackend.cs : 750 )
[8/8/2025 4:09:50 AM] new JumpIn at GlobalActionPostcast ( /Users/betairylia/RP_Games/miniRAID/Assets/Scripts/Backend/Databackend.cs : 750 )
[回合1] 00m 30s:  new JumpIn at UIPickedAction ( /Users/betairylia/RP_Games/miniRAID/Assets/Scripts/Backend/CombatSchedulerCoroutine/CombatSchedulerCoroutine.UI.cs : 74 )
[8/8/2025 4:09:50 AM] new JumpIn at UIPickedAction ( /Users/betairylia/RP_Games/miniRAID/Assets/Scripts/Backend/CombatSchedulerCoroutine/CombatSchedulerCoroutine.UI.cs : 74 )
[回合1] 00m 30s:  new JumpIn at WaitFor ( /Users/betairylia/RP_Games/miniRAID/Assets/Scripts/UI/GridUI.cs : 192 )
[8/8/2025 4:09:50 AM] new JumpIn at WaitFor ( /Users/betairylia/RP_Games/miniRAID/Assets/Scripts/UI/GridUI.cs : 192 )
[回合1] 00m 30s:  new JumpIn at UIMenuPostAction ( /Users/betairylia/RP_Games/miniRAID/Assets/Scripts/UI/States/UnitMenu.cs : 333 )
[8/8/2025 4:09:50 AM] new JumpIn at UIMenuPostAction ( /Users/betairylia/RP_Games/miniRAID/Assets/Scripts/UI/States/UnitMenu.cs : 333 )
[回合1] 00m 30s:  new JumpIn at AutoPass ( /Users/betairylia/RP_Games/miniRAID/Assets/Scripts/UI/States/UnitMenu.cs : 271 )
[8/8/2025 4:09:50 AM] new JumpIn at AutoPass ( /Users/betairylia/RP_Games/miniRAID/Assets/Scripts/UI/States/UnitMenu.cs : 271 )
[回合1] 00m 30s:  [csc-UI] Set actionToDo to NULL value
[8/8/2025 4:09:50 AM] [csc-UI] Set actionToDo to NULL value
