- Start of debug log -
[2024/6/14 19:48:10] AWAKE
[回合0] 00m 05s:  Umiko 获得了来自 Umiko 的 生命之歌
[2024/6/14 19:48:13] Umiko 获得了来自 Umiko 的 生命之歌
[回合0] 00m 05s:  Gaceon 获得了来自 Gaceon 的 治疗者
[2024/6/14 19:48:13] Gaceon 获得了来自 Gaceon 的 治疗者
[回合0] 00m 05s:  Archer3 获得了来自 Archer3 的 攻击者
[2024/6/14 19:48:13] Archer3 获得了来自 Archer3 的 攻击者
[回合0] 00m 05s:  Astrologer 获得了来自 Astrologer 的 流星
[2024/6/14 19:48:13] Astrologer 获得了来自 Astrologer 的 流星
[回合0] 00m 05s:  Astrologer 获得了来自 Astrologer 的 星能转化
[2024/6/14 19:48:13] Astrologer 获得了来自 Astrologer 的 星能转化
[回合0] 00m 05s:  Lilium 获得了来自 Lilium 的 防卫者
[2024/6/14 19:48:13] Lilium 获得了来自 Lilium 的 防卫者
[回合0] 00m 05s:  Felivol 获得了来自 Felivol 的 防卫者
[2024/6/14 19:48:13] Felivol 获得了来自 Felivol 的 防卫者
[回合0] 00m 05s:  Felivol 获得了来自 Felivol 的 旅者
[2024/6/14 19:48:13] Felivol 获得了来自 Felivol 的 旅者
[回合0] 00m 05s:  Felivol 获得了来自 Felivol 的 聆听神谕
[2024/6/14 19:48:13] Felivol 获得了来自 Felivol 的 聆听神谕
[回合0] 00m 05s:  Felivol 获得了来自 Felivol 的 祝福之光
[2024/6/14 19:48:13] Felivol 获得了来自 Felivol 的 祝福之光
[回合0] 00m 05s:  Felivol 获得了来自 Felivol 的 防御蓄能
[2024/6/14 19:48:13] Felivol 获得了来自 Felivol 的 防御蓄能
[回合1] 00m 06s:  回合1
[2024/6/14 19:48:15] 回合1
[回合1] 00m 14s:  Astrologer 施放了 星光超流, 目标：BossMu
[2024/6/14 19:48:22] Astrologer 施放了 星光超流, 目标：BossMu
[回合1] 00m 15s:  Astrologer 的 星光超流 对 BossMu 造成了 27 点 Light 伤害。生命值：1633
[2024/6/14 19:48:23] Astrologer 的 星光超流 对 BossMu 造成了 27 点 Light 伤害。生命值：1633
[回合1] 00m 15s:  BossMu 获得了来自 Astrologer 的 繁星道标
[2024/6/14 19:48:23] BossMu 获得了来自 Astrologer 的 繁星道标
[回合1] 00m 16s:  Astrologer 施放了 彗星箭, 目标：BossMu
[2024/6/14 19:48:25] Astrologer 施放了 彗星箭, 目标：BossMu
[回合1] 00m 17s:  Astrologer 的 彗星箭 对 BossMu 造成了 32 点 Ice 伤害。生命值：1601
[2024/6/14 19:48:26] Astrologer 的 彗星箭 对 BossMu 造成了 32 点 Ice 伤害。生命值：1601
[回合1] 00m 20s:  Felivol 施放了 移动, 目标：(12, 0, 6)
[2024/6/14 19:48:29] Felivol 施放了 移动, 目标：(12, 0, 6)
[回合1] 00m 21s:  Felivol 的 旅者 对 Felivol 造成了 0 点 Heal 。生命值：132
[2024/6/14 19:48:29] Felivol 的 旅者 对 Felivol 造成了 0 点 Heal 。生命值：132
[回合1] 00m 21s:  Felivol 的 旅者 对 Felivol 造成了 0 点 Heal 。生命值：132
[2024/6/14 19:48:30] Felivol 的 旅者 对 Felivol 造成了 0 点 Heal 。生命值：132
[回合1] 00m 22s:  Felivol 的 旅者 对 Felivol 造成了 0 点 Heal 。生命值：132
[2024/6/14 19:48:30] Felivol 的 旅者 对 Felivol 造成了 0 点 Heal 。生命值：132
[回合1] 00m 23s:  Felivol 施放了 斩击, 目标：BossMu
[2024/6/14 19:48:31] Felivol 施放了 斩击, 目标：BossMu
[回合1] 00m 24s:  Felivol 的 斩击 对 BossMu 造成了 24 点 Slash 伤害。生命值：1577
[2024/6/14 19:48:32] Felivol 的 斩击 对 BossMu 造成了 24 点 Slash 伤害。生命值：1577
[回合1] 00m 25s:  Felivol 失去了来自 Felivol 的 祝福之光
[2024/6/14 19:48:34] Felivol 失去了来自 Felivol 的 祝福之光
[回合1] 00m 25s:  Felivol 施放了 圣祝：裁决重锤, 目标：BossMu
[2024/6/14 19:48:34] Felivol 施放了 圣祝：裁决重锤, 目标：BossMu
[回合1] 00m 26s:  Felivol 的 圣祝：裁决重锤 对 BossMu 造成了 30 点 Knock 伤害。生命值：1547
[2024/6/14 19:48:34] Felivol 的 圣祝：裁决重锤 对 BossMu 造成了 30 点 Knock 伤害。生命值：1547
[回合1] 00m 28s:  Felivol 施放了 蓄力斩, 目标：West
[2024/6/14 19:48:37] Felivol 施放了 蓄力斩, 目标：West
[回合1] 00m 28s:  Felivol 施放了 祈祷：战地祷告, 目标：Felivol
[2024/6/14 19:48:37] Felivol 施放了 祈祷：战地祷告, 目标：Felivol
[回合1] 00m 30s:  Felivol 的 祈祷：战地祷告 对 Felivol 造成了 0 点 Heal 。生命值：132
[2024/6/14 19:48:38] Felivol 的 祈祷：战地祷告 对 Felivol 造成了 0 点 Heal 。生命值：132
[回合1] 00m 30s:  Felivol 获得了来自 Felivol 的 祝福之光
[2024/6/14 19:48:38] Felivol 获得了来自 Felivol 的 祝福之光
[回合1] 00m 37s:  Archer3 施放了 疾飞之箭, 目标：BossMu
[2024/6/14 19:48:45] Archer3 施放了 疾飞之箭, 目标：BossMu
[回合1] 00m 38s:  Archer3 的 疾飞之箭 对 BossMu 造成了 38 点 Pierce 伤害（暴击）。生命值：1509
[2024/6/14 19:48:46] Archer3 的 疾飞之箭 对 BossMu 造成了 38 点 Pierce 伤害（暴击）。生命值：1509
[回合1] 00m 38s:  BossMu 获得了来自 Archer3 的 出血
[2024/6/14 19:48:46] BossMu 获得了来自 Archer3 的 出血
[回合1] 00m 40s:  Archer3 的 出血 对 BossMu 造成了 3 点 Pierce 伤害。生命值：1506
[2024/6/14 19:48:48] Archer3 的 出血 对 BossMu 造成了 3 点 Pierce 伤害。生命值：1506
[回合1] 00m 43s:  Umiko 施放了 移动, 目标：(10, 0, 10)
[2024/6/14 19:48:51] Umiko 施放了 移动, 目标：(10, 0, 10)
[回合1] 00m 43s:  Gaceon 获得了来自 Umiko 的 生命之歌
[2024/6/14 19:48:52] Gaceon 获得了来自 Umiko 的 生命之歌
[回合1] 00m 43s:  Lilium 获得了来自 Umiko 的 生命之歌
[2024/6/14 19:48:52] Lilium 获得了来自 Umiko 的 生命之歌
[回合1] 00m 44s:  Umiko 施放了 水泡, 目标：BossMu
[2024/6/14 19:48:53] Umiko 施放了 水泡, 目标：BossMu
[回合1] 00m 46s:  Umiko 的 水泡 对 BossMu 造成了 11 点 Water 伤害。生命值：1495
[2024/6/14 19:48:54] Umiko 的 水泡 对 BossMu 造成了 11 点 Water 伤害。生命值：1495
[回合1] 00m 46s:  Felivol 获得了来自 Umiko 的 水泡护盾
[2024/6/14 19:48:54] Felivol 获得了来自 Umiko 的 水泡护盾
[回合1] 00m 47s:  Archer3 的 出血 对 BossMu 造成了 3 点 Pierce 伤害。生命值：1492
[2024/6/14 19:48:55] Archer3 的 出血 对 BossMu 造成了 3 点 Pierce 伤害。生命值：1492
[回合1] 00m 49s:  Umiko 施放了 水泡, 目标：BossMu
[2024/6/14 19:48:57] Umiko 施放了 水泡, 目标：BossMu
[回合1] 00m 50s:  Umiko 的 水泡 对 BossMu 造成了 11 点 Water 伤害。生命值：1481
[2024/6/14 19:48:58] Umiko 的 水泡 对 BossMu 造成了 11 点 Water 伤害。生命值：1481
[回合1] 00m 50s:  Felivol 重新获得了来自 Umiko 的 水泡护盾
[2024/6/14 19:48:58] Felivol 重新获得了来自 Umiko 的 水泡护盾
[回合1] 00m 50s:  Flora 施放了 栽培, 目标：Lilium
[2024/6/14 19:48:58] Flora 施放了 栽培, 目标：Lilium
[回合1] 00m 50s:  Lilium 获得了来自 Flora 的 栽培
[2024/6/14 19:48:59] Lilium 获得了来自 Flora 的 栽培
[回合1] 00m 51s:  BossMu 施放了 小史莱姆标记, 目标：BossMu
[2024/6/14 19:49:00] BossMu 施放了 小史莱姆标记, 目标：BossMu
[回合1] 00m 52s:  Astrologer 获得了来自 BossMu 的 锁定
[2024/6/14 19:49:00] Astrologer 获得了来自 BossMu 的 锁定
[回合1] 00m 52s:  BossMu 施放了 史莱姆攻击, 目标：Felivol
[2024/6/14 19:49:00] BossMu 施放了 史莱姆攻击, 目标：Felivol
[回合1] 00m 53s:  BossMu 的 史莱姆攻击 对 Felivol 造成了 23 点 Knock 伤害。生命值：109
[2024/6/14 19:49:01] BossMu 的 史莱姆攻击 对 Felivol 造成了 23 点 Knock 伤害。生命值：109
[回合1] 00m 54s:  Felivol 施放了 蓄力斩, 目标：West
[2024/6/14 19:49:02] Felivol 施放了 蓄力斩, 目标：West
[回合1] 00m 55s:  Felivol 的 蓄力斩 对 BossMu 造成了 31 点 Slash 伤害。生命值：1450
[2024/6/14 19:49:03] Felivol 的 蓄力斩 对 BossMu 造成了 31 点 Slash 伤害。生命值：1450
[回合2] 00m 55s:  回合2
[2024/6/14 19:49:03] 回合2
[回合2] 00m 57s:  Felivol 施放了 移动, 目标：(12, 0, 7)
[2024/6/14 19:49:05] Felivol 施放了 移动, 目标：(12, 0, 7)
[回合2] 00m 58s:  Felivol 的 旅者 对 Felivol 造成了 2 点 Heal 。生命值：111
[2024/6/14 19:49:06] Felivol 的 旅者 对 Felivol 造成了 2 点 Heal 。生命值：111
[回合2] 00m 58s:  Felivol 获得了来自 Umiko 的 生命之歌
[2024/6/14 19:49:06] Felivol 获得了来自 Umiko 的 生命之歌
[回合2] 00m 59s:  Felivol 施放了 斩击, 目标：BossMu
[2024/6/14 19:49:08] Felivol 施放了 斩击, 目标：BossMu
[回合2] 01m 00s:  Felivol 的 斩击 对 BossMu 造成了 24 点 Slash 伤害。生命值：1426
[2024/6/14 19:49:08] Felivol 的 斩击 对 BossMu 造成了 24 点 Slash 伤害。生命值：1426
[回合2] 01m 02s:  Flora 的 栽培 对 Lilium 造成了 0 点 Heal 。生命值：114
[2024/6/14 19:49:10] Flora 的 栽培 对 Lilium 造成了 0 点 Heal 。生命值：114
[回合2] 01m 02s:  Archer3 的 出血 对 BossMu 造成了 3 点 Pierce 伤害。生命值：1423
[2024/6/14 19:49:10] Archer3 的 出血 对 BossMu 造成了 3 点 Pierce 伤害。生命值：1423
[回合2] 01m 02s:  BossMu 施放了 BAD_STRING, 目标：East
[2024/6/14 19:49:10] BossMu 施放了 BAD_STRING, 目标：East
[回合2] 01m 02s:  BossMu 的 BAD_STRING 对 Felivol 造成了 28 点 Nature 伤害。生命值：83
[2024/6/14 19:49:11] BossMu 的 BAD_STRING 对 Felivol 造成了 28 点 Nature 伤害。生命值：83
[回合2] 01m 02s:  Felivol 获得了来自 BossMu 的 BAD_STRING
[2024/6/14 19:49:11] Felivol 获得了来自 BossMu 的 BAD_STRING
[回合2] 01m 09s:  Lilium 施放了 移动, 目标：(10, 0, 7)
[2024/6/14 19:49:17] Lilium 施放了 移动, 目标：(10, 0, 7)
[回合2] 01m 11s:  Lilium 施放了 攻击, 目标：BossMu
[2024/6/14 19:49:19] Lilium 施放了 攻击, 目标：BossMu
[回合2] 01m 12s:  Lilium 的 攻击 对 BossMu 造成了 18 点 Knock 伤害。生命值：1405
[2024/6/14 19:49:20] Lilium 的 攻击 对 BossMu 造成了 18 点 Knock 伤害。生命值：1405
[回合2] 01m 12s:  Lilium 施放了 攻击, 目标：BossMu
[2024/6/14 19:49:20] Lilium 施放了 攻击, 目标：BossMu
[回合2] 01m 13s:  Lilium 的 攻击 对 BossMu 造成了 18 点 Knock 伤害。生命值：1387
[2024/6/14 19:49:21] Lilium 的 攻击 对 BossMu 造成了 18 点 Knock 伤害。生命值：1387
[回合2] 01m 13s:  Flora 的 栽培 对 Lilium 造成了 0 点 Heal 。生命值：114
[2024/6/14 19:49:22] Flora 的 栽培 对 Lilium 造成了 0 点 Heal 。生命值：114
[回合2] 01m 14s:  Archer3 的 出血 对 BossMu 造成了 3 点 Pierce 伤害。生命值：1384
[2024/6/14 19:49:22] Archer3 的 出血 对 BossMu 造成了 3 点 Pierce 伤害。生命值：1384
[回合2] 01m 16s:  Astrologer 施放了 星光超流, 目标：BossMu
[2024/6/14 19:49:24] Astrologer 施放了 星光超流, 目标：BossMu
[回合2] 01m 17s:  Astrologer 的 星光超流 对 BossMu 造成了 27 点 Light 伤害。生命值：1357
[2024/6/14 19:49:26] Astrologer 的 星光超流 对 BossMu 造成了 27 点 Light 伤害。生命值：1357
[回合2] 01m 18s:  Astrologer 的 繁星道标 对 BossMu 造成了 17 点 Light 伤害。生命值：1340
[2024/6/14 19:49:26] Astrologer 的 繁星道标 对 BossMu 造成了 17 点 Light 伤害。生命值：1340
[回合2] 01m 18s:  BossMu 重新获得了来自 Astrologer 的 繁星道标
[2024/6/14 19:49:26] BossMu 重新获得了来自 Astrologer 的 繁星道标
[回合2] 01m 24s:  Flora 的 栽培 对 Lilium 造成了 0 点 Heal 。生命值：114
[2024/6/14 19:49:32] Flora 的 栽培 对 Lilium 造成了 0 点 Heal 。生命值：114
[回合2] 01m 24s:  Archer3 的 出血 对 BossMu 造成了 3 点 Pierce 伤害。生命值：1337
[2024/6/14 19:49:32] Archer3 的 出血 对 BossMu 造成了 3 点 Pierce 伤害。生命值：1337
[回合2] 01m 30s:  Gaceon 施放了 移动, 目标：(8, 0, 8)
[2024/6/14 19:49:39] Gaceon 施放了 移动, 目标：(8, 0, 8)
[回合2] 01m 32s:  Gaceon 施放了 彗星箭, 目标：BossMu
[2024/6/14 19:49:41] Gaceon 施放了 彗星箭, 目标：BossMu
[回合2] 01m 33s:  Gaceon 的 彗星箭 对 BossMu 造成了 14 点 Ice 伤害。生命值：1323
[2024/6/14 19:49:41] Gaceon 的 彗星箭 对 BossMu 造成了 14 点 Ice 伤害。生命值：1323
[回合2] 01m 34s:  Gaceon 施放了 彗星箭, 目标：BossMu
[2024/6/14 19:49:42] Gaceon 施放了 彗星箭, 目标：BossMu
[回合2] 01m 35s:  Gaceon 的 彗星箭 对 BossMu 造成了 14 点 Ice 伤害。生命值：1309
[2024/6/14 19:49:43] Gaceon 的 彗星箭 对 BossMu 造成了 14 点 Ice 伤害。生命值：1309
[回合2] 01m 36s:  Flora 的 栽培 对 Lilium 造成了 0 点 Heal 。生命值：114
[2024/6/14 19:49:44] Flora 的 栽培 对 Lilium 造成了 0 点 Heal 。生命值：114
[回合2] 01m 36s:  Archer3 的 出血 对 BossMu 造成了 3 点 Pierce 伤害。生命值：1306
[2024/6/14 19:49:44] Archer3 的 出血 对 BossMu 造成了 3 点 Pierce 伤害。生命值：1306
[回合2] 01m 38s:  Umiko 施放了 水泡, 目标：BossMu
[2024/6/14 19:49:46] Umiko 施放了 水泡, 目标：BossMu
[回合2] 01m 39s:  Umiko 的 水泡 对 BossMu 造成了 22 点 Water 伤害（暴击）。生命值：1284
[2024/6/14 19:49:47] Umiko 的 水泡 对 BossMu 造成了 22 点 Water 伤害（暴击）。生命值：1284
[回合2] 01m 39s:  Felivol 重新获得了来自 Umiko 的 水泡护盾
[2024/6/14 19:49:47] Felivol 重新获得了来自 Umiko 的 水泡护盾
[回合2] 01m 39s:  Lilium 获得了来自 Umiko 的 水泡护盾
[2024/6/14 19:49:47] Lilium 获得了来自 Umiko 的 水泡护盾
[回合2] 01m 39s:  Gaceon 施放了 治疗链, 目标：Felivol
[2024/6/14 19:49:47] Gaceon 施放了 治疗链, 目标：Felivol
[回合2] 01m 39s:  Gaceon 的 治疗链 对 Felivol 造成了 26 点 Heal 。生命值：109
[2024/6/14 19:49:47] Gaceon 的 治疗链 对 Felivol 造成了 26 点 Heal 。生命值：109
[回合2] 01m 39s:  Gaceon 的 治疗链 对 Lilium 造成了 0 点 Heal 。生命值：114
[2024/6/14 19:49:47] Gaceon 的 治疗链 对 Lilium 造成了 0 点 Heal 。生命值：114
[回合2] 01m 39s:  Gaceon 的 治疗链 对 Felivol 造成了 13 点 Heal 。生命值：122
[2024/6/14 19:49:48] Gaceon 的 治疗链 对 Felivol 造成了 13 点 Heal 。生命值：122
[回合2] 01m 40s:  Flora 施放了 栽培, 目标：Gaceon
[2024/6/14 19:49:48] Flora 施放了 栽培, 目标：Gaceon
[回合2] 01m 41s:  Gaceon 获得了来自 Flora 的 栽培
[2024/6/14 19:49:49] Gaceon 获得了来自 Flora 的 栽培
[回合2] 01m 41s:  Lilium 施放了 攻击, 目标：BossMu
[2024/6/14 19:49:49] Lilium 施放了 攻击, 目标：BossMu
[回合2] 01m 42s:  Lilium 的 攻击 对 BossMu 造成了 36 点 Knock 伤害（暴击）。生命值：1248
[2024/6/14 19:49:50] Lilium 的 攻击 对 BossMu 造成了 36 点 Knock 伤害（暴击）。生命值：1248
[回合2] 01m 42s:  Felivol 施放了 斩击, 目标：BossMu
[2024/6/14 19:49:50] Felivol 施放了 斩击, 目标：BossMu
[回合2] 01m 42s:  Felivol 的 斩击 对 BossMu 造成了 24 点 Slash 伤害。生命值：1224
[2024/6/14 19:49:50] Felivol 的 斩击 对 BossMu 造成了 24 点 Slash 伤害。生命值：1224
[回合2] 01m 43s:  BossMu 施放了 小史莱姆投掷, 目标：BossMu
[2024/6/14 19:49:51] BossMu 施放了 小史莱姆投掷, 目标：BossMu
[回合2] 01m 45s:  BossMu 的 小史莱姆投掷 对 Astrologer 造成了 20 点 Nature 伤害。生命值：70
[2024/6/14 19:49:53] BossMu 的 小史莱姆投掷 对 Astrologer 造成了 20 点 Nature 伤害。生命值：70
[回合2] 01m 45s:  Astrologer 失去了来自 BossMu 的 锁定
[2024/6/14 19:49:53] Astrologer 失去了来自 BossMu 的 锁定
[回合2] 01m 45s:  SmallMu(Clone) 获得了来自 SmallMu(Clone) 的 死亡爆裂 [0]
[2024/6/14 19:49:53] SmallMu(Clone) 获得了来自 SmallMu(Clone) 的 死亡爆裂 [0]
[回合2] 01m 45s:  Astrologer 获得了来自 BossMu 的 剧毒酸池
[2024/6/14 19:49:53] Astrologer 获得了来自 BossMu 的 剧毒酸池
[回合2] 01m 45s:  BossMu 施放了 史莱姆攻击, 目标：Felivol
[2024/6/14 19:49:53] BossMu 施放了 史莱姆攻击, 目标：Felivol
[回合2] 01m 45s:  BossMu 的 史莱姆攻击 对 Felivol 造成了 27 点 Knock 伤害。生命值：95
[2024/6/14 19:49:54] BossMu 的 史莱姆攻击 对 Felivol 造成了 27 点 Knock 伤害。生命值：95
[回合3] 01m 46s:  回合3
[2024/6/14 19:49:55] 回合3
[回合3] 01m 58s:  Astrologer 施放了 移动, 目标：(13, 0, 4)
[2024/6/14 19:50:06] Astrologer 施放了 移动, 目标：(13, 0, 4)
[回合3] 01m 58s:  Astrologer 失去了来自 BossMu 的 剧毒酸池
[2024/6/14 19:50:07] Astrologer 失去了来自 BossMu 的 剧毒酸池
[回合3] 02m 08s:  Astrologer 施放了 彗星箭, 目标：SmallMu(Clone)
[2024/6/14 19:50:16] Astrologer 施放了 彗星箭, 目标：SmallMu(Clone)
[回合3] 02m 09s:  Astrologer 的 彗星箭 对 SmallMu(Clone) 造成了 32 点 Ice 伤害。生命值：88
[2024/6/14 19:50:17] Astrologer 的 彗星箭 对 SmallMu(Clone) 造成了 32 点 Ice 伤害。生命值：88
[回合3] 02m 11s:  Flora 的 栽培 对 Gaceon 造成了 0 点 Heal 。生命值：102
[2024/6/14 19:50:19] Flora 的 栽培 对 Gaceon 造成了 0 点 Heal 。生命值：102
[回合3] 02m 11s:  Flora 的 栽培 对 Lilium 造成了 0 点 Heal 。生命值：114
[2024/6/14 19:50:19] Flora 的 栽培 对 Lilium 造成了 0 点 Heal 。生命值：114
[回合3] 02m 12s:  Archer3 的 出血 对 BossMu 造成了 3 点 Pierce 伤害。生命值：1221
[2024/6/14 19:50:20] Archer3 的 出血 对 BossMu 造成了 3 点 Pierce 伤害。生命值：1221
[回合3] 02m 20s:  Umiko 施放了 移动, 目标：(9, 0, 10)
[2024/6/14 19:50:29] Umiko 施放了 移动, 目标：(9, 0, 10)
[回合3] 02m 21s:  Archer3 获得了来自 Umiko 的 生命之歌
[2024/6/14 19:50:29] Archer3 获得了来自 Umiko 的 生命之歌
[回合3] 02m 21s:  Felivol 失去了来自 Umiko 的 生命之歌
[2024/6/14 19:50:29] Felivol 失去了来自 Umiko 的 生命之歌
[回合3] 02m 21s:  Umiko 施放了 水泡, 目标：BossMu
[2024/6/14 19:50:30] Umiko 施放了 水泡, 目标：BossMu
[回合3] 02m 23s:  Umiko 的 水泡 对 BossMu 造成了 22 点 Water 伤害（暴击）。生命值：1199
[2024/6/14 19:50:31] Umiko 的 水泡 对 BossMu 造成了 22 点 Water 伤害（暴击）。生命值：1199
[回合3] 02m 23s:  Felivol 重新获得了来自 Umiko 的 水泡护盾
[2024/6/14 19:50:31] Felivol 重新获得了来自 Umiko 的 水泡护盾
[回合3] 02m 23s:  Lilium 重新获得了来自 Umiko 的 水泡护盾
[2024/6/14 19:50:31] Lilium 重新获得了来自 Umiko 的 水泡护盾
[回合3] 02m 24s:  Umiko 施放了 水泡, 目标：BossMu
[2024/6/14 19:50:32] Umiko 施放了 水泡, 目标：BossMu
[回合3] 02m 25s:  Umiko 的 水泡 对 BossMu 造成了 11 点 Water 伤害。生命值：1188
[2024/6/14 19:50:34] Umiko 的 水泡 对 BossMu 造成了 11 点 Water 伤害。生命值：1188
[回合3] 02m 25s:  Felivol 重新获得了来自 Umiko 的 水泡护盾
[2024/6/14 19:50:34] Felivol 重新获得了来自 Umiko 的 水泡护盾
[回合3] 02m 25s:  Lilium 重新获得了来自 Umiko 的 水泡护盾
[2024/6/14 19:50:34] Lilium 重新获得了来自 Umiko 的 水泡护盾
[回合3] 02m 27s:  Flora 的 栽培 对 Gaceon 造成了 0 点 Heal 。生命值：102
[2024/6/14 19:50:35] Flora 的 栽培 对 Gaceon 造成了 0 点 Heal 。生命值：102
[回合3] 02m 27s:  Flora 的 栽培 对 Lilium 造成了 0 点 Heal 。生命值：114
[2024/6/14 19:50:35] Flora 的 栽培 对 Lilium 造成了 0 点 Heal 。生命值：114
[回合3] 02m 27s:  Archer3 的 出血 对 BossMu 造成了 3 点 Pierce 伤害。生命值：1185
[2024/6/14 19:50:35] Archer3 的 出血 对 BossMu 造成了 3 点 Pierce 伤害。生命值：1185
[回合3] 02m 35s:  Gaceon 施放了 移动, 目标：(8, 0, 9)
[2024/6/14 19:50:43] Gaceon 施放了 移动, 目标：(8, 0, 9)
[回合3] 02m 37s:  Gaceon 施放了 治疗链, 目标：Felivol
[2024/6/14 19:50:45] Gaceon 施放了 治疗链, 目标：Felivol
[回合3] 02m 37s:  Gaceon 的 治疗链 对 Felivol 造成了 26 点 Heal 。生命值：121
[2024/6/14 19:50:45] Gaceon 的 治疗链 对 Felivol 造成了 26 点 Heal 。生命值：121
[回合3] 02m 37s:  Gaceon 的 治疗链 对 Lilium 造成了 0 点 Heal 。生命值：114
[2024/6/14 19:50:45] Gaceon 的 治疗链 对 Lilium 造成了 0 点 Heal 。生命值：114
[回合3] 02m 37s:  Gaceon 的 治疗链 对 Felivol 造成了 11 点 Heal 。生命值：132
[2024/6/14 19:50:46] Gaceon 的 治疗链 对 Felivol 造成了 11 点 Heal 。生命值：132
[回合3] 02m 39s:  Flora 的 栽培 对 Gaceon 造成了 0 点 Heal 。生命值：102
[2024/6/14 19:50:48] Flora 的 栽培 对 Gaceon 造成了 0 点 Heal 。生命值：102
[回合3] 02m 40s:  Flora 的 栽培 对 Lilium 造成了 0 点 Heal 。生命值：114
[2024/6/14 19:50:48] Flora 的 栽培 对 Lilium 造成了 0 点 Heal 。生命值：114
[回合3] 02m 40s:  Archer3 的 出血 对 BossMu 造成了 3 点 Pierce 伤害。生命值：1182
[2024/6/14 19:50:48] Archer3 的 出血 对 BossMu 造成了 3 点 Pierce 伤害。生命值：1182
[回合3] 02m 40s:  BossMu 施放了 BAD_STRING, 目标：BossMu
[2024/6/14 19:50:48] BossMu 施放了 BAD_STRING, 目标：BossMu
[回合3] 02m 40s:  BossMu 的 BAD_STRING 对 Lilium 造成了 50 点 Knock 伤害。生命值：64
[2024/6/14 19:50:48] BossMu 的 BAD_STRING 对 Lilium 造成了 50 点 Knock 伤害。生命值：64
[回合3] 02m 40s:  BossMu 的 BAD_STRING 对 Felivol 造成了 54 点 Knock 伤害。生命值：78
[2024/6/14 19:50:49] BossMu 的 BAD_STRING 对 Felivol 造成了 54 点 Knock 伤害。生命值：78
[回合3] 02m 49s:  Felivol 施放了 移动, 目标：(11, 0, 8)
[2024/6/14 19:50:57] Felivol 施放了 移动, 目标：(11, 0, 8)
[回合3] 02m 49s:  Felivol 的 旅者 对 Felivol 造成了 2 点 Heal 。生命值：80
[2024/6/14 19:50:57] Felivol 的 旅者 对 Felivol 造成了 2 点 Heal 。生命值：80
[回合3] 02m 49s:  Felivol 获得了来自 Umiko 的 生命之歌
[2024/6/14 19:50:57] Felivol 获得了来自 Umiko 的 生命之歌
[回合3] 02m 49s:  Felivol 的 旅者 对 Felivol 造成了 2 点 Heal 。生命值：82
[2024/6/14 19:50:57] Felivol 的 旅者 对 Felivol 造成了 2 点 Heal 。生命值：82
[回合3] 02m 54s:  Felivol 施放了 斩击, 目标：BossMu
[2024/6/14 19:51:02] Felivol 施放了 斩击, 目标：BossMu
[回合3] 02m 55s:  Felivol 的 斩击 对 BossMu 造成了 24 点 Slash 伤害。生命值：1158
[2024/6/14 19:51:03] Felivol 的 斩击 对 BossMu 造成了 24 点 Slash 伤害。生命值：1158
[回合3] 02m 58s:  Felivol 施放了 蓄力斩, 目标：South
[2024/6/14 19:51:06] Felivol 施放了 蓄力斩, 目标：South
[回合3] 02m 58s:  Felivol 施放了 祈祷：战地祷告, 目标：Felivol
[2024/6/14 19:51:06] Felivol 施放了 祈祷：战地祷告, 目标：Felivol
[回合3] 02m 59s:  Felivol 的 祈祷：战地祷告 对 Felivol 造成了 22 点 Heal 。生命值：104
[2024/6/14 19:51:07] Felivol 的 祈祷：战地祷告 对 Felivol 造成了 22 点 Heal 。生命值：104
[回合3] 02m 59s:  Felivol 重新获得了来自 Felivol 的 祝福之光
[2024/6/14 19:51:07] Felivol 重新获得了来自 Felivol 的 祝福之光
[回合3] 02m 59s:  Flora 的 栽培 对 Gaceon 造成了 0 点 Heal 。生命值：102
[2024/6/14 19:51:08] Flora 的 栽培 对 Gaceon 造成了 0 点 Heal 。生命值：102
[回合3] 03m 00s:  Flora 的 栽培 对 Lilium 造成了 2 点 Heal 。生命值：66
[2024/6/14 19:51:08] Flora 的 栽培 对 Lilium 造成了 2 点 Heal 。生命值：66
[回合3] 03m 00s:  Archer3 的 出血 对 BossMu 造成了 3 点 Pierce 伤害。生命值：1155
[2024/6/14 19:51:08] Archer3 的 出血 对 BossMu 造成了 3 点 Pierce 伤害。生命值：1155
[回合3] 03m 02s:  Umiko 施放了 水泡, 目标：BossMu
[2024/6/14 19:51:10] Umiko 施放了 水泡, 目标：BossMu
[回合3] 03m 03s:  Umiko 的 水泡 对 BossMu 造成了 11 点 Water 伤害。生命值：1144
[2024/6/14 19:51:11] Umiko 的 水泡 对 BossMu 造成了 11 点 Water 伤害。生命值：1144
[回合3] 03m 03s:  Felivol 重新获得了来自 Umiko 的 水泡护盾
[2024/6/14 19:51:11] Felivol 重新获得了来自 Umiko 的 水泡护盾
[回合3] 03m 03s:  Lilium 重新获得了来自 Umiko 的 水泡护盾
[2024/6/14 19:51:11] Lilium 重新获得了来自 Umiko 的 水泡护盾
[回合3] 03m 03s:  Gaceon 施放了 治疗链, 目标：Lilium
[2024/6/14 19:51:11] Gaceon 施放了 治疗链, 目标：Lilium
[回合3] 03m 03s:  Gaceon 的 治疗链 对 Lilium 造成了 26 点 Heal 。生命值：92
[2024/6/14 19:51:11] Gaceon 的 治疗链 对 Lilium 造成了 26 点 Heal 。生命值：92
[回合3] 03m 03s:  Gaceon 的 治疗链 对 Felivol 造成了 18 点 Heal 。生命值：122
[2024/6/14 19:51:11] Gaceon 的 治疗链 对 Felivol 造成了 18 点 Heal 。生命值：122
[回合3] 03m 03s:  Gaceon 的 治疗链 对 Lilium 造成了 13 点 Heal 。生命值：105
[2024/6/14 19:51:12] Gaceon 的 治疗链 对 Lilium 造成了 13 点 Heal 。生命值：105
[回合3] 03m 04s:  Flora 施放了 栽培, 目标：Archer3
[2024/6/14 19:51:12] Flora 施放了 栽培, 目标：Archer3
[回合3] 03m 05s:  Archer3 获得了来自 Flora 的 栽培
[2024/6/14 19:51:13] Archer3 获得了来自 Flora 的 栽培
[回合3] 03m 05s:  Lilium 施放了 攻击, 目标：BossMu
[2024/6/14 19:51:13] Lilium 施放了 攻击, 目标：BossMu
[回合3] 03m 05s:  Lilium 的 攻击 对 BossMu 造成了 18 点 Knock 伤害。生命值：1126
[2024/6/14 19:51:14] Lilium 的 攻击 对 BossMu 造成了 18 点 Knock 伤害。生命值：1126
[回合3] 03m 06s:  SmallMu(Clone) 施放了 移动, 目标：(10, 0, 4)
[2024/6/14 19:51:15] SmallMu(Clone) 施放了 移动, 目标：(10, 0, 4)
[回合3] 03m 07s:  SmallMu(Clone) 施放了 移动, 目标：(11, 0, 4)
[2024/6/14 19:51:15] SmallMu(Clone) 施放了 移动, 目标：(11, 0, 4)
[回合3] 03m 07s:  SmallMu(Clone) 施放了 移动, 目标：(11, 0, 5)
[2024/6/14 19:51:15] SmallMu(Clone) 施放了 移动, 目标：(11, 0, 5)
[回合3] 03m 07s:  BossMu 施放了 史莱姆攻击, 目标：Felivol
[2024/6/14 19:51:16] BossMu 施放了 史莱姆攻击, 目标：Felivol
[回合3] 03m 08s:  BossMu 的 史莱姆攻击 对 Felivol 造成了 22 点 Knock 伤害。生命值：100
[2024/6/14 19:51:17] BossMu 的 史莱姆攻击 对 Felivol 造成了 22 点 Knock 伤害。生命值：100
[回合3] 03m 09s:  Felivol 施放了 蓄力斩, 目标：South
[2024/6/14 19:51:17] Felivol 施放了 蓄力斩, 目标：South
[回合3] 03m 09s:  Felivol 的 蓄力斩 没有击中 BossMu。生命值：1126
[2024/6/14 19:51:18] Felivol 的 蓄力斩 没有击中 BossMu。生命值：1126
[回合3] 03m 10s:  BossMu 失去了来自 Astrologer 的 繁星道标
[2024/6/14 19:51:18] BossMu 失去了来自 Astrologer 的 繁星道标
[回合4] 03m 10s:  回合4
[2024/6/14 19:51:18] 回合4
[回合4] 03m 16s:  Astrologer 施放了 彗星箭, 目标：SmallMu(Clone)
[2024/6/14 19:51:24] Astrologer 施放了 彗星箭, 目标：SmallMu(Clone)
[回合4] 03m 17s:  Astrologer 的 彗星箭 对 SmallMu(Clone) 造成了 32 点 Ice 伤害。生命值：56
[2024/6/14 19:51:25] Astrologer 的 彗星箭 对 SmallMu(Clone) 造成了 32 点 Ice 伤害。生命值：56
[回合4] 03m 21s:  Flora 的 栽培 对 Gaceon 造成了 0 点 Heal 。生命值：102
[2024/6/14 19:51:29] Flora 的 栽培 对 Gaceon 造成了 0 点 Heal 。生命值：102
[回合4] 03m 21s:  Flora 的 栽培 对 Archer3 造成了 0 点 Heal 。生命值：96
[2024/6/14 19:51:29] Flora 的 栽培 对 Archer3 造成了 0 点 Heal 。生命值：96
[回合4] 03m 21s:  Flora 的 栽培 对 Lilium 造成了 2 点 Heal 。生命值：107
[2024/6/14 19:51:30] Flora 的 栽培 对 Lilium 造成了 2 点 Heal 。生命值：107
[回合4] 03m 22s:  Archer3 的 出血 对 BossMu 造成了 3 点 Pierce 伤害。生命值：1123
[2024/6/14 19:51:30] Archer3 的 出血 对 BossMu 造成了 3 点 Pierce 伤害。生命值：1123
[回合4] 03m 32s:  Archer3 施放了 狂风加护, 目标：Archer3
[2024/6/14 19:51:41] Archer3 施放了 狂风加护, 目标：Archer3
[回合4] 03m 33s:  Archer3 获得了来自 Archer3 的 狂风加护
[2024/6/14 19:51:41] Archer3 获得了来自 Archer3 的 狂风加护
[回合4] 03m 34s:  Archer3 施放了 疾飞之箭, 目标：BossMu
[2024/6/14 19:51:43] Archer3 施放了 疾飞之箭, 目标：BossMu
[回合4] 03m 35s:  Archer3 的 疾飞之箭 对 BossMu 造成了 19 点 Pierce 伤害。生命值：1104
[2024/6/14 19:51:43] Archer3 的 疾飞之箭 对 BossMu 造成了 19 点 Pierce 伤害。生命值：1104
[回合4] 03m 35s:  BossMu 重新获得了来自 Archer3 的 出血
[2024/6/14 19:51:43] BossMu 重新获得了来自 Archer3 的 出血
[回合4] 03m 36s:  Archer3 施放了 射击, 目标：BossMu
[2024/6/14 19:51:44] Archer3 施放了 射击, 目标：BossMu
[回合4] 03m 37s:  Archer3 的 射击 对 BossMu 造成了 30 点 Pierce 伤害。生命值：1074
[2024/6/14 19:51:45] Archer3 的 射击 对 BossMu 造成了 30 点 Pierce 伤害。生命值：1074
[回合4] 03m 37s:  Archer3 施放了 射击, 目标：BossMu
[2024/6/14 19:51:45] Archer3 施放了 射击, 目标：BossMu
[回合4] 03m 38s:  Archer3 的 射击 对 BossMu 造成了 30 点 Pierce 伤害。生命值：1044
[2024/6/14 19:51:46] Archer3 的 射击 对 BossMu 造成了 30 点 Pierce 伤害。生命值：1044
[回合4] 03m 38s:  Archer3 施放了 射击, 目标：BossMu
[2024/6/14 19:51:47] Archer3 施放了 射击, 目标：BossMu
[回合4] 03m 39s:  Archer3 的 射击 对 BossMu 造成了 30 点 Pierce 伤害。生命值：1014
[2024/6/14 19:51:47] Archer3 的 射击 对 BossMu 造成了 30 点 Pierce 伤害。生命值：1014
[回合4] 03m 40s:  Archer3 施放了 射击, 目标：BossMu
[2024/6/14 19:51:48] Archer3 施放了 射击, 目标：BossMu
[回合4] 03m 41s:  Archer3 的 射击 对 BossMu 造成了 30 点 Pierce 伤害。生命值：984
[2024/6/14 19:51:49] Archer3 的 射击 对 BossMu 造成了 30 点 Pierce 伤害。生命值：984
[回合4] 03m 42s:  Flora 的 栽培 对 Gaceon 造成了 0 点 Heal 。生命值：102
[2024/6/14 19:51:50] Flora 的 栽培 对 Gaceon 造成了 0 点 Heal 。生命值：102
[回合4] 03m 42s:  Flora 的 栽培 对 Archer3 造成了 0 点 Heal 。生命值：96
[2024/6/14 19:51:50] Flora 的 栽培 对 Archer3 造成了 0 点 Heal 。生命值：96
[回合4] 03m 42s:  Flora 的 栽培 对 Lilium 造成了 2 点 Heal 。生命值：109
[2024/6/14 19:51:50] Flora 的 栽培 对 Lilium 造成了 2 点 Heal 。生命值：109
[回合4] 03m 42s:  Lilium 失去了来自 Flora 的 栽培
[2024/6/14 19:51:50] Lilium 失去了来自 Flora 的 栽培
[回合4] 03m 42s:  Archer3 的 出血 对 BossMu 造成了 3 点 Pierce 伤害。生命值：981
[2024/6/14 19:51:50] Archer3 的 出血 对 BossMu 造成了 3 点 Pierce 伤害。生命值：981
[回合4] 03m 42s:  BossMu 施放了 BAD_STRING, 目标：North
[2024/6/14 19:51:50] BossMu 施放了 BAD_STRING, 目标：North
[回合4] 03m 43s:  BossMu 的 BAD_STRING 对 Lilium 造成了 38 点 Knock 伤害。生命值：71
[2024/6/14 19:51:51] BossMu 的 BAD_STRING 对 Lilium 造成了 38 点 Knock 伤害。生命值：71
[回合4] 03m 43s:  BossMu 的 BAD_STRING 对 Felivol 造成了 40 点 Knock 伤害。生命值：60
[2024/6/14 19:51:51] BossMu 的 BAD_STRING 对 Felivol 造成了 40 点 Knock 伤害。生命值：60
[回合4] 03m 43s:  Felivol 的 旅者 对 Felivol 造成了 2 点 Heal 。生命值：62
[2024/6/14 19:51:52] Felivol 的 旅者 对 Felivol 造成了 2 点 Heal 。生命值：62
[回合4] 03m 48s:  Flora 施放了 移动, 目标：(9, 0, 7)
[2024/6/14 19:51:56] Flora 施放了 移动, 目标：(9, 0, 7)
[回合4] 03m 49s:  Flora 获得了来自 Umiko 的 生命之歌
[2024/6/14 19:51:57] Flora 获得了来自 Umiko 的 生命之歌
[回合4] 03m 56s:  Flora 施放了 栽培, 目标：Lilium
[2024/6/14 19:52:05] Flora 施放了 栽培, 目标：Lilium
[回合4] 03m 57s:  Lilium 获得了来自 Flora 的 栽培
[2024/6/14 19:52:05] Lilium 获得了来自 Flora 的 栽培
[回合4] 03m 59s:  Flora 施放了 治疗术, 目标：Felivol
[2024/6/14 19:52:07] Flora 施放了 治疗术, 目标：Felivol
[回合4] 04m 00s:  Flora 的 治疗术 对 Felivol 造成了 40 点 Heal 。生命值：102
[2024/6/14 19:52:08] Flora 的 治疗术 对 Felivol 造成了 40 点 Heal 。生命值：102
[回合4] 04m 01s:  Flora 施放了 治疗术, 目标：Lilium
[2024/6/14 19:52:09] Flora 施放了 治疗术, 目标：Lilium
[回合4] 04m 02s:  Flora 的 治疗术 对 Lilium 造成了 40 点 Heal 。生命值：111
[2024/6/14 19:52:10] Flora 的 治疗术 对 Lilium 造成了 40 点 Heal 。生命值：111
[回合4] 04m 03s:  Flora 的 栽培 对 Gaceon 造成了 0 点 Heal 。生命值：102
[2024/6/14 19:52:11] Flora 的 栽培 对 Gaceon 造成了 0 点 Heal 。生命值：102
[回合4] 04m 03s:  Flora 的 栽培 对 Archer3 造成了 0 点 Heal 。生命值：96
[2024/6/14 19:52:12] Flora 的 栽培 对 Archer3 造成了 0 点 Heal 。生命值：96
[回合4] 04m 04s:  Flora 的 栽培 对 Lilium 造成了 3 点 Heal 。生命值：114
[2024/6/14 19:52:12] Flora 的 栽培 对 Lilium 造成了 3 点 Heal 。生命值：114
[回合4] 04m 04s:  Archer3 的 出血 对 BossMu 造成了 3 点 Pierce 伤害。生命值：978
[2024/6/14 19:52:12] Archer3 的 出血 对 BossMu 造成了 3 点 Pierce 伤害。生命值：978
[回合4] 04m 11s:  Umiko 的 移动 对 Umiko 造成了 0 点 Heal 。生命值：126
[2024/6/14 19:52:19] Umiko 的 移动 对 Umiko 造成了 0 点 Heal 。生命值：126
[回合4] 04m 11s:  Gaceon 的 移动 对 Gaceon 造成了 0 点 Heal 。生命值：102
[2024/6/14 19:52:19] Gaceon 的 移动 对 Gaceon 造成了 0 点 Heal 。生命值：102
[回合4] 04m 11s:  Archer3 的 移动 对 Archer3 造成了 0 点 Heal 。生命值：96
[2024/6/14 19:52:20] Archer3 的 移动 对 Archer3 造成了 0 点 Heal 。生命值：96
[回合4] 04m 12s:  Astrologer 的 移动 对 Astrologer 造成了 18 点 Heal 。生命值：88
[2024/6/14 19:52:20] Astrologer 的 移动 对 Astrologer 造成了 18 点 Heal 。生命值：88
[回合4] 04m 12s:  Lilium 的 移动 对 Lilium 造成了 0 点 Heal 。生命值：114
[2024/6/14 19:52:20] Lilium 的 移动 对 Lilium 造成了 0 点 Heal 。生命值：114
[回合4] 04m 12s:  Flora 的 移动 对 Flora 造成了 0 点 Heal 。生命值：102
[2024/6/14 19:52:20] Flora 的 移动 对 Flora 造成了 0 点 Heal 。生命值：102
[回合4] 04m 12s:  Felivol 的 移动 对 Felivol 造成了 27 点 Heal 。生命值：129
[2024/6/14 19:52:20] Felivol 的 移动 对 Felivol 造成了 27 点 Heal 。生命值：129
[回合4] 04m 17s:  Gaceon 施放了 移动, 目标：(9, 0, 8)
[2024/6/14 19:52:25] Gaceon 施放了 移动, 目标：(9, 0, 8)
[回合4] 04m 22s:  Gaceon 施放了 彗星箭, 目标：SmallMu(Clone)
[2024/6/14 19:52:30] Gaceon 施放了 彗星箭, 目标：SmallMu(Clone)
[回合4] 04m 22s:  Gaceon 的 彗星箭 对 SmallMu(Clone) 造成了 14 点 Ice 伤害。生命值：42
[2024/6/14 19:52:31] Gaceon 的 彗星箭 对 SmallMu(Clone) 造成了 14 点 Ice 伤害。生命值：42
[回合4] 04m 24s:  Flora 的 栽培 对 Gaceon 造成了 0 点 Heal 。生命值：102
[2024/6/14 19:52:32] Flora 的 栽培 对 Gaceon 造成了 0 点 Heal 。生命值：102
[回合4] 04m 24s:  Flora 的 栽培 对 Archer3 造成了 0 点 Heal 。生命值：96
[2024/6/14 19:52:32] Flora 的 栽培 对 Archer3 造成了 0 点 Heal 。生命值：96
[回合4] 04m 24s:  Flora 的 栽培 对 Lilium 造成了 0 点 Heal 。生命值：114
[2024/6/14 19:52:32] Flora 的 栽培 对 Lilium 造成了 0 点 Heal 。生命值：114
[回合4] 04m 24s:  Archer3 的 出血 对 BossMu 造成了 3 点 Pierce 伤害。生命值：975
[2024/6/14 19:52:33] Archer3 的 出血 对 BossMu 造成了 3 点 Pierce 伤害。生命值：975
[回合4] 04m 26s:  Archer3 施放了 射击, 目标：BossMu
[2024/6/14 19:52:34] Archer3 施放了 射击, 目标：BossMu
[回合4] 04m 26s:  Umiko 施放了 水泡, 目标：BossMu
[2024/6/14 19:52:34] Umiko 施放了 水泡, 目标：BossMu
[回合4] 04m 27s:  Umiko 的 水泡 对 BossMu 造成了 22 点 Water 伤害（暴击）。生命值：953
[2024/6/14 19:52:35] Umiko 的 水泡 对 BossMu 造成了 22 点 Water 伤害（暴击）。生命值：953
[回合4] 04m 27s:  Gaceon 施放了 治疗链, 目标：Felivol
[2024/6/14 19:52:35] Gaceon 施放了 治疗链, 目标：Felivol
[回合4] 04m 27s:  Gaceon 的 治疗链 对 Felivol 造成了 3 点 Heal 。生命值：132
[2024/6/14 19:52:36] Gaceon 的 治疗链 对 Felivol 造成了 3 点 Heal 。生命值：132
[回合4] 04m 28s:  Gaceon 的 治疗链 对 Lilium 造成了 0 点 Heal 。生命值：114
[2024/6/14 19:52:36] Gaceon 的 治疗链 对 Lilium 造成了 0 点 Heal 。生命值：114
[回合4] 04m 28s:  Gaceon 的 治疗链 对 Felivol 造成了 0 点 Heal 。生命值：132
[2024/6/14 19:52:36] Gaceon 的 治疗链 对 Felivol 造成了 0 点 Heal 。生命值：132
[回合4] 04m 29s:  Flora 施放了 栽培, 目标：Felivol
[2024/6/14 19:52:37] Flora 施放了 栽培, 目标：Felivol
[回合4] 04m 29s:  Felivol 获得了来自 Flora 的 栽培
[2024/6/14 19:52:38] Felivol 获得了来自 Flora 的 栽培
[回合4] 04m 29s:  Lilium 施放了 攻击, 目标：BossMu
[2024/6/14 19:52:38] Lilium 施放了 攻击, 目标：BossMu
[回合4] 04m 29s:  Felivol 施放了 斩击, 目标：BossMu
[2024/6/14 19:52:38] Felivol 施放了 斩击, 目标：BossMu
[回合4] 04m 30s:  SmallMu(Clone) 施放了 移动, 目标：(11, 0, 6)
[2024/6/14 19:52:39] SmallMu(Clone) 施放了 移动, 目标：(11, 0, 6)
[回合4] 04m 31s:  SmallMu(Clone) 施放了 移动, 目标：(11, 0, 7)
[2024/6/14 19:52:39] SmallMu(Clone) 施放了 移动, 目标：(11, 0, 7)
[回合4] 04m 31s:  SmallMu(Clone) 施放了 移动, 目标：(11, 0, 8)
[2024/6/14 19:52:39] SmallMu(Clone) 施放了 移动, 目标：(11, 0, 8)
[回合4] 04m 31s:  BossMu 施放了 小史莱姆标记, 目标：BossMu
[2024/6/14 19:52:39] BossMu 施放了 小史莱姆标记, 目标：BossMu
[回合4] 04m 32s:  Umiko 获得了来自 BossMu 的 锁定
[2024/6/14 19:52:40] Umiko 获得了来自 BossMu 的 锁定
[回合4] 04m 32s:  BossMu 施放了 移动, 目标：(11, 0, 11)
[2024/6/14 19:52:40] BossMu 施放了 移动, 目标：(11, 0, 11)
[回合4] 04m 32s:  BossMu 施放了 史莱姆攻击, 目标：Felivol
[2024/6/14 19:52:40] BossMu 施放了 史莱姆攻击, 目标：Felivol
[回合4] 04m 33s:  BossMu 的 史莱姆攻击 对 Felivol 造成了 27 点 Knock 伤害。生命值：105
[2024/6/14 19:52:41] BossMu 的 史莱姆攻击 对 Felivol 造成了 27 点 Knock 伤害。生命值：105
[回合5] 04m 34s:  回合5
[2024/6/14 19:52:42] 回合5
[回合5] 04m 47s:  Lilium 施放了 移动, 目标：(12, 0, 11)
[2024/6/14 19:52:56] Lilium 施放了 移动, 目标：(12, 0, 11)
[回合5] 04m 50s:  Lilium 施放了 嘲讽, 目标：BossMu
[2024/6/14 19:52:58] Lilium 施放了 嘲讽, 目标：BossMu
[回合5] 04m 59s:  Lilium 施放了 拳, 目标：BossMu
[2024/6/14 19:53:07] Lilium 施放了 拳, 目标：BossMu
[回合5] 05m 00s:  Lilium 的 拳 对 BossMu 造成了 16 点 Knock 伤害。生命值：937
[2024/6/14 19:53:08] Lilium 的 拳 对 BossMu 造成了 16 点 Knock 伤害。生命值：937
[回合5] 05m 01s:  Lilium 施放了 拳, 目标：BossMu
[2024/6/14 19:53:09] Lilium 施放了 拳, 目标：BossMu
[回合5] 05m 01s:  Lilium 的 拳 对 BossMu 造成了 16 点 Knock 伤害。生命值：921
[2024/6/14 19:53:09] Lilium 的 拳 对 BossMu 造成了 16 点 Knock 伤害。生命值：921
[回合5] 05m 02s:  Lilium 施放了 拳, 目标：BossMu
[2024/6/14 19:53:10] Lilium 施放了 拳, 目标：BossMu
[回合5] 05m 02s:  Lilium 的 拳 对 BossMu 造成了 16 点 Knock 伤害。生命值：905
[2024/6/14 19:53:10] Lilium 的 拳 对 BossMu 造成了 16 点 Knock 伤害。生命值：905
[回合5] 05m 04s:  Lilium 施放了 副手攻击, 目标：BossMu
[2024/6/14 19:53:12] Lilium 施放了 副手攻击, 目标：BossMu
[回合5] 05m 04s:  Lilium 的 副手攻击 对 BossMu 造成了 22 点 Slash 伤害（暴击）。生命值：883
[2024/6/14 19:53:12] Lilium 的 副手攻击 对 BossMu 造成了 22 点 Slash 伤害（暴击）。生命值：883
[回合5] 05m 05s:  Flora 的 栽培 对 Gaceon 造成了 0 点 Heal 。生命值：102
[2024/6/14 19:53:13] Flora 的 栽培 对 Gaceon 造成了 0 点 Heal 。生命值：102
[回合5] 05m 05s:  Flora 的 栽培 对 Archer3 造成了 0 点 Heal 。生命值：96
[2024/6/14 19:53:14] Flora 的 栽培 对 Archer3 造成了 0 点 Heal 。生命值：96
[回合5] 05m 06s:  Flora 的 栽培 对 Lilium 造成了 0 点 Heal 。生命值：114
[2024/6/14 19:53:14] Flora 的 栽培 对 Lilium 造成了 0 点 Heal 。生命值：114
[回合5] 05m 06s:  Flora 的 栽培 对 Felivol 造成了 3 点 Heal 。生命值：108
[2024/6/14 19:53:14] Flora 的 栽培 对 Felivol 造成了 3 点 Heal 。生命值：108
[回合5] 05m 06s:  Archer3 的 出血 对 BossMu 造成了 3 点 Pierce 伤害。生命值：880
[2024/6/14 19:53:14] Archer3 的 出血 对 BossMu 造成了 3 点 Pierce 伤害。生命值：880
[回合5] 05m 06s:  BossMu 施放了 BAD_STRING, 目标：East
[2024/6/14 19:53:14] BossMu 施放了 BAD_STRING, 目标：East
[回合5] 05m 07s:  BossMu 的 BAD_STRING 对 Lilium 造成了 27 点 Nature 伤害。生命值：87
[2024/6/14 19:53:15] BossMu 的 BAD_STRING 对 Lilium 造成了 27 点 Nature 伤害。生命值：87
[回合5] 05m 07s:  Lilium 获得了来自 BossMu 的 BAD_STRING
[2024/6/14 19:53:15] Lilium 获得了来自 BossMu 的 BAD_STRING
[回合5] 05m 15s:  Astrologer 施放了 移动, 目标：(13, 0, 7)
[2024/6/14 19:53:23] Astrologer 施放了 移动, 目标：(13, 0, 7)
[回合5] 05m 19s:  Astrologer 施放了 彗星箭, 目标：SmallMu(Clone)
[2024/6/14 19:53:27] Astrologer 施放了 彗星箭, 目标：SmallMu(Clone)
[回合5] 05m 20s:  Astrologer 的 彗星箭 对 SmallMu(Clone) 造成了 32 点 Ice 伤害。生命值：10
[2024/6/14 19:53:28] Astrologer 的 彗星箭 对 SmallMu(Clone) 造成了 32 点 Ice 伤害。生命值：10
[回合5] 05m 21s:  Astrologer 施放了 彗星箭, 目标：SmallMu(Clone)
[2024/6/14 19:53:29] Astrologer 施放了 彗星箭, 目标：SmallMu(Clone)
[回合5] 05m 22s:  Astrologer 的 彗星箭 对 SmallMu(Clone) 造成了 10 点 Ice 伤害。生命值：0
[2024/6/14 19:53:30] Astrologer 的 彗星箭 对 SmallMu(Clone) 造成了 10 点 Ice 伤害。生命值：0
[回合5] 05m 22s:  SmallMu(Clone) 施放了 小史莱姆爆炸, 目标：SmallMu(Clone)
[2024/6/14 19:53:30] SmallMu(Clone) 施放了 小史莱姆爆炸, 目标：SmallMu(Clone)
[回合5] 05m 23s:  SmallMu(Clone) 的 小史莱姆爆炸 对 Umiko 造成了 26 点 Nature 伤害。生命值：100
[2024/6/14 19:53:31] SmallMu(Clone) 的 小史莱姆爆炸 对 Umiko 造成了 26 点 Nature 伤害。生命值：100
[回合5] 05m 23s:  SmallMu(Clone) 的 小史莱姆爆炸 对 Gaceon 造成了 26 点 Nature 伤害。生命值：76
[2024/6/14 19:53:31] SmallMu(Clone) 的 小史莱姆爆炸 对 Gaceon 造成了 26 点 Nature 伤害。生命值：76
[回合5] 05m 23s:  SmallMu(Clone) 的 小史莱姆爆炸 对 Archer3 造成了 26 点 Nature 伤害。生命值：70
[2024/6/14 19:53:31] SmallMu(Clone) 的 小史莱姆爆炸 对 Archer3 造成了 26 点 Nature 伤害。生命值：70
[回合5] 05m 23s:  SmallMu(Clone) 的 小史莱姆爆炸 对 Astrologer 造成了 26 点 Nature 伤害。生命值：62
[2024/6/14 19:53:32] SmallMu(Clone) 的 小史莱姆爆炸 对 Astrologer 造成了 26 点 Nature 伤害。生命值：62
[回合5] 05m 24s:  SmallMu(Clone) 的 小史莱姆爆炸 对 Lilium 造成了 23 点 Nature 伤害。生命值：64
[2024/6/14 19:53:32] SmallMu(Clone) 的 小史莱姆爆炸 对 Lilium 造成了 23 点 Nature 伤害。生命值：64
[回合5] 05m 24s:  SmallMu(Clone) 的 小史莱姆爆炸 对 Flora 造成了 26 点 Nature 伤害。生命值：76
[2024/6/14 19:53:32] SmallMu(Clone) 的 小史莱姆爆炸 对 Flora 造成了 26 点 Nature 伤害。生命值：76
[回合5] 05m 24s:  SmallMu(Clone) 的 小史莱姆爆炸 对 Felivol 造成了 23 点 Nature 伤害。生命值：85
[2024/6/14 19:53:33] SmallMu(Clone) 的 小史莱姆爆炸 对 Felivol 造成了 23 点 Nature 伤害。生命值：85
[回合5] 05m 24s:  SmallMu(Clone) 失去了来自 SmallMu(Clone) 的 死亡爆裂 [0]
[2024/6/14 19:53:33] SmallMu(Clone) 失去了来自 SmallMu(Clone) 的 死亡爆裂 [0]
[回合5] 05m 24s:  Astrologer 的 彗星箭 击杀了 SmallMu(Clone) !
[2024/6/14 19:53:33] Astrologer 的 彗星箭 击杀了 SmallMu(Clone) !
[回合5] 05m 26s:  Flora 的 栽培 对 Gaceon 造成了 2 点 Heal 。生命值：78
[2024/6/14 19:53:34] Flora 的 栽培 对 Gaceon 造成了 2 点 Heal 。生命值：78
[回合5] 05m 26s:  Gaceon 失去了来自 Flora 的 栽培
[2024/6/14 19:53:34] Gaceon 失去了来自 Flora 的 栽培
[回合5] 05m 26s:  Flora 的 栽培 对 Archer3 造成了 2 点 Heal 。生命值：72
[2024/6/14 19:53:34] Flora 的 栽培 对 Archer3 造成了 2 点 Heal 。生命值：72
[回合5] 05m 26s:  Flora 的 栽培 对 Lilium 造成了 3 点 Heal 。生命值：67
[2024/6/14 19:53:35] Flora 的 栽培 对 Lilium 造成了 3 点 Heal 。生命值：67
[回合5] 05m 27s:  Flora 的 栽培 对 Felivol 造成了 3 点 Heal 。生命值：88
[2024/6/14 19:53:35] Flora 的 栽培 对 Felivol 造成了 3 点 Heal 。生命值：88
[回合5] 05m 27s:  Archer3 的 出血 对 BossMu 造成了 3 点 Pierce 伤害。生命值：877
[2024/6/14 19:53:35] Archer3 的 出血 对 BossMu 造成了 3 点 Pierce 伤害。生命值：877
[回合5] 05m 34s:  Archer3 施放了 移动, 目标：(7, 0, 9)
[2024/6/14 19:53:42] Archer3 施放了 移动, 目标：(7, 0, 9)
[回合5] 05m 36s:  Archer3 施放了 射击, 目标：BossMu
[2024/6/14 19:53:44] Archer3 施放了 射击, 目标：BossMu
[回合5] 05m 37s:  Archer3 的 射击 对 BossMu 造成了 30 点 Pierce 伤害。生命值：847
[2024/6/14 19:53:45] Archer3 的 射击 对 BossMu 造成了 30 点 Pierce 伤害。生命值：847
[回合5] 05m 37s:  Archer3 施放了 射击, 目标：BossMu
[2024/6/14 19:53:45] Archer3 施放了 射击, 目标：BossMu
[回合5] 05m 38s:  Archer3 的 射击 对 BossMu 造成了 30 点 Pierce 伤害。生命值：817
[2024/6/14 19:53:46] Archer3 的 射击 对 BossMu 造成了 30 点 Pierce 伤害。生命值：817
[回合5] 05m 39s:  Flora 的 栽培 对 Archer3 造成了 2 点 Heal 。生命值：74
[2024/6/14 19:53:47] Flora 的 栽培 对 Archer3 造成了 2 点 Heal 。生命值：74
[回合5] 05m 39s:  Flora 的 栽培 对 Lilium 造成了 3 点 Heal 。生命值：70
[2024/6/14 19:53:47] Flora 的 栽培 对 Lilium 造成了 3 点 Heal 。生命值：70
[回合5] 05m 39s:  Flora 的 栽培 对 Felivol 造成了 3 点 Heal 。生命值：91
[2024/6/14 19:53:47] Flora 的 栽培 对 Felivol 造成了 3 点 Heal 。生命值：91
[回合5] 05m 40s:  Archer3 的 出血 对 BossMu 造成了 3 点 Pierce 伤害。生命值：814
[2024/6/14 19:53:48] Archer3 的 出血 对 BossMu 造成了 3 点 Pierce 伤害。生命值：814
[回合5] 05m 51s:  Umiko 施放了 水泡, 目标：BossMu
[2024/6/14 19:54:00] Umiko 施放了 水泡, 目标：BossMu
[回合5] 05m 53s:  Umiko 的 水泡 对 BossMu 造成了 11 点 Water 伤害。生命值：803
[2024/6/14 19:54:01] Umiko 的 水泡 对 BossMu 造成了 11 点 Water 伤害。生命值：803
[回合5] 05m 53s:  Lilium 重新获得了来自 Umiko 的 水泡护盾
[2024/6/14 19:54:01] Lilium 重新获得了来自 Umiko 的 水泡护盾
[回合5] 05m 53s:  Felivol 重新获得了来自 Umiko 的 水泡护盾
[2024/6/14 19:54:01] Felivol 重新获得了来自 Umiko 的 水泡护盾
[回合5] 05m 56s:  Umiko 施放了 水泡, 目标：BossMu
[2024/6/14 19:54:04] Umiko 施放了 水泡, 目标：BossMu
[回合5] 05m 57s:  Umiko 的 水泡 对 BossMu 造成了 11 点 Water 伤害。生命值：792
[2024/6/14 19:54:05] Umiko 的 水泡 对 BossMu 造成了 11 点 Water 伤害。生命值：792
[回合5] 05m 57s:  Lilium 重新获得了来自 Umiko 的 水泡护盾
[2024/6/14 19:54:05] Lilium 重新获得了来自 Umiko 的 水泡护盾
[回合5] 05m 57s:  Felivol 重新获得了来自 Umiko 的 水泡护盾
[2024/6/14 19:54:05] Felivol 重新获得了来自 Umiko 的 水泡护盾
[回合5] 05m 59s:  Flora 的 栽培 对 Archer3 造成了 2 点 Heal 。生命值：76
[2024/6/14 19:54:07] Flora 的 栽培 对 Archer3 造成了 2 点 Heal 。生命值：76
[回合5] 05m 59s:  Flora 的 栽培 对 Lilium 造成了 3 点 Heal 。生命值：73
[2024/6/14 19:54:07] Flora 的 栽培 对 Lilium 造成了 3 点 Heal 。生命值：73
[回合5] 05m 59s:  Flora 的 栽培 对 Felivol 造成了 3 点 Heal 。生命值：94
[2024/6/14 19:54:07] Flora 的 栽培 对 Felivol 造成了 3 点 Heal 。生命值：94
[回合5] 05m 59s:  Archer3 的 出血 对 BossMu 造成了 3 点 Pierce 伤害。生命值：789
[2024/6/14 19:54:07] Archer3 的 出血 对 BossMu 造成了 3 点 Pierce 伤害。生命值：789
[回合5] 06m 01s:  Archer3 施放了 射击, 目标：BossMu
[2024/6/14 19:54:09] Archer3 施放了 射击, 目标：BossMu
[回合5] 06m 02s:  Archer3 的 射击 对 BossMu 造成了 30 点 Pierce 伤害。生命值：759
[2024/6/14 19:54:10] Archer3 的 射击 对 BossMu 造成了 30 点 Pierce 伤害。生命值：759
[回合5] 06m 02s:  Umiko 施放了 水泡, 目标：BossMu
[2024/6/14 19:54:10] Umiko 施放了 水泡, 目标：BossMu
[回合5] 06m 03s:  Umiko 的 水泡 对 BossMu 造成了 11 点 Water 伤害。生命值：748
[2024/6/14 19:54:11] Umiko 的 水泡 对 BossMu 造成了 11 点 Water 伤害。生命值：748
[回合5] 06m 03s:  Lilium 重新获得了来自 Umiko 的 水泡护盾
[2024/6/14 19:54:11] Lilium 重新获得了来自 Umiko 的 水泡护盾
[回合5] 06m 03s:  Felivol 重新获得了来自 Umiko 的 水泡护盾
[2024/6/14 19:54:11] Felivol 重新获得了来自 Umiko 的 水泡护盾
[回合5] 06m 03s:  Gaceon 施放了 治疗链, 目标：Lilium
[2024/6/14 19:54:11] Gaceon 施放了 治疗链, 目标：Lilium
[回合5] 06m 03s:  Gaceon 的 治疗链 对 Lilium 造成了 26 点 Heal 。生命值：99
[2024/6/14 19:54:11] Gaceon 的 治疗链 对 Lilium 造成了 26 点 Heal 。生命值：99
[回合5] 06m 03s:  Gaceon 的 治疗链 对 Felivol 造成了 18 点 Heal 。生命值：112
[2024/6/14 19:54:11] Gaceon 的 治疗链 对 Felivol 造成了 18 点 Heal 。生命值：112
[回合5] 06m 03s:  Gaceon 的 治疗链 对 Lilium 造成了 13 点 Heal 。生命值：112
[2024/6/14 19:54:12] Gaceon 的 治疗链 对 Lilium 造成了 13 点 Heal 。生命值：112
[回合5] 06m 04s:  Flora 施放了 栽培, 目标：Astrologer
[2024/6/14 19:54:12] Flora 施放了 栽培, 目标：Astrologer
[回合5] 06m 05s:  Astrologer 获得了来自 Flora 的 栽培
[2024/6/14 19:54:13] Astrologer 获得了来自 Flora 的 栽培
[回合5] 06m 05s:  Lilium 施放了 攻击, 目标：BossMu
[2024/6/14 19:54:13] Lilium 施放了 攻击, 目标：BossMu
[回合5] 06m 06s:  Lilium 的 攻击 对 BossMu 造成了 36 点 Knock 伤害（暴击）。生命值：712
[2024/6/14 19:54:14] Lilium 的 攻击 对 BossMu 造成了 36 点 Knock 伤害（暴击）。生命值：712
[回合5] 06m 06s:  Felivol 施放了 斩击, 目标：BossMu
[2024/6/14 19:54:14] Felivol 施放了 斩击, 目标：BossMu
[回合5] 06m 06s:  Felivol 的 斩击 对 BossMu 造成了 24 点 Slash 伤害。生命值：688
[2024/6/14 19:54:14] Felivol 的 斩击 对 BossMu 造成了 24 点 Slash 伤害。生命值：688
[回合5] 06m 07s:  BossMu 施放了 小史莱姆投掷, 目标：BossMu
[2024/6/14 19:54:15] BossMu 施放了 小史莱姆投掷, 目标：BossMu
[回合5] 06m 09s:  BossMu 的 小史莱姆投掷 对 Umiko 造成了 20 点 Nature 伤害。生命值：80
[2024/6/14 19:54:17] BossMu 的 小史莱姆投掷 对 Umiko 造成了 20 点 Nature 伤害。生命值：80
[回合5] 06m 09s:  Umiko 失去了来自 BossMu 的 锁定
[2024/6/14 19:54:17] Umiko 失去了来自 BossMu 的 锁定
[回合5] 06m 09s:  SmallMu(Clone) 获得了来自 SmallMu(Clone) 的 死亡爆裂 [0]
[2024/6/14 19:54:17] SmallMu(Clone) 获得了来自 SmallMu(Clone) 的 死亡爆裂 [0]
[回合5] 06m 09s:  Umiko 获得了来自 BossMu 的 剧毒酸池
[2024/6/14 19:54:17] Umiko 获得了来自 BossMu 的 剧毒酸池
[回合5] 06m 09s:  Archer3 获得了来自 BossMu 的 剧毒酸池
[2024/6/14 19:54:17] Archer3 获得了来自 BossMu 的 剧毒酸池
[回合5] 06m 09s:  Gaceon 获得了来自 BossMu 的 剧毒酸池
[2024/6/14 19:54:17] Gaceon 获得了来自 BossMu 的 剧毒酸池
[回合5] 06m 09s:  Felivol 获得了来自 BossMu 的 剧毒酸池
[2024/6/14 19:54:17] Felivol 获得了来自 BossMu 的 剧毒酸池
[回合5] 06m 09s:  BossMu 施放了 史莱姆攻击, 目标：Lilium
[2024/6/14 19:54:17] BossMu 施放了 史莱姆攻击, 目标：Lilium
[回合5] 06m 09s:  BossMu 的 史莱姆攻击 对 Lilium 造成了 25 点 Knock 伤害。生命值：87
[2024/6/14 19:54:18] BossMu 的 史莱姆攻击 对 Lilium 造成了 25 点 Knock 伤害。生命值：87
[回合6] 06m 10s:  回合6
[2024/6/14 19:54:19] 回合6
[回合6] 06m 17s:  Felivol 施放了 圣祝：裁决重锤, 目标：BossMu
[2024/6/14 19:54:25] Felivol 施放了 圣祝：裁决重锤, 目标：BossMu
[回合6] 06m 18s:  Felivol 的 圣祝：裁决重锤 对 BossMu 造成了 30 点 Knock 伤害。生命值：658
[2024/6/14 19:54:26] Felivol 的 圣祝：裁决重锤 对 BossMu 造成了 30 点 Knock 伤害。生命值：658
[回合6] 06m 20s:  Felivol 施放了 嘲讽, 目标：BossMu
[2024/6/14 19:54:28] Felivol 施放了 嘲讽, 目标：BossMu
[回合6] 06m 26s:  Felivol 施放了 蓄力斩, 目标：South
[2024/6/14 19:54:35] Felivol 施放了 蓄力斩, 目标：South
[回合6] 06m 27s:  BossMu 的 剧毒酸池 对 Umiko 造成了 15 点 Nature 伤害。生命值：65
[2024/6/14 19:54:35] BossMu 的 剧毒酸池 对 Umiko 造成了 15 点 Nature 伤害。生命值：65
[回合6] 06m 27s:  BossMu 的 剧毒酸池 对 Gaceon 造成了 15 点 Nature 伤害。生命值：63
[2024/6/14 19:54:36] BossMu 的 剧毒酸池 对 Gaceon 造成了 15 点 Nature 伤害。生命值：63
[回合6] 06m 28s:  Flora 的 栽培 对 Archer3 造成了 2 点 Heal 。生命值：78
[2024/6/14 19:54:36] Flora 的 栽培 对 Archer3 造成了 2 点 Heal 。生命值：78
[回合6] 06m 28s:  Archer3 失去了来自 Archer3 的 狂风加护
[2024/6/14 19:54:36] Archer3 失去了来自 Archer3 的 狂风加护
[回合6] 06m 28s:  BossMu 的 剧毒酸池 对 Archer3 造成了 15 点 Nature 伤害。生命值：63
[2024/6/14 19:54:36] BossMu 的 剧毒酸池 对 Archer3 造成了 15 点 Nature 伤害。生命值：63
[回合6] 06m 28s:  Flora 的 栽培 对 Astrologer 造成了 3 点 Heal 。生命值：65
[2024/6/14 19:54:36] Flora 的 栽培 对 Astrologer 造成了 3 点 Heal 。生命值：65
[回合6] 06m 28s:  Flora 的 栽培 对 Lilium 造成了 3 点 Heal 。生命值：90
[2024/6/14 19:54:36] Flora 的 栽培 对 Lilium 造成了 3 点 Heal 。生命值：90
[回合6] 06m 28s:  Flora 的 栽培 对 Felivol 造成了 3 点 Heal 。生命值：115
[2024/6/14 19:54:37] Flora 的 栽培 对 Felivol 造成了 3 点 Heal 。生命值：115
[回合6] 06m 29s:  BossMu 的 剧毒酸池 对 Felivol 造成了 10 点 Nature 伤害。生命值：105
[2024/6/14 19:54:37] BossMu 的 剧毒酸池 对 Felivol 造成了 10 点 Nature 伤害。生命值：105
[回合6] 06m 29s:  Archer3 的 出血 对 BossMu 造成了 3 点 Pierce 伤害。生命值：655
[2024/6/14 19:54:37] Archer3 的 出血 对 BossMu 造成了 3 点 Pierce 伤害。生命值：655
[回合6] 06m 46s:  Umiko 施放了 移动, 目标：(6, 0, 10)
[2024/6/14 19:54:54] Umiko 施放了 移动, 目标：(6, 0, 10)
[回合6] 06m 46s:  Umiko 失去了来自 BossMu 的 剧毒酸池
[2024/6/14 19:54:54] Umiko 失去了来自 BossMu 的 剧毒酸池
[回合6] 06m 46s:  Lilium 失去了来自 Umiko 的 生命之歌
[2024/6/14 19:54:54] Lilium 失去了来自 Umiko 的 生命之歌
[回合6] 06m 46s:  Flora 失去了来自 Umiko 的 生命之歌
[2024/6/14 19:54:54] Flora 失去了来自 Umiko 的 生命之歌
[回合6] 06m 46s:  Felivol 失去了来自 Umiko 的 生命之歌
[2024/6/14 19:54:54] Felivol 失去了来自 Umiko 的 生命之歌
[回合6] 06m 47s:  Umiko 施放了 水泡, 目标：SmallMu(Clone)
[2024/6/14 19:54:56] Umiko 施放了 水泡, 目标：SmallMu(Clone)
[回合6] 06m 49s:  Umiko 的 水泡 对 SmallMu(Clone) 造成了 11 点 Water 伤害。生命值：109
[2024/6/14 19:54:57] Umiko 的 水泡 对 SmallMu(Clone) 造成了 11 点 Water 伤害。生命值：109
[回合6] 06m 49s:  Archer3 获得了来自 Umiko 的 水泡护盾
[2024/6/14 19:54:57] Archer3 获得了来自 Umiko 的 水泡护盾
[回合6] 06m 49s:  Umiko 获得了来自 Umiko 的 水泡护盾
[2024/6/14 19:54:57] Umiko 获得了来自 Umiko 的 水泡护盾
[回合6] 06m 50s:  BossMu 的 剧毒酸池 对 Gaceon 造成了 15 点 Nature 伤害。生命值：48
[2024/6/14 19:54:58] BossMu 的 剧毒酸池 对 Gaceon 造成了 15 点 Nature 伤害。生命值：48
[回合6] 06m 50s:  Flora 的 栽培 对 Archer3 造成了 2 点 Heal 。生命值：65
[2024/6/14 19:54:58] Flora 的 栽培 对 Archer3 造成了 2 点 Heal 。生命值：65
[回合6] 06m 50s:  Archer3 失去了来自 Flora 的 栽培
[2024/6/14 19:54:58] Archer3 失去了来自 Flora 的 栽培
[回合6] 06m 50s:  BossMu 的 剧毒酸池 对 Archer3 造成了 14 点 Nature 伤害。生命值：51
[2024/6/14 19:54:58] BossMu 的 剧毒酸池 对 Archer3 造成了 14 点 Nature 伤害。生命值：51
[回合6] 06m 50s:  Flora 的 栽培 对 Astrologer 造成了 3 点 Heal 。生命值：68
[2024/6/14 19:54:59] Flora 的 栽培 对 Astrologer 造成了 3 点 Heal 。生命值：68
[回合6] 06m 51s:  Flora 的 栽培 对 Lilium 造成了 3 点 Heal 。生命值：93
[2024/6/14 19:54:59] Flora 的 栽培 对 Lilium 造成了 3 点 Heal 。生命值：93
[回合6] 06m 51s:  Flora 的 栽培 对 Felivol 造成了 3 点 Heal 。生命值：108
[2024/6/14 19:54:59] Flora 的 栽培 对 Felivol 造成了 3 点 Heal 。生命值：108
[回合6] 06m 51s:  BossMu 的 剧毒酸池 对 Felivol 造成了 10 点 Nature 伤害。生命值：98
[2024/6/14 19:54:59] BossMu 的 剧毒酸池 对 Felivol 造成了 10 点 Nature 伤害。生命值：98
[回合6] 06m 51s:  Archer3 的 出血 对 BossMu 造成了 3 点 Pierce 伤害。生命值：652
[2024/6/14 19:55:00] Archer3 的 出血 对 BossMu 造成了 3 点 Pierce 伤害。生命值：652
[回合6] 06m 51s:  BossMu 施放了 BAD_STRING, 目标：South
[2024/6/14 19:55:00] BossMu 施放了 BAD_STRING, 目标：South
[回合6] 06m 52s:  BossMu 的 BAD_STRING 对 Lilium 造成了 38 点 Knock 伤害。生命值：55
[2024/6/14 19:55:00] BossMu 的 BAD_STRING 对 Lilium 造成了 38 点 Knock 伤害。生命值：55
[回合6] 06m 52s:  BossMu 的 BAD_STRING 对 Felivol 造成了 34 点 Knock 伤害。生命值：64
[2024/6/14 19:55:00] BossMu 的 BAD_STRING 对 Felivol 造成了 34 点 Knock 伤害。生命值：64
[回合6] 06m 52s:  Felivol 失去了来自 BossMu 的 剧毒酸池
[2024/6/14 19:55:00] Felivol 失去了来自 BossMu 的 剧毒酸池
[回合6] 06m 52s:  Felivol 的 旅者 对 Felivol 造成了 2 点 Heal 。生命值：66
[2024/6/14 19:55:01] Felivol 的 旅者 对 Felivol 造成了 2 点 Heal 。生命值：66
[回合6] 07m 02s:  Archer3 施放了 移动, 目标：(7, 0, 8)
[2024/6/14 19:55:11] Archer3 施放了 移动, 目标：(7, 0, 8)
[回合6] 07m 03s:  Archer3 失去了来自 BossMu 的 剧毒酸池
[2024/6/14 19:55:11] Archer3 失去了来自 BossMu 的 剧毒酸池
[回合6] 07m 05s:  Archer3 施放了 射击, 目标：SmallMu(Clone)
[2024/6/14 19:55:13] Archer3 施放了 射击, 目标：SmallMu(Clone)
[回合6] 07m 05s:  Archer3 的 射击 对 SmallMu(Clone) 造成了 30 点 Pierce 伤害。生命值：79
[2024/6/14 19:55:14] Archer3 的 射击 对 SmallMu(Clone) 造成了 30 点 Pierce 伤害。生命值：79
[回合6] 07m 07s:  BossMu 的 剧毒酸池 对 Gaceon 造成了 15 点 Nature 伤害。生命值：33
[2024/6/14 19:55:16] BossMu 的 剧毒酸池 对 Gaceon 造成了 15 点 Nature 伤害。生命值：33
[回合6] 07m 08s:  Flora 的 栽培 对 Astrologer 造成了 3 点 Heal 。生命值：71
[2024/6/14 19:55:16] Flora 的 栽培 对 Astrologer 造成了 3 点 Heal 。生命值：71
[回合6] 07m 08s:  Flora 的 栽培 对 Lilium 造成了 3 点 Heal 。生命值：58
[2024/6/14 19:55:16] Flora 的 栽培 对 Lilium 造成了 3 点 Heal 。生命值：58
[回合6] 07m 08s:  Flora 的 栽培 对 Felivol 造成了 3 点 Heal 。生命值：69
[2024/6/14 19:55:16] Flora 的 栽培 对 Felivol 造成了 3 点 Heal 。生命值：69
[回合6] 07m 08s:  Archer3 的 出血 对 BossMu 造成了 3 点 Pierce 伤害。生命值：649
[2024/6/14 19:55:16] Archer3 的 出血 对 BossMu 造成了 3 点 Pierce 伤害。生命值：649
[回合6] 07m 10s:  Gaceon 施放了 移动, 目标：(8, 0, 7)
[2024/6/14 19:55:19] Gaceon 施放了 移动, 目标：(8, 0, 7)
[回合6] 07m 11s:  Gaceon 失去了来自 BossMu 的 剧毒酸池
[2024/6/14 19:55:19] Gaceon 失去了来自 BossMu 的 剧毒酸池
[回合6] 07m 14s:  Gaceon 施放了 治疗链, 目标：Gaceon
[2024/6/14 19:55:22] Gaceon 施放了 治疗链, 目标：Gaceon
[回合6] 07m 14s:  Gaceon 的 治疗链 对 Gaceon 造成了 26 点 Heal 。生命值：59
[2024/6/14 19:55:22] Gaceon 的 治疗链 对 Gaceon 造成了 26 点 Heal 。生命值：59
[回合6] 07m 14s:  Gaceon 的 治疗链 对 Felivol 造成了 18 点 Heal 。生命值：87
[2024/6/14 19:55:22] Gaceon 的 治疗链 对 Felivol 造成了 18 点 Heal 。生命值：87
[回合6] 07m 14s:  Gaceon 的 治疗链 对 Lilium 造成了 13 点 Heal 。生命值：71
[2024/6/14 19:55:23] Gaceon 的 治疗链 对 Lilium 造成了 13 点 Heal 。生命值：71
[回合6] 07m 18s:  Gaceon 施放了 治疗链, 目标：Archer3
[2024/6/14 19:55:26] Gaceon 施放了 治疗链, 目标：Archer3
[回合6] 07m 18s:  Gaceon 的 治疗链 对 Archer3 造成了 26 点 Heal 。生命值：77
[2024/6/14 19:55:26] Gaceon 的 治疗链 对 Archer3 造成了 26 点 Heal 。生命值：77
[回合6] 07m 18s:  Gaceon 的 治疗链 对 Felivol 造成了 18 点 Heal 。生命值：105
[2024/6/14 19:55:26] Gaceon 的 治疗链 对 Felivol 造成了 18 点 Heal 。生命值：105
[回合6] 07m 18s:  Gaceon 的 治疗链 对 Lilium 造成了 13 点 Heal 。生命值：84
[2024/6/14 19:55:26] Gaceon 的 治疗链 对 Lilium 造成了 13 点 Heal 。生命值：84
[回合6] 07m 22s:  Flora 的 栽培 对 Astrologer 造成了 3 点 Heal 。生命值：74
[2024/6/14 19:55:30] Flora 的 栽培 对 Astrologer 造成了 3 点 Heal 。生命值：74
[回合6] 07m 22s:  Flora 的 栽培 对 Lilium 造成了 3 点 Heal 。生命值：87
[2024/6/14 19:55:31] Flora 的 栽培 对 Lilium 造成了 3 点 Heal 。生命值：87
[回合6] 07m 22s:  Lilium 失去了来自 Flora 的 栽培
[2024/6/14 19:55:31] Lilium 失去了来自 Flora 的 栽培
[回合6] 07m 23s:  Flora 的 栽培 对 Felivol 造成了 3 点 Heal 。生命值：108
[2024/6/14 19:55:31] Flora 的 栽培 对 Felivol 造成了 3 点 Heal 。生命值：108
[回合6] 07m 23s:  Archer3 的 出血 对 BossMu 造成了 3 点 Pierce 伤害。生命值：646
[2024/6/14 19:55:31] Archer3 的 出血 对 BossMu 造成了 3 点 Pierce 伤害。生命值：646
[回合6] 07m 24s:  Archer3 施放了 射击, 目标：SmallMu(Clone)
[2024/6/14 19:55:33] Archer3 施放了 射击, 目标：SmallMu(Clone)
[回合6] 07m 25s:  Archer3 的 射击 对 SmallMu(Clone) 造成了 30 点 Pierce 伤害。生命值：49
[2024/6/14 19:55:33] Archer3 的 射击 对 SmallMu(Clone) 造成了 30 点 Pierce 伤害。生命值：49
[回合6] 07m 25s:  Umiko 施放了 水泡, 目标：SmallMu(Clone)
[2024/6/14 19:55:33] Umiko 施放了 水泡, 目标：SmallMu(Clone)
[回合6] 07m 26s:  Umiko 的 水泡 对 SmallMu(Clone) 造成了 11 点 Water 伤害。生命值：38
[2024/6/14 19:55:35] Umiko 的 水泡 对 SmallMu(Clone) 造成了 11 点 Water 伤害。生命值：38
[回合6] 07m 26s:  Umiko 重新获得了来自 Umiko 的 水泡护盾
[2024/6/14 19:55:35] Umiko 重新获得了来自 Umiko 的 水泡护盾
[回合6] 07m 26s:  Gaceon 施放了 治疗链, 目标：Umiko
[2024/6/14 19:55:35] Gaceon 施放了 治疗链, 目标：Umiko
[回合6] 07m 27s:  Gaceon 的 治疗链 对 Umiko 造成了 26 点 Heal 。生命值：91
[2024/6/14 19:55:35] Gaceon 的 治疗链 对 Umiko 造成了 26 点 Heal 。生命值：91
[回合6] 07m 27s:  Gaceon 的 治疗链 对 Archer3 造成了 18 点 Heal 。生命值：95
[2024/6/14 19:55:35] Gaceon 的 治疗链 对 Archer3 造成了 18 点 Heal 。生命值：95
[回合6] 07m 27s:  Gaceon 的 治疗链 对 Gaceon 造成了 13 点 Heal 。生命值：72
[2024/6/14 19:55:35] Gaceon 的 治疗链 对 Gaceon 造成了 13 点 Heal 。生命值：72
[回合6] 07m 28s:  Flora 施放了 栽培, 目标：Gaceon
[2024/6/14 19:55:36] Flora 施放了 栽培, 目标：Gaceon
[回合6] 07m 29s:  Gaceon 获得了来自 Flora 的 栽培
[2024/6/14 19:55:37] Gaceon 获得了来自 Flora 的 栽培
[回合6] 07m 29s:  Lilium 施放了 攻击, 目标：BossMu
[2024/6/14 19:55:37] Lilium 施放了 攻击, 目标：BossMu
[回合6] 07m 30s:  SmallMu(Clone) 施放了 移动, 目标：(9, 0, 10)
[2024/6/14 19:55:38] SmallMu(Clone) 施放了 移动, 目标：(9, 0, 10)
[回合6] 07m 30s:  SmallMu(Clone) 施放了 移动, 目标：(10, 0, 10)
[2024/6/14 19:55:38] SmallMu(Clone) 施放了 移动, 目标：(10, 0, 10)
[回合6] 07m 30s:  SmallMu(Clone) 施放了 移动, 目标：(10, 0, 9)
[2024/6/14 19:55:38] SmallMu(Clone) 施放了 移动, 目标：(10, 0, 9)
[回合6] 07m 31s:  BossMu 施放了 史莱姆攻击, 目标：Felivol
[2024/6/14 19:55:39] BossMu 施放了 史莱姆攻击, 目标：Felivol
[回合6] 07m 31s:  BossMu 的 史莱姆攻击 对 Felivol 造成了 22 点 Knock 伤害。生命值：86
[2024/6/14 19:55:40] BossMu 的 史莱姆攻击 对 Felivol 造成了 22 点 Knock 伤害。生命值：86
[回合6] 07m 32s:  Felivol 施放了 蓄力斩, 目标：South
[2024/6/14 19:55:40] Felivol 施放了 蓄力斩, 目标：South
[回合6] 07m 33s:  Felivol 的 蓄力斩 对 BossMu 造成了 31 点 Slash 伤害。生命值：615
[2024/6/14 19:55:41] Felivol 的 蓄力斩 对 BossMu 造成了 31 点 Slash 伤害。生命值：615
[回合7] 07m 33s:  回合7
[2024/6/14 19:55:41] 回合7
[回合7] 07m 37s:  Flora 施放了 绽放, 目标：Flora
[2024/6/14 19:55:45] Flora 施放了 绽放, 目标：Flora
[回合7] 07m 38s:  Flora 的 绽放 对 Umiko 造成了 21 点 Heal 。生命值：112
[2024/6/14 19:55:46] Flora 的 绽放 对 Umiko 造成了 21 点 Heal 。生命值：112
[回合7] 07m 38s:  Flora 的 绽放 对 Gaceon 造成了 21 点 Heal 。生命值：93
[2024/6/14 19:55:46] Flora 的 绽放 对 Gaceon 造成了 21 点 Heal 。生命值：93
[回合7] 07m 38s:  Flora 的 绽放 对 Archer3 造成了 1 点 Heal 。生命值：96
[2024/6/14 19:55:47] Flora 的 绽放 对 Archer3 造成了 1 点 Heal 。生命值：96
[回合7] 07m 39s:  Flora 的 绽放 对 Astrologer 造成了 16 点 Heal 。生命值：90
[2024/6/14 19:55:47] Flora 的 绽放 对 Astrologer 造成了 16 点 Heal 。生命值：90
[回合7] 07m 39s:  Flora 的 绽放 对 Lilium 造成了 21 点 Heal 。生命值：108
[2024/6/14 19:55:47] Flora 的 绽放 对 Lilium 造成了 21 点 Heal 。生命值：108
[回合7] 07m 39s:  Flora 的 绽放 对 Flora 造成了 21 点 Heal 。生命值：97
[2024/6/14 19:55:47] Flora 的 绽放 对 Flora 造成了 21 点 Heal 。生命值：97
[回合7] 07m 39s:  Flora 的 绽放 对 Felivol 造成了 21 点 Heal 。生命值：107
[2024/6/14 19:55:47] Flora 的 绽放 对 Felivol 造成了 21 点 Heal 。生命值：107
[回合7] 07m 45s:  Flora 施放了 治疗术, 目标：Felivol
[2024/6/14 19:55:53] Flora 施放了 治疗术, 目标：Felivol
[回合7] 07m 46s:  Flora 的 治疗术 对 Felivol 造成了 25 点 Heal 。生命值：132
[2024/6/14 19:55:54] Flora 的 治疗术 对 Felivol 造成了 25 点 Heal 。生命值：132
[回合7] 07m 48s:  Flora 施放了 彗星箭, 目标：SmallMu(Clone)
[2024/6/14 19:55:56] Flora 施放了 彗星箭, 目标：SmallMu(Clone)
[回合7] 07m 48s:  Flora 的 彗星箭 对 SmallMu(Clone) 造成了 14 点 Ice 伤害。生命值：24
[2024/6/14 19:55:57] Flora 的 彗星箭 对 SmallMu(Clone) 造成了 14 点 Ice 伤害。生命值：24
[回合7] 07m 50s:  Flora 施放了 彗星箭, 目标：SmallMu(Clone)
[2024/6/14 19:55:58] Flora 施放了 彗星箭, 目标：SmallMu(Clone)
[回合7] 07m 51s:  Flora 的 彗星箭 对 SmallMu(Clone) 造成了 14 点 Ice 伤害。生命值：10
[2024/6/14 19:55:59] Flora 的 彗星箭 对 SmallMu(Clone) 造成了 14 点 Ice 伤害。生命值：10
[回合7] 07m 52s:  Flora 的 栽培 对 Gaceon 造成了 3 点 Heal 。生命值：96
[2024/6/14 19:56:00] Flora 的 栽培 对 Gaceon 造成了 3 点 Heal 。生命值：96
[回合7] 07m 52s:  Flora 的 栽培 对 Astrologer 造成了 0 点 Heal 。生命值：90
[2024/6/14 19:56:00] Flora 的 栽培 对 Astrologer 造成了 0 点 Heal 。生命值：90
[回合7] 07m 52s:  Flora 的 栽培 对 Felivol 造成了 0 点 Heal 。生命值：132
[2024/6/14 19:56:00] Flora 的 栽培 对 Felivol 造成了 0 点 Heal 。生命值：132
[回合7] 07m 53s:  Archer3 的 出血 对 BossMu 造成了 3 点 Pierce 伤害。生命值：612
[2024/6/14 19:56:01] Archer3 的 出血 对 BossMu 造成了 3 点 Pierce 伤害。生命值：612
[回合7] 08m 12s:  Felivol 施放了 移动, 目标：(11, 0, 7)
[2024/6/14 19:56:20] Felivol 施放了 移动, 目标：(11, 0, 7)
[回合7] 08m 12s:  Felivol 的 旅者 对 Felivol 造成了 0 点 Heal 。生命值：132
[2024/6/14 19:56:20] Felivol 的 旅者 对 Felivol 造成了 0 点 Heal 。生命值：132
[回合7] 08m 14s:  Felivol 施放了 斩击, 目标：BossMu
[2024/6/14 19:56:22] Felivol 施放了 斩击, 目标：BossMu
[回合7] 08m 14s:  Felivol 的 斩击 对 BossMu 造成了 24 点 Slash 伤害。生命值：588
[2024/6/14 19:56:23] Felivol 的 斩击 对 BossMu 造成了 24 点 Slash 伤害。生命值：588
[回合7] 08m 16s:  Felivol 施放了 斩击, 目标：BossMu
[2024/6/14 19:56:24] Felivol 施放了 斩击, 目标：BossMu
[回合7] 08m 16s:  Felivol 的 斩击 对 BossMu 造成了 24 点 Slash 伤害。生命值：564
[2024/6/14 19:56:25] Felivol 的 斩击 对 BossMu 造成了 24 点 Slash 伤害。生命值：564
[回合7] 08m 18s:  Felivol 失去了来自 Felivol 的 祝福之光
[2024/6/14 19:56:27] Felivol 失去了来自 Felivol 的 祝福之光
[回合7] 08m 18s:  Felivol 施放了 圣祝：裁决重锤, 目标：BossMu
[2024/6/14 19:56:27] Felivol 施放了 圣祝：裁决重锤, 目标：BossMu
[回合7] 08m 19s:  Felivol 的 圣祝：裁决重锤 对 BossMu 造成了 60 点 Knock 伤害（暴击）。生命值：504
[2024/6/14 19:56:27] Felivol 的 圣祝：裁决重锤 对 BossMu 造成了 60 点 Knock 伤害（暴击）。生命值：504
[回合7] 08m 24s:  Felivol 施放了 蓄力斩, 目标：North
[2024/6/14 19:56:32] Felivol 施放了 蓄力斩, 目标：North
[回合7] 08m 24s:  Flora 的 栽培 对 Gaceon 造成了 3 点 Heal 。生命值：99
[2024/6/14 19:56:33] Flora 的 栽培 对 Gaceon 造成了 3 点 Heal 。生命值：99
[回合7] 08m 25s:  Flora 的 栽培 对 Astrologer 造成了 0 点 Heal 。生命值：90
[2024/6/14 19:56:33] Flora 的 栽培 对 Astrologer 造成了 0 点 Heal 。生命值：90
[回合7] 08m 25s:  Flora 的 栽培 对 Felivol 造成了 0 点 Heal 。生命值：132
[2024/6/14 19:56:33] Flora 的 栽培 对 Felivol 造成了 0 点 Heal 。生命值：132
[回合7] 08m 25s:  Felivol 失去了来自 Flora 的 栽培
[2024/6/14 19:56:33] Felivol 失去了来自 Flora 的 栽培
[回合7] 08m 25s:  Archer3 的 出血 对 BossMu 造成了 3 点 Pierce 伤害。生命值：501
[2024/6/14 19:56:33] Archer3 的 出血 对 BossMu 造成了 3 点 Pierce 伤害。生命值：501
[回合7] 08m 25s:  BossMu 施放了 BAD_STRING, 目标：North
[2024/6/14 19:56:33] BossMu 施放了 BAD_STRING, 目标：North
[回合7] 08m 26s:  BossMu 的 BAD_STRING 对 Lilium 造成了 38 点 Knock 伤害。生命值：70
[2024/6/14 19:56:34] BossMu 的 BAD_STRING 对 Lilium 造成了 38 点 Knock 伤害。生命值：70
[回合7] 08m 26s:  BossMu 的 BAD_STRING 对 Felivol 造成了 34 点 Knock 伤害。生命值：98
[2024/6/14 19:56:34] BossMu 的 BAD_STRING 对 Felivol 造成了 34 点 Knock 伤害。生命值：98
[回合7] 08m 26s:  Felivol 的 旅者 对 Felivol 造成了 2 点 Heal 。生命值：100
[2024/6/14 19:56:34] Felivol 的 旅者 对 Felivol 造成了 2 点 Heal 。生命值：100
[回合7] 08m 39s:  Astrologer 施放了 移动, 目标：(13, 0, 9)
[2024/6/14 19:56:47] Astrologer 施放了 移动, 目标：(13, 0, 9)
[回合7] 08m 41s:  Astrologer 施放了 彗星箭, 目标：SmallMu(Clone)
[2024/6/14 19:56:49] Astrologer 施放了 彗星箭, 目标：SmallMu(Clone)
[回合7] 08m 42s:  Astrologer 的 彗星箭 对 SmallMu(Clone) 造成了 10 点 Ice 伤害。生命值：0
[2024/6/14 19:56:50] Astrologer 的 彗星箭 对 SmallMu(Clone) 造成了 10 点 Ice 伤害。生命值：0
[回合7] 08m 42s:  SmallMu(Clone) 施放了 小史莱姆爆炸, 目标：SmallMu(Clone)
[2024/6/14 19:56:50] SmallMu(Clone) 施放了 小史莱姆爆炸, 目标：SmallMu(Clone)
[回合7] 08m 43s:  SmallMu(Clone) 的 小史莱姆爆炸 对 Umiko 造成了 24 点 Nature 伤害。生命值：88
[2024/6/14 19:56:51] SmallMu(Clone) 的 小史莱姆爆炸 对 Umiko 造成了 24 点 Nature 伤害。生命值：88
[回合7] 08m 43s:  SmallMu(Clone) 的 小史莱姆爆炸 对 Gaceon 造成了 26 点 Nature 伤害。生命值：73
[2024/6/14 19:56:51] SmallMu(Clone) 的 小史莱姆爆炸 对 Gaceon 造成了 26 点 Nature 伤害。生命值：73
[回合7] 08m 43s:  SmallMu(Clone) 的 小史莱姆爆炸 对 Archer3 造成了 25 点 Nature 伤害。生命值：71
[2024/6/14 19:56:52] SmallMu(Clone) 的 小史莱姆爆炸 对 Archer3 造成了 25 点 Nature 伤害。生命值：71
[回合7] 08m 44s:  SmallMu(Clone) 的 小史莱姆爆炸 对 Astrologer 造成了 26 点 Nature 伤害。生命值：64
[2024/6/14 19:56:52] SmallMu(Clone) 的 小史莱姆爆炸 对 Astrologer 造成了 26 点 Nature 伤害。生命值：64
[回合7] 08m 44s:  SmallMu(Clone) 的 小史莱姆爆炸 对 Lilium 造成了 23 点 Nature 伤害。生命值：47
[2024/6/14 19:56:52] SmallMu(Clone) 的 小史莱姆爆炸 对 Lilium 造成了 23 点 Nature 伤害。生命值：47
[回合7] 08m 44s:  SmallMu(Clone) 的 小史莱姆爆炸 对 Flora 造成了 26 点 Nature 伤害。生命值：71
[2024/6/14 19:56:52] SmallMu(Clone) 的 小史莱姆爆炸 对 Flora 造成了 26 点 Nature 伤害。生命值：71
[回合7] 08m 45s:  SmallMu(Clone) 的 小史莱姆爆炸 对 Felivol 造成了 20 点 Nature 伤害。生命值：80
[2024/6/14 19:56:53] SmallMu(Clone) 的 小史莱姆爆炸 对 Felivol 造成了 20 点 Nature 伤害。生命值：80
[回合7] 08m 45s:  SmallMu(Clone) 失去了来自 SmallMu(Clone) 的 死亡爆裂 [0]
[2024/6/14 19:56:53] SmallMu(Clone) 失去了来自 SmallMu(Clone) 的 死亡爆裂 [0]
[回合7] 08m 45s:  Astrologer 的 彗星箭 击杀了 SmallMu(Clone) !
[2024/6/14 19:56:53] Astrologer 的 彗星箭 击杀了 SmallMu(Clone) !
[回合7] 08m 46s:  Flora 的 栽培 对 Gaceon 造成了 3 点 Heal 。生命值：76
[2024/6/14 19:56:54] Flora 的 栽培 对 Gaceon 造成了 3 点 Heal 。生命值：76
[回合7] 08m 46s:  Flora 的 栽培 对 Astrologer 造成了 3 点 Heal 。生命值：67
[2024/6/14 19:56:54] Flora 的 栽培 对 Astrologer 造成了 3 点 Heal 。生命值：67
[回合7] 08m 46s:  Archer3 的 出血 对 BossMu 造成了 3 点 Pierce 伤害。生命值：498
[2024/6/14 19:56:55] Archer3 的 出血 对 BossMu 造成了 3 点 Pierce 伤害。生命值：498
[回合7] 08m 59s:  Gaceon 施放了 治疗链, 目标：Felivol
[2024/6/14 19:57:08] Gaceon 施放了 治疗链, 目标：Felivol
[回合7] 09m 00s:  Gaceon 的 治疗链 对 Felivol 造成了 26 点 Heal 。生命值：106
[2024/6/14 19:57:08] Gaceon 的 治疗链 对 Felivol 造成了 26 点 Heal 。生命值：106
[回合7] 09m 00s:  Gaceon 的 治疗链 对 Lilium 造成了 18 点 Heal 。生命值：65
[2024/6/14 19:57:08] Gaceon 的 治疗链 对 Lilium 造成了 18 点 Heal 。生命值：65
[回合7] 09m 00s:  Gaceon 的 治疗链 对 Felivol 造成了 13 点 Heal 。生命值：119
[2024/6/14 19:57:08] Gaceon 的 治疗链 对 Felivol 造成了 13 点 Heal 。生命值：119
[回合7] 09m 02s:  Flora 的 栽培 对 Gaceon 造成了 3 点 Heal 。生命值：79
[2024/6/14 19:57:10] Flora 的 栽培 对 Gaceon 造成了 3 点 Heal 。生命值：79
[回合7] 09m 02s:  Flora 的 栽培 对 Astrologer 造成了 3 点 Heal 。生命值：70
[2024/6/14 19:57:11] Flora 的 栽培 对 Astrologer 造成了 3 点 Heal 。生命值：70
[回合7] 09m 02s:  Lilium 失去了来自 Umiko 的 水泡护盾
[2024/6/14 19:57:11] Lilium 失去了来自 Umiko 的 水泡护盾
[回合7] 09m 02s:  Felivol 失去了来自 Umiko 的 水泡护盾
[2024/6/14 19:57:11] Felivol 失去了来自 Umiko 的 水泡护盾
[回合7] 09m 03s:  Archer3 的 出血 对 BossMu 造成了 3 点 Pierce 伤害。生命值：495
[2024/6/14 19:57:11] Archer3 的 出血 对 BossMu 造成了 3 点 Pierce 伤害。生命值：495
[回合7] 09m 04s:  Archer3 施放了 射击, 目标：SmallMu(Clone)
[2024/6/14 19:57:12] Archer3 施放了 射击, 目标：SmallMu(Clone)
[回合7] 09m 05s:  Umiko 施放了 水泡, 目标：SmallMu(Clone)
[2024/6/14 19:57:13] Umiko 施放了 水泡, 目标：SmallMu(Clone)
[回合7] 09m 06s:  Felivol 获得了来自 Umiko 的 水泡护盾
[2024/6/14 19:57:14] Felivol 获得了来自 Umiko 的 水泡护盾
[回合7] 09m 06s:  Gaceon 施放了 治疗链, 目标：Felivol
[2024/6/14 19:57:14] Gaceon 施放了 治疗链, 目标：Felivol
[回合7] 09m 06s:  Gaceon 的 治疗链 对 Felivol 造成了 13 点 Heal 。生命值：132
[2024/6/14 19:57:14] Gaceon 的 治疗链 对 Felivol 造成了 13 点 Heal 。生命值：132
[回合7] 09m 06s:  Gaceon 的 治疗链 对 Lilium 造成了 18 点 Heal 。生命值：83
[2024/6/14 19:57:14] Gaceon 的 治疗链 对 Lilium 造成了 18 点 Heal 。生命值：83
[回合7] 09m 06s:  Gaceon 的 治疗链 对 Felivol 造成了 0 点 Heal 。生命值：132
[2024/6/14 19:57:14] Gaceon 的 治疗链 对 Felivol 造成了 0 点 Heal 。生命值：132
[回合7] 09m 07s:  Flora 施放了 栽培, 目标：Flora
[2024/6/14 19:57:15] Flora 施放了 栽培, 目标：Flora
[回合7] 09m 08s:  Flora 获得了来自 Flora 的 栽培
[2024/6/14 19:57:16] Flora 获得了来自 Flora 的 栽培
[回合7] 09m 08s:  Lilium 施放了 攻击, 目标：BossMu
[2024/6/14 19:57:16] Lilium 施放了 攻击, 目标：BossMu
[回合7] 09m 08s:  Lilium 的 攻击 对 BossMu 造成了 18 点 Knock 伤害。生命值：477
[2024/6/14 19:57:17] Lilium 的 攻击 对 BossMu 造成了 18 点 Knock 伤害。生命值：477
[回合7] 09m 09s:  BossMu 施放了 小史莱姆标记, 目标：BossMu
[2024/6/14 19:57:18] BossMu 施放了 小史莱姆标记, 目标：BossMu
[回合7] 09m 10s:  Gaceon 获得了来自 BossMu 的 锁定
[2024/6/14 19:57:18] Gaceon 获得了来自 BossMu 的 锁定
[回合7] 09m 10s:  BossMu 施放了 移动, 目标：(11, 0, 10)
[2024/6/14 19:57:18] BossMu 施放了 移动, 目标：(11, 0, 10)
[回合7] 09m 10s:  BossMu 施放了 史莱姆攻击, 目标：Felivol
[2024/6/14 19:57:19] BossMu 施放了 史莱姆攻击, 目标：Felivol
[回合7] 09m 11s:  BossMu 的 史莱姆攻击 对 Felivol 造成了 24 点 Knock 伤害。生命值：108
[2024/6/14 19:57:19] BossMu 的 史莱姆攻击 对 Felivol 造成了 24 点 Knock 伤害。生命值：108
[回合7] 09m 12s:  Felivol 施放了 蓄力斩, 目标：North
[2024/6/14 19:57:20] Felivol 施放了 蓄力斩, 目标：North
[回合7] 09m 13s:  Felivol 的 蓄力斩 对 BossMu 造成了 31 点 Slash 伤害。生命值：446
[2024/6/14 19:57:21] Felivol 的 蓄力斩 对 BossMu 造成了 31 点 Slash 伤害。生命值：446
[回合8] 09m 13s:  回合8
[2024/6/14 19:57:21] 回合8
[回合8] 09m 24s:  Lilium 施放了 移动, 目标：(11, 0, 12)
[2024/6/14 19:57:32] Lilium 施放了 移动, 目标：(11, 0, 12)
[回合8] 09m 25s:  Lilium 施放了 嘲讽, 目标：BossMu
[2024/6/14 19:57:34] Lilium 施放了 嘲讽, 目标：BossMu
[回合8] 09m 31s:  Lilium 施放了 副手攻击, 目标：BossMu
[2024/6/14 19:57:39] Lilium 施放了 副手攻击, 目标：BossMu
[回合8] 09m 32s:  Lilium 的 副手攻击 对 BossMu 造成了 11 点 Slash 伤害。生命值：435
[2024/6/14 19:57:40] Lilium 的 副手攻击 对 BossMu 造成了 11 点 Slash 伤害。生命值：435
[回合8] 09m 38s:  Lilium 施放了 法力护盾, 目标：Lilium
[2024/6/14 19:57:46] Lilium 施放了 法力护盾, 目标：Lilium
[回合8] 09m 39s:  Lilium 获得了来自 Lilium 的 法力护盾
[2024/6/14 19:57:47] Lilium 获得了来自 Lilium 的 法力护盾
[回合8] 09m 39s:  Flora 的 栽培 对 Gaceon 造成了 3 点 Heal 。生命值：82
[2024/6/14 19:57:48] Flora 的 栽培 对 Gaceon 造成了 3 点 Heal 。生命值：82
[回合8] 09m 39s:  Archer3 失去了来自 Umiko 的 水泡护盾
[2024/6/14 19:57:48] Archer3 失去了来自 Umiko 的 水泡护盾
[回合8] 09m 40s:  Flora 的 栽培 对 Astrologer 造成了 3 点 Heal 。生命值：73
[2024/6/14 19:57:48] Flora 的 栽培 对 Astrologer 造成了 3 点 Heal 。生命值：73
[回合8] 09m 40s:  Flora 的 栽培 对 Flora 造成了 2 点 Heal 。生命值：73
[2024/6/14 19:57:48] Flora 的 栽培 对 Flora 造成了 2 点 Heal 。生命值：73
[回合8] 09m 40s:  Archer3 的 出血 对 BossMu 造成了 3 点 Pierce 伤害。生命值：432
[2024/6/14 19:57:48] Archer3 的 出血 对 BossMu 造成了 3 点 Pierce 伤害。生命值：432
[回合8] 09m 40s:  BossMu 失去了来自 Archer3 的 出血
[2024/6/14 19:57:48] BossMu 失去了来自 Archer3 的 出血
[回合8] 09m 40s:  BossMu 施放了 BAD_STRING, 目标：North
[2024/6/14 19:57:48] BossMu 施放了 BAD_STRING, 目标：North
[回合8] 09m 41s:  BossMu 的 BAD_STRING 对 Lilium 造成了 0 点 Nature 伤害。生命值：83
[2024/6/14 19:57:49] BossMu 的 BAD_STRING 对 Lilium 造成了 0 点 Nature 伤害。生命值：83
[回合8] 09m 41s:  Lilium 重新获得了来自 BossMu 的 BAD_STRING
[2024/6/14 19:57:49] Lilium 重新获得了来自 BossMu 的 BAD_STRING
[回合8] 09m 52s:  Astrologer 施放了 星光超流, 目标：BossMu
[2024/6/14 19:58:00] Astrologer 施放了 星光超流, 目标：BossMu
[回合8] 09m 53s:  Astrologer 的 星光超流 对 BossMu 造成了 27 点 Light 伤害。生命值：405
[2024/6/14 19:58:01] Astrologer 的 星光超流 对 BossMu 造成了 27 点 Light 伤害。生命值：405
[回合8] 09m 53s:  BossMu 获得了来自 Astrologer 的 繁星道标
[2024/6/14 19:58:01] BossMu 获得了来自 Astrologer 的 繁星道标
[回合8] 09m 54s:  Astrologer 施放了 彗星箭, 目标：BossMu
[2024/6/14 19:58:02] Astrologer 施放了 彗星箭, 目标：BossMu
[回合8] 09m 55s:  Astrologer 的 彗星箭 对 BossMu 造成了 32 点 Ice 伤害。生命值：373
[2024/6/14 19:58:03] Astrologer 的 彗星箭 对 BossMu 造成了 32 点 Ice 伤害。生命值：373
[回合8] 09m 58s:  Flora 的 栽培 对 Gaceon 造成了 3 点 Heal 。生命值：85
[2024/6/14 19:58:06] Flora 的 栽培 对 Gaceon 造成了 3 点 Heal 。生命值：85
[回合8] 09m 58s:  Flora 的 栽培 对 Astrologer 造成了 3 点 Heal 。生命值：76
[2024/6/14 19:58:06] Flora 的 栽培 对 Astrologer 造成了 3 点 Heal 。生命值：76
[回合8] 09m 58s:  Astrologer 失去了来自 Flora 的 栽培
[2024/6/14 19:58:06] Astrologer 失去了来自 Flora 的 栽培
[回合8] 09m 58s:  Flora 的 栽培 对 Flora 造成了 2 点 Heal 。生命值：75
[2024/6/14 19:58:06] Flora 的 栽培 对 Flora 造成了 2 点 Heal 。生命值：75
[回合8] 10m 04s:  Umiko 施放了 海神之鞭, 目标：Umiko
[2024/6/14 19:58:12] Umiko 施放了 海神之鞭, 目标：Umiko
[回合8] 10m 05s:  Umiko 获得了来自 Umiko 的 海神之鞭
[2024/6/14 19:58:13] Umiko 获得了来自 Umiko 的 海神之鞭
[回合8] 10m 05s:  Gaceon 获得了来自 Umiko 的 海神之鞭
[2024/6/14 19:58:13] Gaceon 获得了来自 Umiko 的 海神之鞭
[回合8] 10m 05s:  Archer3 获得了来自 Umiko 的 海神之鞭
[2024/6/14 19:58:13] Archer3 获得了来自 Umiko 的 海神之鞭
[回合8] 10m 05s:  Astrologer 获得了来自 Umiko 的 海神之鞭
[2024/6/14 19:58:13] Astrologer 获得了来自 Umiko 的 海神之鞭
[回合8] 10m 05s:  Lilium 获得了来自 Umiko 的 海神之鞭
[2024/6/14 19:58:13] Lilium 获得了来自 Umiko 的 海神之鞭
[回合8] 10m 05s:  Flora 获得了来自 Umiko 的 海神之鞭
[2024/6/14 19:58:13] Flora 获得了来自 Umiko 的 海神之鞭
[回合8] 10m 05s:  Felivol 获得了来自 Umiko 的 海神之鞭
[2024/6/14 19:58:13] Felivol 获得了来自 Umiko 的 海神之鞭
[回合8] 10m 06s:  Umiko 施放了 水泡, 目标：BossMu
[2024/6/14 19:58:15] Umiko 施放了 水泡, 目标：BossMu
[回合8] 10m 08s:  Umiko 的 水泡 对 BossMu 造成了 11 点 Water 伤害。生命值：362
[2024/6/14 19:58:16] Umiko 的 水泡 对 BossMu 造成了 11 点 Water 伤害。生命值：362
[回合8] 10m 08s:  Umiko 的 海神之鞭 对 BossMu 造成了 4 点 Water 伤害。生命值：358
[2024/6/14 19:58:17] Umiko 的 海神之鞭 对 BossMu 造成了 4 点 Water 伤害。生命值：358
[回合8] 10m 08s:  Lilium 获得了来自 Umiko 的 水泡护盾
[2024/6/14 19:58:17] Lilium 获得了来自 Umiko 的 水泡护盾
[回合8] 10m 08s:  Felivol 重新获得了来自 Umiko 的 水泡护盾
[2024/6/14 19:58:17] Felivol 重新获得了来自 Umiko 的 水泡护盾
[回合8] 10m 10s:  Flora 的 栽培 对 Gaceon 造成了 3 点 Heal 。生命值：88
[2024/6/14 19:58:18] Flora 的 栽培 对 Gaceon 造成了 3 点 Heal 。生命值：88
[回合8] 10m 10s:  Flora 的 栽培 对 Flora 造成了 2 点 Heal 。生命值：77
[2024/6/14 19:58:18] Flora 的 栽培 对 Flora 造成了 2 点 Heal 。生命值：77
[回合8] 10m 13s:  Archer3 施放了 疾飞之箭, 目标：BossMu
[2024/6/14 19:58:21] Archer3 施放了 疾飞之箭, 目标：BossMu
[回合8] 10m 14s:  Archer3 的 疾飞之箭 对 BossMu 造成了 19 点 Pierce 伤害。生命值：339
[2024/6/14 19:58:22] Archer3 的 疾飞之箭 对 BossMu 造成了 19 点 Pierce 伤害。生命值：339
[回合8] 10m 14s:  Umiko 的 海神之鞭 对 BossMu 造成了 4 点 Water 伤害。生命值：335
[2024/6/14 19:58:22] Umiko 的 海神之鞭 对 BossMu 造成了 4 点 Water 伤害。生命值：335
[回合8] 10m 14s:  BossMu 获得了来自 Archer3 的 出血
[2024/6/14 19:58:22] BossMu 获得了来自 Archer3 的 出血
[回合8] 10m 15s:  Archer3 施放了 射击, 目标：BossMu
[2024/6/14 19:58:23] Archer3 施放了 射击, 目标：BossMu
[回合8] 10m 16s:  Archer3 的 射击 对 BossMu 造成了 30 点 Pierce 伤害。生命值：305
[2024/6/14 19:58:24] Archer3 的 射击 对 BossMu 造成了 30 点 Pierce 伤害。生命值：305
[回合8] 10m 16s:  Umiko 的 海神之鞭 对 BossMu 造成了 4 点 Water 伤害。生命值：301
[2024/6/14 19:58:24] Umiko 的 海神之鞭 对 BossMu 造成了 4 点 Water 伤害。生命值：301
[回合8] 10m 17s:  Umiko 失去了来自 Umiko 的 水泡护盾
[2024/6/14 19:58:25] Umiko 失去了来自 Umiko 的 水泡护盾
[回合8] 10m 17s:  Flora 的 栽培 对 Gaceon 造成了 3 点 Heal 。生命值：91
[2024/6/14 19:58:25] Flora 的 栽培 对 Gaceon 造成了 3 点 Heal 。生命值：91
[回合8] 10m 17s:  Flora 的 栽培 对 Flora 造成了 2 点 Heal 。生命值：79
[2024/6/14 19:58:26] Flora 的 栽培 对 Flora 造成了 2 点 Heal 。生命值：79
[回合8] 10m 18s:  Archer3 的 出血 对 BossMu 造成了 3 点 Pierce 伤害。生命值：298
[2024/6/14 19:58:26] Archer3 的 出血 对 BossMu 造成了 3 点 Pierce 伤害。生命值：298
[回合8] 10m 19s:  Archer3 施放了 射击, 目标：BossMu
[2024/6/14 19:58:27] Archer3 施放了 射击, 目标：BossMu
[回合8] 10m 20s:  Archer3 的 射击 对 BossMu 造成了 30 点 Pierce 伤害。生命值：268
[2024/6/14 19:58:28] Archer3 的 射击 对 BossMu 造成了 30 点 Pierce 伤害。生命值：268
[回合8] 10m 21s:  Umiko 的 海神之鞭 对 BossMu 造成了 4 点 Water 伤害。生命值：264
[2024/6/14 19:58:29] Umiko 的 海神之鞭 对 BossMu 造成了 4 点 Water 伤害。生命值：264
[回合8] 10m 21s:  Umiko 施放了 水泡, 目标：BossMu
[2024/6/14 19:58:29] Umiko 施放了 水泡, 目标：BossMu
[回合8] 10m 22s:  Umiko 的 水泡 对 BossMu 造成了 22 点 Water 伤害（暴击）。生命值：242
[2024/6/14 19:58:30] Umiko 的 水泡 对 BossMu 造成了 22 点 Water 伤害（暴击）。生命值：242
[回合8] 10m 23s:  Umiko 的 海神之鞭 对 BossMu 造成了 4 点 Water 伤害。生命值：238
[2024/6/14 19:58:31] Umiko 的 海神之鞭 对 BossMu 造成了 4 点 Water 伤害。生命值：238
[回合8] 10m 23s:  Lilium 重新获得了来自 Umiko 的 水泡护盾
[2024/6/14 19:58:31] Lilium 重新获得了来自 Umiko 的 水泡护盾
[回合8] 10m 23s:  Felivol 重新获得了来自 Umiko 的 水泡护盾
[2024/6/14 19:58:31] Felivol 重新获得了来自 Umiko 的 水泡护盾
[回合8] 10m 23s:  Gaceon 施放了 治疗链, 目标：Felivol
[2024/6/14 19:58:31] Gaceon 施放了 治疗链, 目标：Felivol
[回合8] 10m 23s:  Gaceon 的 治疗链 对 Felivol 造成了 24 点 Heal 。生命值：132
[2024/6/14 19:58:31] Gaceon 的 治疗链 对 Felivol 造成了 24 点 Heal 。生命值：132
[回合8] 10m 23s:  Gaceon 的 治疗链 对 Lilium 造成了 18 点 Heal 。生命值：101
[2024/6/14 19:58:31] Gaceon 的 治疗链 对 Lilium 造成了 18 点 Heal 。生命值：101
[回合8] 10m 23s:  Gaceon 的 治疗链 对 Felivol 造成了 0 点 Heal 。生命值：132
[2024/6/14 19:58:31] Gaceon 的 治疗链 对 Felivol 造成了 0 点 Heal 。生命值：132
[回合8] 10m 24s:  Flora 施放了 栽培, 目标：Felivol
[2024/6/14 19:58:32] Flora 施放了 栽培, 目标：Felivol
[回合8] 10m 25s:  Felivol 获得了来自 Flora 的 栽培
[2024/6/14 19:58:33] Felivol 获得了来自 Flora 的 栽培
[回合8] 10m 25s:  Felivol 施放了 斩击, 目标：BossMu
[2024/6/14 19:58:33] Felivol 施放了 斩击, 目标：BossMu
[回合8] 10m 25s:  Felivol 的 斩击 对 BossMu 造成了 24 点 Slash 伤害。生命值：214
[2024/6/14 19:58:34] Felivol 的 斩击 对 BossMu 造成了 24 点 Slash 伤害。生命值：214
[回合8] 10m 26s:  Umiko 的 海神之鞭 对 BossMu 造成了 8 点 Water 伤害（暴击）。生命值：206
[2024/6/14 19:58:34] Umiko 的 海神之鞭 对 BossMu 造成了 8 点 Water 伤害（暴击）。生命值：206
[回合8] 10m 27s:  BossMu 施放了 小史莱姆投掷, 目标：BossMu
[2024/6/14 19:58:35] BossMu 施放了 小史莱姆投掷, 目标：BossMu
[回合8] 10m 28s:  BossMu 的 小史莱姆投掷 对 Gaceon 造成了 20 点 Nature 伤害。生命值：71
[2024/6/14 19:58:36] BossMu 的 小史莱姆投掷 对 Gaceon 造成了 20 点 Nature 伤害。生命值：71
[回合8] 10m 28s:  Gaceon 失去了来自 BossMu 的 锁定
[2024/6/14 19:58:36] Gaceon 失去了来自 BossMu 的 锁定
[回合8] 10m 28s:  SmallMu(Clone) 获得了来自 SmallMu(Clone) 的 死亡爆裂 [0]
[2024/6/14 19:58:36] SmallMu(Clone) 获得了来自 SmallMu(Clone) 的 死亡爆裂 [0]
[回合8] 10m 28s:  Gaceon 获得了来自 BossMu 的 剧毒酸池
[2024/6/14 19:58:36] Gaceon 获得了来自 BossMu 的 剧毒酸池
[回合8] 10m 28s:  Flora 获得了来自 BossMu 的 剧毒酸池
[2024/6/14 19:58:36] Flora 获得了来自 BossMu 的 剧毒酸池
[回合8] 10m 28s:  Archer3 获得了来自 BossMu 的 剧毒酸池
[2024/6/14 19:58:36] Archer3 获得了来自 BossMu 的 剧毒酸池
[回合8] 10m 28s:  BossMu 施放了 史莱姆攻击, 目标：Felivol
[2024/6/14 19:58:36] BossMu 施放了 史莱姆攻击, 目标：Felivol
[回合8] 10m 29s:  BossMu 的 史莱姆攻击 对 Felivol 造成了 27 点 Knock 伤害。生命值：105
[2024/6/14 19:58:37] BossMu 的 史莱姆攻击 对 Felivol 造成了 27 点 Knock 伤害。生命值：105
[回合8] 10m 30s:  Lilium 失去了来自 Lilium 的 法力护盾
[2024/6/14 19:58:38] Lilium 失去了来自 Lilium 的 法力护盾
[回合9] 10m 30s:  回合9
[2024/6/14 19:58:38] 回合9
[回合9] 10m 39s:  Astrologer 施放了 星光超流, 目标：BossMu
[2024/6/14 19:58:47] Astrologer 施放了 星光超流, 目标：BossMu
[回合9] 10m 40s:  Astrologer 的 星光超流 对 BossMu 造成了 54 点 Light 伤害（暴击）。生命值：152
[2024/6/14 19:58:49] Astrologer 的 星光超流 对 BossMu 造成了 54 点 Light 伤害（暴击）。生命值：152
[回合9] 10m 41s:  Umiko 的 海神之鞭 对 BossMu 造成了 8 点 Water 伤害（暴击）。生命值：144
[2024/6/14 19:58:49] Umiko 的 海神之鞭 对 BossMu 造成了 8 点 Water 伤害（暴击）。生命值：144
[回合9] 10m 41s:  Astrologer 的 繁星道标 对 BossMu 造成了 17 点 Light 伤害。生命值：127
[2024/6/14 19:58:50] Astrologer 的 繁星道标 对 BossMu 造成了 17 点 Light 伤害。生命值：127
[回合9] 10m 42s:  Umiko 的 海神之鞭 对 BossMu 造成了 4 点 Water 伤害。生命值：123
[2024/6/14 19:58:50] Umiko 的 海神之鞭 对 BossMu 造成了 4 点 Water 伤害。生命值：123
[回合9] 10m 42s:  BossMu 重新获得了来自 Astrologer 的 繁星道标
[2024/6/14 19:58:50] BossMu 重新获得了来自 Astrologer 的 繁星道标
[回合9] 10m 44s:  Astrologer 施放了 彗星箭, 目标：BossMu
[2024/6/14 19:58:53] Astrologer 施放了 彗星箭, 目标：BossMu
[回合9] 10m 45s:  Astrologer 的 彗星箭 对 BossMu 造成了 32 点 Ice 伤害。生命值：92
[2024/6/14 19:58:54] Astrologer 的 彗星箭 对 BossMu 造成了 32 点 Ice 伤害。生命值：92
[回合9] 10m 46s:  Umiko 的 海神之鞭 对 BossMu 造成了 4 点 Water 伤害。生命值：88
[2024/6/14 19:58:54] Umiko 的 海神之鞭 对 BossMu 造成了 4 点 Water 伤害。生命值：88
[回合9] 10m 48s:  Flora 的 栽培 对 Gaceon 造成了 3 点 Heal 。生命值：74
[2024/6/14 19:58:56] Flora 的 栽培 对 Gaceon 造成了 3 点 Heal 。生命值：74
[回合9] 10m 48s:  BossMu 的 剧毒酸池 对 Gaceon 造成了 15 点 Nature 伤害。生命值：59
[2024/6/14 19:58:56] BossMu 的 剧毒酸池 对 Gaceon 造成了 15 点 Nature 伤害。生命值：59
[回合9] 10m 48s:  BossMu 的 剧毒酸池 对 Archer3 造成了 15 点 Nature 伤害。生命值：56
[2024/6/14 19:58:56] BossMu 的 剧毒酸池 对 Archer3 造成了 15 点 Nature 伤害。生命值：56
[回合9] 10m 48s:  Flora 的 栽培 对 Flora 造成了 2 点 Heal 。生命值：81
[2024/6/14 19:58:57] Flora 的 栽培 对 Flora 造成了 2 点 Heal 。生命值：81
[回合9] 10m 49s:  BossMu 的 剧毒酸池 对 Flora 造成了 15 点 Nature 伤害。生命值：66
[2024/6/14 19:58:57] BossMu 的 剧毒酸池 对 Flora 造成了 15 点 Nature 伤害。生命值：66
[回合9] 10m 49s:  Flora 的 栽培 对 Felivol 造成了 2 点 Heal 。生命值：107
[2024/6/14 19:58:57] Flora 的 栽培 对 Felivol 造成了 2 点 Heal 。生命值：107
[回合9] 10m 49s:  Archer3 的 出血 对 BossMu 造成了 3 点 Pierce 伤害。生命值：85
[2024/6/14 19:58:57] Archer3 的 出血 对 BossMu 造成了 3 点 Pierce 伤害。生命值：85
[回合9] 10m 53s:  Archer3 施放了 移动, 目标：(6, 0, 9)
[2024/6/14 19:59:02] Archer3 施放了 移动, 目标：(6, 0, 9)
[回合9] 10m 54s:  Archer3 失去了来自 BossMu 的 剧毒酸池
[2024/6/14 19:59:02] Archer3 失去了来自 BossMu 的 剧毒酸池
[回合9] 10m 55s:  Archer3 施放了 射击, 目标：BossMu
[2024/6/14 19:59:03] Archer3 施放了 射击, 目标：BossMu
[回合9] 10m 56s:  Archer3 的 射击 对 BossMu 造成了 30 点 Pierce 伤害。生命值：55
[2024/6/14 19:59:04] Archer3 的 射击 对 BossMu 造成了 30 点 Pierce 伤害。生命值：55
[回合9] 10m 56s:  Umiko 的 海神之鞭 对 BossMu 造成了 4 点 Water 伤害。生命值：51
[2024/6/14 19:59:05] Umiko 的 海神之鞭 对 BossMu 造成了 4 点 Water 伤害。生命值：51
[回合9] 10m 58s:  Flora 的 栽培 对 Gaceon 造成了 3 点 Heal 。生命值：62
[2024/6/14 19:59:06] Flora 的 栽培 对 Gaceon 造成了 3 点 Heal 。生命值：62
[回合9] 10m 58s:  Gaceon 失去了来自 Flora 的 栽培
[2024/6/14 19:59:06] Gaceon 失去了来自 Flora 的 栽培
[回合9] 10m 58s:  BossMu 的 剧毒酸池 对 Gaceon 造成了 15 点 Nature 伤害。生命值：47
[2024/6/14 19:59:06] BossMu 的 剧毒酸池 对 Gaceon 造成了 15 点 Nature 伤害。生命值：47
[回合9] 10m 58s:  Flora 的 栽培 对 Flora 造成了 2 点 Heal 。生命值：68
[2024/6/14 19:59:06] Flora 的 栽培 对 Flora 造成了 2 点 Heal 。生命值：68
[回合9] 10m 58s:  BossMu 的 剧毒酸池 对 Flora 造成了 15 点 Nature 伤害。生命值：53
[2024/6/14 19:59:07] BossMu 的 剧毒酸池 对 Flora 造成了 15 点 Nature 伤害。生命值：53
[回合9] 10m 59s:  Flora 的 栽培 对 Felivol 造成了 2 点 Heal 。生命值：109
[2024/6/14 19:59:07] Flora 的 栽培 对 Felivol 造成了 2 点 Heal 。生命值：109
[回合9] 10m 59s:  Archer3 的 出血 对 BossMu 造成了 3 点 Pierce 伤害。生命值：48
[2024/6/14 19:59:07] Archer3 的 出血 对 BossMu 造成了 3 点 Pierce 伤害。生命值：48
[回合9] 10m 59s:  BossMu 施放了 BAD_STRING, 目标：South
[2024/6/14 19:59:07] BossMu 施放了 BAD_STRING, 目标：South
[回合9] 11m 00s:  BossMu 的 BAD_STRING 对 Felivol 造成了 40 点 Knock 伤害。生命值：69
[2024/6/14 19:59:08] BossMu 的 BAD_STRING 对 Felivol 造成了 40 点 Knock 伤害。生命值：69
[回合9] 11m 00s:  Felivol 的 旅者 对 Felivol 造成了 2 点 Heal 。生命值：71
[2024/6/14 19:59:08] Felivol 的 旅者 对 Felivol 造成了 2 点 Heal 。生命值：71
[回合9] 11m 09s:  Gaceon 施放了 彗星箭, 目标：BossMu
[2024/6/14 19:59:17] Gaceon 施放了 彗星箭, 目标：BossMu
[回合9] 11m 10s:  Gaceon 的 彗星箭 对 BossMu 造成了 14 点 Ice 伤害。生命值：34
[2024/6/14 19:59:18] Gaceon 的 彗星箭 对 BossMu 造成了 14 点 Ice 伤害。生命值：34
[回合9] 11m 11s:  Umiko 的 海神之鞭 对 BossMu 造成了 8 点 Water 伤害（暴击）。生命值：26
[2024/6/14 19:59:19] Umiko 的 海神之鞭 对 BossMu 造成了 8 点 Water 伤害（暴击）。生命值：26
[回合9] 11m 12s:  Gaceon 施放了 彗星箭, 目标：BossMu
[2024/6/14 19:59:20] Gaceon 施放了 彗星箭, 目标：BossMu
[回合9] 11m 13s:  Gaceon 的 彗星箭 对 BossMu 造成了 14 点 Ice 伤害。生命值：12
[2024/6/14 19:59:21] Gaceon 的 彗星箭 对 BossMu 造成了 14 点 Ice 伤害。生命值：12
[回合9] 11m 14s:  Umiko 的 海神之鞭 对 BossMu 造成了 8 点 Water 伤害（暴击）。生命值：4
[2024/6/14 19:59:22] Umiko 的 海神之鞭 对 BossMu 造成了 8 点 Water 伤害（暴击）。生命值：4
[回合9] 11m 15s:  BossMu 的 剧毒酸池 对 Gaceon 造成了 15 点 Nature 伤害。生命值：32
[2024/6/14 19:59:24] BossMu 的 剧毒酸池 对 Gaceon 造成了 15 点 Nature 伤害。生命值：32
[回合9] 11m 16s:  Flora 的 栽培 对 Flora 造成了 2 点 Heal 。生命值：55
[2024/6/14 19:59:24] Flora 的 栽培 对 Flora 造成了 2 点 Heal 。生命值：55
[回合9] 11m 16s:  BossMu 的 剧毒酸池 对 Flora 造成了 15 点 Nature 伤害。生命值：40
[2024/6/14 19:59:24] BossMu 的 剧毒酸池 对 Flora 造成了 15 点 Nature 伤害。生命值：40
[回合9] 11m 16s:  Flora 的 栽培 对 Felivol 造成了 2 点 Heal 。生命值：73
[2024/6/14 19:59:24] Flora 的 栽培 对 Felivol 造成了 2 点 Heal 。生命值：73
[回合9] 11m 16s:  Archer3 的 出血 对 BossMu 造成了 3 点 Pierce 伤害。生命值：1
[2024/6/14 19:59:25] Archer3 的 出血 对 BossMu 造成了 3 点 Pierce 伤害。生命值：1
[回合9] 11m 37s:  Flora 施放了 彗星箭, 目标：BossMu
[2024/6/14 19:59:45] Flora 施放了 彗星箭, 目标：BossMu
[回合9] 11m 38s:  Flora 的 彗星箭 对 BossMu 造成了 1 点 Ice 伤害。生命值：0
[2024/6/14 19:59:46] Flora 的 彗星箭 对 BossMu 造成了 1 点 Ice 伤害。生命值：0
[回合9] 11m 38s:  Umiko 的 海神之鞭 对 BossMu 造成了 0 点 Water 伤害。生命值：0
[2024/6/14 19:59:46] Umiko 的 海神之鞭 对 BossMu 造成了 0 点 Water 伤害。生命值：0
[回合9] 11m 38s:  BossMu 失去了来自 Astrologer 的 繁星道标
[2024/6/14 19:59:46] BossMu 失去了来自 Astrologer 的 繁星道标
[回合9] 11m 38s:  BossMu 失去了来自 Archer3 的 出血
[2024/6/14 19:59:46] BossMu 失去了来自 Archer3 的 出血
[回合9] 11m 38s:  Umiko 的  击杀了 BossMu !
[2024/6/14 19:59:46] Umiko 的  击杀了 BossMu !

---

Damage
-- NAME --	-- DMG --		-- Attack Power --
Archer3		529 (58.8)		30
Felivol		405 (45)		24
Astrologer	381 (42.3)		32
Umiko		262 (29.1)		11 (35 BuffP.)
Lilium		225 (25)		18
Gaceon		70 (7.8)		14
Flora			29 (3.2)		14

Healing
Gaceon		494 (54.9)		43 (w/ Umiko)
Flora			367 (40.8)		36 (w/ Umiko)
Felivol		43 (6.1)		15
