- Start of debug log -
[2024/6/18 3:55:29] AWAKE
[回合0] 00m 05s:  Umiko 获得了来自 Umiko 的 生命之歌
[2024/6/18 3:55:33] Umiko 获得了来自 Umiko 的 生命之歌
[回合0] 00m 05s:  Gaceon 获得了来自 Gaceon 的 治疗者
[2024/6/18 3:55:33] Gaceon 获得了来自 Gaceon 的 治疗者
[回合0] 00m 05s:  Archer3 获得了来自 Archer3 的 攻击者
[2024/6/18 3:55:33] Archer3 获得了来自 Archer3 的 攻击者
[回合0] 00m 05s:  Astrologer 获得了来自 Astrologer 的 流星
[2024/6/18 3:55:33] Astrologer 获得了来自 Astrologer 的 流星
[回合0] 00m 05s:  Astrologer 获得了来自 Astrologer 的 星能转化
[2024/6/18 3:55:33] Astrologer 获得了来自 Astrologer 的 星能转化
[回合0] 00m 05s:  Lilium 获得了来自 Lilium 的 防卫者
[2024/6/18 3:55:33] Lilium 获得了来自 Lilium 的 防卫者
[回合0] 00m 05s:  Felivol 获得了来自 Felivol 的 防卫者
[2024/6/18 3:55:33] Felivol 获得了来自 Felivol 的 防卫者
[回合0] 00m 05s:  Felivol 获得了来自 Felivol 的 旅者
[2024/6/18 3:55:33] Felivol 获得了来自 Felivol 的 旅者
[回合0] 00m 05s:  Felivol 获得了来自 Felivol 的 聆听神谕
[2024/6/18 3:55:33] Felivol 获得了来自 Felivol 的 聆听神谕
[回合0] 00m 05s:  Felivol 获得了来自 Felivol 的 祝福之光
[2024/6/18 3:55:33] Felivol 获得了来自 Felivol 的 祝福之光
[回合0] 00m 05s:  Felivol 获得了来自 Felivol 的 防御蓄能
[2024/6/18 3:55:33] Felivol 获得了来自 Felivol 的 防御蓄能
[回合1] 00m 07s:  回合1
[2024/6/18 3:55:35] 回合1
[回合1] 00m 23s:  Felivol 施放了 移动, 目标：(12, 0, 7)
[2024/6/18 3:55:52] Felivol 施放了 移动, 目标：(12, 0, 7)
[回合1] 00m 24s:  Felivol 的 旅者 对 Felivol 造成了 0 点 Heal 。生命值：132
[2024/6/18 3:55:53] Felivol 的 旅者 对 Felivol 造成了 0 点 Heal 。生命值：132
[回合1] 00m 24s:  Felivol 的 旅者 对 Felivol 造成了 0 点 Heal 。生命值：132
[2024/6/18 3:55:53] Felivol 的 旅者 对 Felivol 造成了 0 点 Heal 。生命值：132
[回合1] 00m 25s:  Felivol 的 旅者 对 Felivol 造成了 0 点 Heal 。生命值：132
[2024/6/18 3:55:53] Felivol 的 旅者 对 Felivol 造成了 0 点 Heal 。生命值：132
[回合1] 00m 25s:  Felivol 的 旅者 对 Felivol 造成了 0 点 Heal 。生命值：132
[2024/6/18 3:55:54] Felivol 的 旅者 对 Felivol 造成了 0 点 Heal 。生命值：132
[回合1] 00m 28s:  Felivol 失去了来自 Felivol 的 祝福之光
[2024/6/18 3:55:57] Felivol 失去了来自 Felivol 的 祝福之光
[回合1] 00m 28s:  Felivol 施放了 圣祝：裁决重锤, 目标：BossMu
[2024/6/18 3:55:57] Felivol 施放了 圣祝：裁决重锤, 目标：BossMu
[回合1] 00m 29s:  Felivol 的 圣祝：裁决重锤 对 BossMu 造成了 15 点 Knock 伤害。生命值：1645
[2024/6/18 3:55:58] Felivol 的 圣祝：裁决重锤 对 BossMu 造成了 15 点 Knock 伤害。生命值：1645
[回合1] 00m 32s:  Felivol 施放了 斩击, 目标：BossMu
[2024/6/18 3:56:00] Felivol 施放了 斩击, 目标：BossMu
[回合1] 00m 32s:  Felivol 的 斩击 对 BossMu 造成了 18 点 Slash 伤害。生命值：1627
[2024/6/18 3:56:01] Felivol 的 斩击 对 BossMu 造成了 18 点 Slash 伤害。生命值：1627
[回合1] 00m 36s:  Felivol 施放了 蓄力斩, 目标：West
[2024/6/18 3:56:05] Felivol 施放了 蓄力斩, 目标：West
[回合1] 00m 41s:  Archer3 施放了 疾飞之箭, 目标：BossMu
[2024/6/18 3:56:10] Archer3 施放了 疾飞之箭, 目标：BossMu
[回合1] 00m 42s:  Archer3 的 疾飞之箭 对 BossMu 造成了 14 点 Pierce 伤害。生命值：1613
[2024/6/18 3:56:11] Archer3 的 疾飞之箭 对 BossMu 造成了 14 点 Pierce 伤害。生命值：1613
[回合1] 00m 42s:  BossMu 获得了来自 Archer3 的 出血
[2024/6/18 3:56:11] BossMu 获得了来自 Archer3 的 出血
[回合1] 00m 43s:  Archer3 的 出血 对 BossMu 造成了 2 点 Pierce 伤害。生命值：1611
[2024/6/18 3:56:12] Archer3 的 出血 对 BossMu 造成了 2 点 Pierce 伤害。生命值：1611
[回合1] 00m 45s:  Umiko 施放了 移动, 目标：(8, 0, 7)
[2024/6/18 3:56:13] Umiko 施放了 移动, 目标：(8, 0, 7)
[回合1] 00m 46s:  Gaceon 获得了来自 Umiko 的 生命之歌
[2024/6/18 3:56:14] Gaceon 获得了来自 Umiko 的 生命之歌
[回合1] 00m 46s:  Archer3 获得了来自 Umiko 的 生命之歌
[2024/6/18 3:56:14] Archer3 获得了来自 Umiko 的 生命之歌
[回合1] 00m 46s:  Astrologer 获得了来自 Umiko 的 生命之歌
[2024/6/18 3:56:14] Astrologer 获得了来自 Umiko 的 生命之歌
[回合1] 00m 46s:  Lilium 获得了来自 Umiko 的 生命之歌
[2024/6/18 3:56:14] Lilium 获得了来自 Umiko 的 生命之歌
[回合1] 00m 46s:  Flora 获得了来自 Umiko 的 生命之歌
[2024/6/18 3:56:14] Flora 获得了来自 Umiko 的 生命之歌
[回合1] 00m 46s:  Felivol 获得了来自 Umiko 的 生命之歌
[2024/6/18 3:56:14] Felivol 获得了来自 Umiko 的 生命之歌
[回合1] 00m 47s:  Umiko 施放了 水泡, 目标：BossMu
[2024/6/18 3:56:15] Umiko 施放了 水泡, 目标：BossMu
[回合1] 00m 48s:  Umiko 的 水泡 对 BossMu 造成了 11 点 Water 伤害。生命值：1600
[2024/6/18 3:56:16] Umiko 的 水泡 对 BossMu 造成了 11 点 Water 伤害。生命值：1600
[回合1] 00m 48s:  Felivol 获得了来自 Umiko 的 水泡护盾
[2024/6/18 3:56:16] Felivol 获得了来自 Umiko 的 水泡护盾
[回合1] 00m 52s:  Archer3 的 出血 对 BossMu 造成了 2 点 Pierce 伤害。生命值：1598
[2024/6/18 3:56:21] Archer3 的 出血 对 BossMu 造成了 2 点 Pierce 伤害。生命值：1598
[回合1] 00m 55s:  Astrologer 施放了 星光超流, 目标：BossMu
[2024/6/18 3:56:24] Astrologer 施放了 星光超流, 目标：BossMu
[回合1] 00m 56s:  Astrologer 的 星光超流 对 BossMu 造成了 20 点 Light 伤害。生命值：1578
[2024/6/18 3:56:25] Astrologer 的 星光超流 对 BossMu 造成了 20 点 Light 伤害。生命值：1578
[回合1] 00m 56s:  BossMu 获得了来自 Astrologer 的 繁星道标
[2024/6/18 3:56:25] BossMu 获得了来自 Astrologer 的 繁星道标
[回合1] 00m 58s:  Astrologer 施放了 彗星箭, 目标：BossMu
[2024/6/18 3:56:27] Astrologer 施放了 彗星箭, 目标：BossMu
[回合1] 00m 59s:  Astrologer 的 彗星箭 对 BossMu 造成了 25 点 Ice 伤害。生命值：1553
[2024/6/18 3:56:27] Astrologer 的 彗星箭 对 BossMu 造成了 25 点 Ice 伤害。生命值：1553
[回合1] 01m 00s:  Archer3 的 出血 对 BossMu 造成了 2 点 Pierce 伤害。生命值：1551
[2024/6/18 3:56:29] Archer3 的 出血 对 BossMu 造成了 2 点 Pierce 伤害。生命值：1551
[回合1] 01m 01s:  Umiko 施放了 水泡, 目标：BossMu
[2024/6/18 3:56:29] Umiko 施放了 水泡, 目标：BossMu
[回合1] 01m 02s:  Umiko 的 水泡 对 BossMu 造成了 11 点 Water 伤害。生命值：1540
[2024/6/18 3:56:31] Umiko 的 水泡 对 BossMu 造成了 11 点 Water 伤害。生命值：1540
[回合1] 01m 02s:  Felivol 重新获得了来自 Umiko 的 水泡护盾
[2024/6/18 3:56:31] Felivol 重新获得了来自 Umiko 的 水泡护盾
[回合1] 01m 02s:  Flora 施放了 栽培, 目标：Lilium
[2024/6/18 3:56:31] Flora 施放了 栽培, 目标：Lilium
[回合1] 01m 03s:  Lilium 获得了来自 Flora 的 栽培
[2024/6/18 3:56:31] Lilium 获得了来自 Flora 的 栽培
[回合1] 01m 03s:  Astrologer 施放了 彗星箭, 目标：BossMu
[2024/6/18 3:56:31] Astrologer 施放了 彗星箭, 目标：BossMu
[回合1] 01m 04s:  Astrologer 的 彗星箭 对 BossMu 造成了 25 点 Ice 伤害。生命值：1515
[2024/6/18 3:56:32] Astrologer 的 彗星箭 对 BossMu 造成了 25 点 Ice 伤害。生命值：1515
[回合1] 01m 04s:  BossMu 施放了 史莱姆攻击, 目标：Felivol
[2024/6/18 3:56:33] BossMu 施放了 史莱姆攻击, 目标：Felivol
[回合1] 01m 05s:  BossMu 的 史莱姆攻击 对 Felivol 造成了 23 点 Knock 伤害。生命值：109
[2024/6/18 3:56:34] BossMu 的 史莱姆攻击 对 Felivol 造成了 23 点 Knock 伤害。生命值：109
[回合1] 01m 05s:  BossMu 施放了 小史莱姆标记, 目标：BossMu
[2024/6/18 3:56:34] BossMu 施放了 小史莱姆标记, 目标：BossMu
[回合1] 01m 06s:  Flora 获得了来自 BossMu 的 锁定
[2024/6/18 3:56:35] Flora 获得了来自 BossMu 的 锁定
[回合1] 01m 07s:  Felivol 施放了 蓄力斩, 目标：West
[2024/6/18 3:56:35] Felivol 施放了 蓄力斩, 目标：West
[回合1] 01m 07s:  Felivol 的 蓄力斩 对 BossMu 造成了 23 点 Slash 伤害。生命值：1492
[2024/6/18 3:56:36] Felivol 的 蓄力斩 对 BossMu 造成了 23 点 Slash 伤害。生命值：1492
[回合2] 01m 07s:  回合2
[2024/6/18 3:56:36] 回合2
[回合2] 01m 52s:  Flora 施放了 移动, 目标：(7, 0, 3)
[2024/6/18 3:57:21] Flora 施放了 移动, 目标：(7, 0, 3)
[回合2] 01m 55s:  Flora 施放了 栽培, 目标：Umiko
[2024/6/18 3:57:24] Flora 施放了 栽培, 目标：Umiko
[回合2] 01m 56s:  Umiko 获得了来自 Flora 的 栽培
[2024/6/18 3:57:25] Umiko 获得了来自 Flora 的 栽培
[回合2] 01m 57s:  Flora 的 栽培 对 Umiko 造成了 0 点 Heal 。生命值：126
[2024/6/18 3:57:26] Flora 的 栽培 对 Umiko 造成了 0 点 Heal 。生命值：126
[回合2] 01m 58s:  Flora 的 栽培 对 Lilium 造成了 0 点 Heal 。生命值：114
[2024/6/18 3:57:26] Flora 的 栽培 对 Lilium 造成了 0 点 Heal 。生命值：114
[回合2] 01m 58s:  Archer3 的 出血 对 BossMu 造成了 2 点 Pierce 伤害。生命值：1490
[2024/6/18 3:57:27] Archer3 的 出血 对 BossMu 造成了 2 点 Pierce 伤害。生命值：1490
[回合2] 01m 58s:  BossMu 施放了 腐蚀吐息, 目标：East
[2024/6/18 3:57:27] BossMu 施放了 腐蚀吐息, 目标：East
[回合2] 01m 59s:  BossMu 的 腐蚀吐息 对 Felivol 造成了 56 点 Nature 伤害。生命值：53
[2024/6/18 3:57:27] BossMu 的 腐蚀吐息 对 Felivol 造成了 56 点 Nature 伤害。生命值：53
[回合2] 01m 59s:  Felivol 获得了来自 BossMu 的 腐蚀吐息
[2024/6/18 3:57:27] Felivol 获得了来自 BossMu 的 腐蚀吐息
[回合2] 02m 20s:  Felivol 施放了 斩击, 目标：BossMu
[2024/6/18 3:57:48] Felivol 施放了 斩击, 目标：BossMu
[回合2] 02m 21s:  Felivol 的 斩击 对 BossMu 造成了 18 点 Slash 伤害。生命值：1472
[2024/6/18 3:57:49] Felivol 的 斩击 对 BossMu 造成了 18 点 Slash 伤害。生命值：1472
[回合2] 02m 22s:  Felivol 施放了 奔袭, 目标：(11, 0, 2)
[2024/6/18 3:57:51] Felivol 施放了 奔袭, 目标：(11, 0, 2)
[回合2] 02m 24s:  Felivol 的 旅者 对 Felivol 造成了 2 点 Heal 。生命值：55
[2024/6/18 3:57:52] Felivol 的 旅者 对 Felivol 造成了 2 点 Heal 。生命值：55
[回合2] 02m 24s:  Felivol 失去了来自 Umiko 的 生命之歌
[2024/6/18 3:57:52] Felivol 失去了来自 Umiko 的 生命之歌
[回合2] 02m 24s:  Felivol 的 旅者 对 Felivol 造成了 2 点 Heal 。生命值：57
[2024/6/18 3:57:53] Felivol 的 旅者 对 Felivol 造成了 2 点 Heal 。生命值：57
[回合2] 02m 24s:  Felivol 的 旅者 对 Felivol 造成了 2 点 Heal 。生命值：59
[2024/6/18 3:57:53] Felivol 的 旅者 对 Felivol 造成了 2 点 Heal 。生命值：59
[回合2] 02m 24s:  Felivol 的 旅者 对 Felivol 造成了 2 点 Heal 。生命值：61
[2024/6/18 3:57:53] Felivol 的 旅者 对 Felivol 造成了 2 点 Heal 。生命值：61
[回合2] 02m 25s:  Felivol 的 旅者 对 Felivol 造成了 2 点 Heal 。生命值：63
[2024/6/18 3:57:53] Felivol 的 旅者 对 Felivol 造成了 2 点 Heal 。生命值：63
[回合2] 02m 25s:  Felivol 的 旅者 对 Felivol 造成了 2 点 Heal 。生命值：65
[2024/6/18 3:57:53] Felivol 的 旅者 对 Felivol 造成了 2 点 Heal 。生命值：65
[回合2] 02m 29s:  Felivol 施放了 祈祷, 目标：Felivol
[2024/6/18 3:57:57] Felivol 施放了 祈祷, 目标：Felivol
[回合2] 02m 30s:  Felivol 的 祈祷 对 Felivol 造成了 10 点 Heal 。生命值：75
[2024/6/18 3:57:58] Felivol 的 祈祷 对 Felivol 造成了 10 点 Heal 。生命值：75
[回合2] 02m 30s:  Felivol 获得了来自 Felivol 的 祝福之光
[2024/6/18 3:57:58] Felivol 获得了来自 Felivol 的 祝福之光
[回合2] 02m 30s:  Flora 的 栽培 对 Umiko 造成了 0 点 Heal 。生命值：126
[2024/6/18 3:57:59] Flora 的 栽培 对 Umiko 造成了 0 点 Heal 。生命值：126
[回合2] 02m 30s:  Flora 的 栽培 对 Lilium 造成了 0 点 Heal 。生命值：114
[2024/6/18 3:57:59] Flora 的 栽培 对 Lilium 造成了 0 点 Heal 。生命值：114
[回合2] 02m 31s:  Archer3 的 出血 对 BossMu 造成了 2 点 Pierce 伤害。生命值：1470
[2024/6/18 3:57:59] Archer3 的 出血 对 BossMu 造成了 2 点 Pierce 伤害。生命值：1470
[回合2] 02m 42s:  Archer3 施放了 移动, 目标：(9, 0, 7)
[2024/6/18 3:58:11] Archer3 施放了 移动, 目标：(9, 0, 7)
[回合2] 02m 44s:  Archer3 施放了 射击, 目标：BossMu
[2024/6/18 3:58:13] Archer3 施放了 射击, 目标：BossMu
[回合2] 02m 45s:  Archer3 的 射击 对 BossMu 造成了 21 点 Pierce 伤害。生命值：1449
[2024/6/18 3:58:14] Archer3 的 射击 对 BossMu 造成了 21 点 Pierce 伤害。生命值：1449
[回合2] 02m 46s:  Flora 的 栽培 对 Umiko 造成了 0 点 Heal 。生命值：126
[2024/6/18 3:58:15] Flora 的 栽培 对 Umiko 造成了 0 点 Heal 。生命值：126
[回合2] 02m 46s:  Flora 的 栽培 对 Lilium 造成了 0 点 Heal 。生命值：114
[2024/6/18 3:58:15] Flora 的 栽培 对 Lilium 造成了 0 点 Heal 。生命值：114
[回合2] 02m 47s:  Archer3 的 出血 对 BossMu 造成了 2 点 Pierce 伤害。生命值：1447
[2024/6/18 3:58:15] Archer3 的 出血 对 BossMu 造成了 2 点 Pierce 伤害。生命值：1447
[回合2] 02m 49s:  Gaceon 施放了 移动, 目标：(9, 0, 6)
[2024/6/18 3:58:18] Gaceon 施放了 移动, 目标：(9, 0, 6)
[回合2] 02m 52s:  Gaceon 施放了 彗星箭, 目标：BossMu
[2024/6/18 3:58:20] Gaceon 施放了 彗星箭, 目标：BossMu
[回合2] 02m 53s:  Gaceon 的 彗星箭 对 BossMu 造成了 14 点 Ice 伤害。生命值：1433
[2024/6/18 3:58:21] Gaceon 的 彗星箭 对 BossMu 造成了 14 点 Ice 伤害。生命值：1433
[回合2] 03m 07s:  Astrologer 施放了 星光超流, 目标：BossMu
[2024/6/18 3:58:35] Astrologer 施放了 星光超流, 目标：BossMu
[回合2] 03m 08s:  Astrologer 的 星光超流 对 BossMu 造成了 20 点 Light 伤害。生命值：1413
[2024/6/18 3:58:36] Astrologer 的 星光超流 对 BossMu 造成了 20 点 Light 伤害。生命值：1413
[回合2] 03m 08s:  Astrologer 的 繁星道标 对 BossMu 造成了 12 点 Light 伤害。生命值：1401
[2024/6/18 3:58:37] Astrologer 的 繁星道标 对 BossMu 造成了 12 点 Light 伤害。生命值：1401
[回合2] 03m 08s:  BossMu 重新获得了来自 Astrologer 的 繁星道标
[2024/6/18 3:58:37] BossMu 重新获得了来自 Astrologer 的 繁星道标
[回合2] 03m 11s:  Flora 的 栽培 对 Umiko 造成了 0 点 Heal 。生命值：126
[2024/6/18 3:58:39] Flora 的 栽培 对 Umiko 造成了 0 点 Heal 。生命值：126
[回合2] 03m 11s:  Flora 的 栽培 对 Lilium 造成了 0 点 Heal 。生命值：114
[2024/6/18 3:58:39] Flora 的 栽培 对 Lilium 造成了 0 点 Heal 。生命值：114
[回合2] 03m 11s:  Archer3 的 出血 对 BossMu 造成了 2 点 Pierce 伤害。生命值：1399
[2024/6/18 3:58:40] Archer3 的 出血 对 BossMu 造成了 2 点 Pierce 伤害。生命值：1399
[回合2] 03m 12s:  Archer3 施放了 射击, 目标：BossMu
[2024/6/18 3:58:40] Archer3 施放了 射击, 目标：BossMu
[回合2] 03m 12s:  Archer3 的 射击 对 BossMu 造成了 21 点 Pierce 伤害。生命值：1378
[2024/6/18 3:58:41] Archer3 的 射击 对 BossMu 造成了 21 点 Pierce 伤害。生命值：1378
[回合2] 03m 12s:  Umiko 施放了 水泡, 目标：BossMu
[2024/6/18 3:58:41] Umiko 施放了 水泡, 目标：BossMu
[回合2] 03m 14s:  Umiko 的 水泡 对 BossMu 造成了 22 点 Water 伤害（暴击）。生命值：1356
[2024/6/18 3:58:42] Umiko 的 水泡 对 BossMu 造成了 22 点 Water 伤害（暴击）。生命值：1356
[回合2] 03m 14s:  Archer3 获得了来自 Umiko 的 水泡护盾
[2024/6/18 3:58:42] Archer3 获得了来自 Umiko 的 水泡护盾
[回合2] 03m 14s:  Gaceon 施放了 治疗链, 目标：Felivol
[2024/6/18 3:58:42] Gaceon 施放了 治疗链, 目标：Felivol
[回合2] 03m 14s:  Gaceon 的 治疗链 对 Felivol 造成了 13 点 Heal 。生命值：88
[2024/6/18 3:58:42] Gaceon 的 治疗链 对 Felivol 造成了 13 点 Heal 。生命值：88
[回合2] 03m 14s:  Gaceon 的 治疗链 对 Astrologer 造成了 0 点 Heal 。生命值：84
[2024/6/18 3:58:43] Gaceon 的 治疗链 对 Astrologer 造成了 0 点 Heal 。生命值：84
[回合2] 03m 14s:  Gaceon 的 治疗链 对 Felivol 造成了 7 点 Heal 。生命值：95
[2024/6/18 3:58:43] Gaceon 的 治疗链 对 Felivol 造成了 7 点 Heal 。生命值：95
[回合2] 03m 15s:  Flora 施放了 栽培, 目标：Felivol
[2024/6/18 3:58:44] Flora 施放了 栽培, 目标：Felivol
[回合2] 03m 16s:  Felivol 获得了来自 Flora 的 栽培
[2024/6/18 3:58:44] Felivol 获得了来自 Flora 的 栽培
[回合2] 03m 16s:  Astrologer 施放了 彗星箭, 目标：BossMu
[2024/6/18 3:58:44] Astrologer 施放了 彗星箭, 目标：BossMu
[回合2] 03m 17s:  Astrologer 的 彗星箭 对 BossMu 造成了 25 点 Ice 伤害。生命值：1331
[2024/6/18 3:58:45] Astrologer 的 彗星箭 对 BossMu 造成了 25 点 Ice 伤害。生命值：1331
[回合2] 03m 17s:  BossMu 施放了 移动, 目标：(11, 0, 6)
[2024/6/18 3:58:46] BossMu 施放了 移动, 目标：(11, 0, 6)
[回合2] 03m 17s:  BossMu 施放了 移动, 目标：(11, 0, 5)
[2024/6/18 3:58:46] BossMu 施放了 移动, 目标：(11, 0, 5)
[回合2] 03m 18s:  BossMu 施放了 移动, 目标：(11, 0, 4)
[2024/6/18 3:58:46] BossMu 施放了 移动, 目标：(11, 0, 4)
[回合2] 03m 18s:  BossMu 施放了 小史莱姆投掷, 目标：BossMu
[2024/6/18 3:58:47] BossMu 施放了 小史莱姆投掷, 目标：BossMu
[回合2] 03m 19s:  BossMu 的 小史莱姆投掷 对 Flora 造成了 20 点 Nature 伤害。生命值：82
[2024/6/18 3:58:48] BossMu 的 小史莱姆投掷 对 Flora 造成了 20 点 Nature 伤害。生命值：82
[回合2] 03m 19s:  Flora 失去了来自 BossMu 的 锁定
[2024/6/18 3:58:48] Flora 失去了来自 BossMu 的 锁定
[回合2] 03m 19s:  SmallMu(Clone) 获得了来自 SmallMu(Clone) 的 死亡爆裂 [0]
[2024/6/18 3:58:48] SmallMu(Clone) 获得了来自 SmallMu(Clone) 的 死亡爆裂 [0]
[回合2] 03m 19s:  Flora 获得了来自 BossMu 的 剧毒酸池
[2024/6/18 3:58:48] Flora 获得了来自 BossMu 的 剧毒酸池
[回合3] 03m 20s:  回合3
[2024/6/18 3:58:48] 回合3
[回合3] 03m 29s:  Lilium 施放了 移动, 目标：(11, 0, 5)
[2024/6/18 3:58:58] Lilium 施放了 移动, 目标：(11, 0, 5)
[回合3] 03m 32s:  Lilium 施放了 嘲讽, 目标：BossMu
[2024/6/18 3:59:01] Lilium 施放了 嘲讽, 目标：BossMu
[回合3] 03m 33s:  Lilium 施放了 拳, 目标：BossMu
[2024/6/18 3:59:02] Lilium 施放了 拳, 目标：BossMu
[回合3] 03m 34s:  Lilium 的 拳 对 BossMu 造成了 16 点 Knock 伤害。生命值：1315
[2024/6/18 3:59:02] Lilium 的 拳 对 BossMu 造成了 16 点 Knock 伤害。生命值：1315
[回合3] 03m 34s:  Lilium 施放了 拳, 目标：BossMu
[2024/6/18 3:59:03] Lilium 施放了 拳, 目标：BossMu
[回合3] 03m 35s:  Lilium 的 拳 对 BossMu 造成了 16 点 Knock 伤害。生命值：1299
[2024/6/18 3:59:04] Lilium 的 拳 对 BossMu 造成了 16 点 Knock 伤害。生命值：1299
[回合3] 03m 38s:  Lilium 施放了 副手攻击, 目标：BossMu
[2024/6/18 3:59:06] Lilium 施放了 副手攻击, 目标：BossMu
[回合3] 03m 38s:  Lilium 的 副手攻击 对 BossMu 造成了 11 点 Slash 伤害。生命值：1288
[2024/6/18 3:59:07] Lilium 的 副手攻击 对 BossMu 造成了 11 点 Slash 伤害。生命值：1288
[回合3] 03m 39s:  Lilium 施放了 拳, 目标：BossMu
[2024/6/18 3:59:07] Lilium 施放了 拳, 目标：BossMu
[回合3] 03m 39s:  Lilium 的 拳 对 BossMu 造成了 16 点 Knock 伤害。生命值：1272
[2024/6/18 3:59:08] Lilium 的 拳 对 BossMu 造成了 16 点 Knock 伤害。生命值：1272
[回合3] 03m 41s:  Flora 的 栽培 对 Umiko 造成了 0 点 Heal 。生命值：126
[2024/6/18 3:59:09] Flora 的 栽培 对 Umiko 造成了 0 点 Heal 。生命值：126
[回合3] 03m 41s:  Flora 的 栽培 对 Lilium 造成了 0 点 Heal 。生命值：114
[2024/6/18 3:59:09] Flora 的 栽培 对 Lilium 造成了 0 点 Heal 。生命值：114
[回合3] 03m 41s:  BossMu 的 剧毒酸池 对 Flora 造成了 15 点 Nature 伤害。生命值：67
[2024/6/18 3:59:10] BossMu 的 剧毒酸池 对 Flora 造成了 15 点 Nature 伤害。生命值：67
[回合3] 03m 41s:  Flora 的 栽培 对 Felivol 造成了 2 点 Heal 。生命值：97
[2024/6/18 3:59:10] Flora 的 栽培 对 Felivol 造成了 2 点 Heal 。生命值：97
[回合3] 03m 41s:  Archer3 的 出血 对 BossMu 造成了 2 点 Pierce 伤害。生命值：1270
[2024/6/18 3:59:10] Archer3 的 出血 对 BossMu 造成了 2 点 Pierce 伤害。生命值：1270
[回合3] 03m 45s:  Astrologer 施放了 移动, 目标：(9, 0, 5)
[2024/6/18 3:59:13] Astrologer 施放了 移动, 目标：(9, 0, 5)
[回合3] 03m 48s:  Astrologer 施放了 星光超流, 目标：BossMu
[2024/6/18 3:59:16] Astrologer 施放了 星光超流, 目标：BossMu
[回合3] 03m 49s:  Astrologer 的 星光超流 对 BossMu 造成了 20 点 Light 伤害。生命值：1250
[2024/6/18 3:59:17] Astrologer 的 星光超流 对 BossMu 造成了 20 点 Light 伤害。生命值：1250
[回合3] 03m 49s:  Astrologer 的 繁星道标 对 BossMu 造成了 12 点 Light 伤害。生命值：1238
[2024/6/18 3:59:18] Astrologer 的 繁星道标 对 BossMu 造成了 12 点 Light 伤害。生命值：1238
[回合3] 03m 50s:  Astrologer 的 繁星道标 对 BossMu 造成了 12 点 Light 伤害。生命值：1226
[2024/6/18 3:59:18] Astrologer 的 繁星道标 对 BossMu 造成了 12 点 Light 伤害。生命值：1226
[回合3] 03m 50s:  BossMu 重新获得了来自 Astrologer 的 繁星道标
[2024/6/18 3:59:18] BossMu 重新获得了来自 Astrologer 的 繁星道标
[回合3] 03m 53s:  Astrologer 施放了 彗星箭, 目标：BossMu
[2024/6/18 3:59:21] Astrologer 施放了 彗星箭, 目标：BossMu
[回合3] 03m 54s:  Astrologer 的 彗星箭 对 BossMu 造成了 50 点 Ice 伤害（暴击）。生命值：1176
[2024/6/18 3:59:22] Astrologer 的 彗星箭 对 BossMu 造成了 50 点 Ice 伤害（暴击）。生命值：1176
[回合3] 03m 57s:  Flora 的 栽培 对 Umiko 造成了 0 点 Heal 。生命值：126
[2024/6/18 3:59:26] Flora 的 栽培 对 Umiko 造成了 0 点 Heal 。生命值：126
[回合3] 03m 57s:  Flora 的 栽培 对 Lilium 造成了 0 点 Heal 。生命值：114
[2024/6/18 3:59:26] Flora 的 栽培 对 Lilium 造成了 0 点 Heal 。生命值：114
[回合3] 03m 57s:  BossMu 的 剧毒酸池 对 Flora 造成了 15 点 Nature 伤害。生命值：52
[2024/6/18 3:59:26] BossMu 的 剧毒酸池 对 Flora 造成了 15 点 Nature 伤害。生命值：52
[回合3] 03m 58s:  Flora 的 栽培 对 Felivol 造成了 2 点 Heal 。生命值：99
[2024/6/18 3:59:26] Flora 的 栽培 对 Felivol 造成了 2 点 Heal 。生命值：99
[回合3] 03m 58s:  Archer3 的 出血 对 BossMu 造成了 2 点 Pierce 伤害。生命值：1174
[2024/6/18 3:59:27] Archer3 的 出血 对 BossMu 造成了 2 点 Pierce 伤害。生命值：1174
[回合3] 03m 58s:  BossMu 施放了 突进, 目标：North
[2024/6/18 3:59:27] BossMu 施放了 突进, 目标：North
[回合3] 03m 59s:  BossMu 的 突进 对 Lilium 造成了 44 点 Knock 伤害。生命值：70
[2024/6/18 3:59:27] BossMu 的 突进 对 Lilium 造成了 44 点 Knock 伤害。生命值：70
[回合3] 04m 02s:  Flora 施放了 移动, 目标：(10, 0, 3)
[2024/6/18 3:59:30] Flora 施放了 移动, 目标：(10, 0, 3)
[回合3] 04m 02s:  Flora 失去了来自 BossMu 的 剧毒酸池
[2024/6/18 3:59:31] Flora 失去了来自 BossMu 的 剧毒酸池
[回合3] 04m 02s:  Flora 失去了来自 Umiko 的 生命之歌
[2024/6/18 3:59:31] Flora 失去了来自 Umiko 的 生命之歌
[回合3] 04m 14s:  Flora 施放了 移动, 目标：(10, 0, 4)
[2024/6/18 3:59:42] Flora 施放了 移动, 目标：(10, 0, 4)
[回合3] 04m 14s:  Flora 获得了来自 Umiko 的 生命之歌
[2024/6/18 3:59:42] Flora 获得了来自 Umiko 的 生命之歌
[回合3] 04m 16s:  Flora 施放了 栽培, 目标：Flora
[2024/6/18 3:59:45] Flora 施放了 栽培, 目标：Flora
[回合3] 04m 17s:  Flora 获得了来自 Flora 的 栽培
[2024/6/18 3:59:45] Flora 获得了来自 Flora 的 栽培
[回合3] 04m 19s:  Flora 施放了 治疗术, 目标：Lilium
[2024/6/18 3:59:47] Flora 施放了 治疗术, 目标：Lilium
[回合3] 04m 20s:  Flora 的 治疗术 对 Lilium 造成了 25 点 Heal 。生命值：95
[2024/6/18 3:59:48] Flora 的 治疗术 对 Lilium 造成了 25 点 Heal 。生命值：95
[回合3] 04m 21s:  Flora 施放了 治疗术, 目标：Flora
[2024/6/18 3:59:50] Flora 施放了 治疗术, 目标：Flora
[回合3] 04m 22s:  Flora 的 治疗术 对 Flora 造成了 25 点 Heal 。生命值：78
[2024/6/18 3:59:51] Flora 的 治疗术 对 Flora 造成了 25 点 Heal 。生命值：78
[回合3] 04m 24s:  Flora 的 栽培 对 Umiko 造成了 0 点 Heal 。生命值：126
[2024/6/18 3:59:53] Flora 的 栽培 对 Umiko 造成了 0 点 Heal 。生命值：126
[回合3] 04m 25s:  Flora 的 栽培 对 Lilium 造成了 2 点 Heal 。生命值：97
[2024/6/18 3:59:53] Flora 的 栽培 对 Lilium 造成了 2 点 Heal 。生命值：97
[回合3] 04m 25s:  Flora 的 栽培 对 Flora 造成了 2 点 Heal 。生命值：80
[2024/6/18 3:59:53] Flora 的 栽培 对 Flora 造成了 2 点 Heal 。生命值：80
[回合3] 04m 25s:  Flora 的 栽培 对 Felivol 造成了 2 点 Heal 。生命值：101
[2024/6/18 3:59:54] Flora 的 栽培 对 Felivol 造成了 2 点 Heal 。生命值：101
[回合3] 04m 25s:  Archer3 的 出血 对 BossMu 造成了 2 点 Pierce 伤害。生命值：1172
[2024/6/18 3:59:54] Archer3 的 出血 对 BossMu 造成了 2 点 Pierce 伤害。生命值：1172
[回合3] 04m 42s:  Gaceon 施放了 移动, 目标：(9, 0, 9)
[2024/6/18 4:00:11] Gaceon 施放了 移动, 目标：(9, 0, 9)
[回合3] 04m 47s:  Gaceon 施放了 彗星箭, 目标：BossMu
[2024/6/18 4:00:15] Gaceon 施放了 彗星箭, 目标：BossMu
[回合3] 04m 48s:  Gaceon 的 彗星箭 对 BossMu 造成了 14 点 Ice 伤害。生命值：1158
[2024/6/18 4:00:16] Gaceon 的 彗星箭 对 BossMu 造成了 14 点 Ice 伤害。生命值：1158
[回合3] 04m 49s:  Flora 的 栽培 对 Umiko 造成了 0 点 Heal 。生命值：126
[2024/6/18 4:00:17] Flora 的 栽培 对 Umiko 造成了 0 点 Heal 。生命值：126
[回合3] 04m 49s:  Flora 的 栽培 对 Lilium 造成了 2 点 Heal 。生命值：99
[2024/6/18 4:00:17] Flora 的 栽培 对 Lilium 造成了 2 点 Heal 。生命值：99
[回合3] 04m 49s:  Flora 的 栽培 对 Flora 造成了 2 点 Heal 。生命值：82
[2024/6/18 4:00:18] Flora 的 栽培 对 Flora 造成了 2 点 Heal 。生命值：82
[回合3] 04m 49s:  Felivol 失去了来自 Umiko 的 水泡护盾
[2024/6/18 4:00:18] Felivol 失去了来自 Umiko 的 水泡护盾
[回合3] 04m 49s:  Flora 的 栽培 对 Felivol 造成了 2 点 Heal 。生命值：103
[2024/6/18 4:00:18] Flora 的 栽培 对 Felivol 造成了 2 点 Heal 。生命值：103
[回合3] 04m 49s:  Archer3 的 出血 对 BossMu 造成了 2 点 Pierce 伤害。生命值：1156
[2024/6/18 4:00:18] Archer3 的 出血 对 BossMu 造成了 2 点 Pierce 伤害。生命值：1156
[回合3] 04m 50s:  Archer3 施放了 射击, 目标：BossMu
[2024/6/18 4:00:19] Archer3 施放了 射击, 目标：BossMu
[回合3] 04m 51s:  Archer3 的 射击 对 BossMu 造成了 21 点 Pierce 伤害。生命值：1135
[2024/6/18 4:00:19] Archer3 的 射击 对 BossMu 造成了 21 点 Pierce 伤害。生命值：1135
[回合3] 04m 51s:  Umiko 施放了 水泡, 目标：BossMu
[2024/6/18 4:00:19] Umiko 施放了 水泡, 目标：BossMu
[回合3] 04m 52s:  Umiko 的 水泡 对 BossMu 造成了 22 点 Water 伤害（暴击）。生命值：1113
[2024/6/18 4:00:21] Umiko 的 水泡 对 BossMu 造成了 22 点 Water 伤害（暴击）。生命值：1113
[回合3] 04m 52s:  Gaceon 获得了来自 Umiko 的 水泡护盾
[2024/6/18 4:00:21] Gaceon 获得了来自 Umiko 的 水泡护盾
[回合3] 04m 52s:  Gaceon 施放了 治疗链, 目标：Lilium
[2024/6/18 4:00:21] Gaceon 施放了 治疗链, 目标：Lilium
[回合3] 04m 52s:  Gaceon 的 治疗链 对 Lilium 造成了 13 点 Heal 。生命值：112
[2024/6/18 4:00:21] Gaceon 的 治疗链 对 Lilium 造成了 13 点 Heal 。生命值：112
[回合3] 04m 52s:  Gaceon 的 治疗链 对 Felivol 造成了 9 点 Heal 。生命值：112
[2024/6/18 4:00:21] Gaceon 的 治疗链 对 Felivol 造成了 9 点 Heal 。生命值：112
[回合3] 04m 53s:  Gaceon 的 治疗链 对 Lilium 造成了 2 点 Heal 。生命值：114
[2024/6/18 4:00:21] Gaceon 的 治疗链 对 Lilium 造成了 2 点 Heal 。生命值：114
[回合3] 04m 53s:  Flora 施放了 栽培, 目标：Archer3
[2024/6/18 4:00:22] Flora 施放了 栽培, 目标：Archer3
[回合3] 04m 54s:  Archer3 获得了来自 Flora 的 栽培
[2024/6/18 4:00:23] Archer3 获得了来自 Flora 的 栽培
[回合3] 04m 54s:  Astrologer 施放了 彗星箭, 目标：BossMu
[2024/6/18 4:00:23] Astrologer 施放了 彗星箭, 目标：BossMu
[回合3] 04m 54s:  Felivol 施放了 斩击, 目标：BossMu
[2024/6/18 4:00:23] Felivol 施放了 斩击, 目标：BossMu
[回合3] 04m 55s:  BossMu 施放了 移动, 目标：(11, 0, 8)
[2024/6/18 4:00:23] BossMu 施放了 移动, 目标：(11, 0, 8)
[回合3] 04m 55s:  BossMu 施放了 史莱姆攻击, 目标：Lilium
[2024/6/18 4:00:24] BossMu 施放了 史莱姆攻击, 目标：Lilium
[回合3] 04m 56s:  BossMu 的 史莱姆攻击 对 Lilium 造成了 30 点 Knock 伤害。生命值：84
[2024/6/18 4:00:24] BossMu 的 史莱姆攻击 对 Lilium 造成了 30 点 Knock 伤害。生命值：84
[回合4] 04m 57s:  回合4
[2024/6/18 4:00:25] 回合4
[回合4] 05m 15s:  Flora 施放了 移动, 目标：(9, 0, 6)
[2024/6/18 4:00:44] Flora 施放了 移动, 目标：(9, 0, 6)
[回合4] 05m 17s:  Flora 施放了 移动, 目标：(8, 0, 6)
[2024/6/18 4:00:46] Flora 施放了 移动, 目标：(8, 0, 6)
[回合4] 05m 27s:  Flora 施放了 彗星箭, 目标：SmallMu(Clone)
[2024/6/18 4:00:56] Flora 施放了 彗星箭, 目标：SmallMu(Clone)
[回合4] 05m 28s:  Flora 的 彗星箭 对 SmallMu(Clone) 造成了 14 点 Ice 伤害。生命值：106
[2024/6/18 4:00:56] Flora 的 彗星箭 对 SmallMu(Clone) 造成了 14 点 Ice 伤害。生命值：106
[回合4] 05m 30s:  Flora 的 栽培 对 Umiko 造成了 0 点 Heal 。生命值：126
[2024/6/18 4:00:59] Flora 的 栽培 对 Umiko 造成了 0 点 Heal 。生命值：126
[回合4] 05m 30s:  Flora 的 栽培 对 Archer3 造成了 0 点 Heal 。生命值：96
[2024/6/18 4:00:59] Flora 的 栽培 对 Archer3 造成了 0 点 Heal 。生命值：96
[回合4] 05m 30s:  Flora 的 栽培 对 Lilium 造成了 2 点 Heal 。生命值：86
[2024/6/18 4:00:59] Flora 的 栽培 对 Lilium 造成了 2 点 Heal 。生命值：86
[回合4] 05m 30s:  Flora 的 栽培 对 Flora 造成了 2 点 Heal 。生命值：84
[2024/6/18 4:00:59] Flora 的 栽培 对 Flora 造成了 2 点 Heal 。生命值：84
[回合4] 05m 31s:  Flora 的 栽培 对 Felivol 造成了 2 点 Heal 。生命值：114
[2024/6/18 4:00:59] Flora 的 栽培 对 Felivol 造成了 2 点 Heal 。生命值：114
[回合4] 05m 31s:  Archer3 的 出血 对 BossMu 造成了 2 点 Pierce 伤害。生命值：1111
[2024/6/18 4:01:00] Archer3 的 出血 对 BossMu 造成了 2 点 Pierce 伤害。生命值：1111
[回合4] 05m 39s:  Felivol 施放了 移动, 目标：(10, 0, 3)
[2024/6/18 4:01:08] Felivol 施放了 移动, 目标：(10, 0, 3)
[回合4] 05m 40s:  Felivol 的 旅者 对 Felivol 造成了 2 点 Heal 。生命值：116
[2024/6/18 4:01:08] Felivol 的 旅者 对 Felivol 造成了 2 点 Heal 。生命值：116
[回合4] 05m 40s:  Felivol 的 旅者 对 Felivol 造成了 2 点 Heal 。生命值：118
[2024/6/18 4:01:09] Felivol 的 旅者 对 Felivol 造成了 2 点 Heal 。生命值：118
[回合4] 05m 42s:  Felivol 施放了 移动, 目标：(10, 0, 4)
[2024/6/18 4:01:11] Felivol 施放了 移动, 目标：(10, 0, 4)
[回合4] 05m 43s:  Felivol 的 旅者 对 Felivol 造成了 2 点 Heal 。生命值：120
[2024/6/18 4:01:11] Felivol 的 旅者 对 Felivol 造成了 2 点 Heal 。生命值：120
[回合4] 05m 43s:  Felivol 获得了来自 Umiko 的 生命之歌
[2024/6/18 4:01:11] Felivol 获得了来自 Umiko 的 生命之歌
[回合4] 05m 46s:  Felivol 施放了 蓄力斩, 目标：East
[2024/6/18 4:01:15] Felivol 施放了 蓄力斩, 目标：East
[回合4] 05m 46s:  Felivol 施放了 祈祷：战地祷告, 目标：Felivol
[2024/6/18 4:01:15] Felivol 施放了 祈祷：战地祷告, 目标：Felivol
[回合4] 05m 47s:  Felivol 的 祈祷：战地祷告 对 Felivol 造成了 12 点 Heal 。生命值：132
[2024/6/18 4:01:16] Felivol 的 祈祷：战地祷告 对 Felivol 造成了 12 点 Heal 。生命值：132
[回合4] 05m 47s:  Felivol 重新获得了来自 Felivol 的 祝福之光
[2024/6/18 4:01:16] Felivol 重新获得了来自 Felivol 的 祝福之光
[回合4] 05m 48s:  Flora 的 栽培 对 Umiko 造成了 0 点 Heal 。生命值：126
[2024/6/18 4:01:16] Flora 的 栽培 对 Umiko 造成了 0 点 Heal 。生命值：126
[回合4] 05m 48s:  Umiko 失去了来自 Flora 的 栽培
[2024/6/18 4:01:16] Umiko 失去了来自 Flora 的 栽培
[回合4] 05m 48s:  Flora 的 栽培 对 Archer3 造成了 0 点 Heal 。生命值：96
[2024/6/18 4:01:16] Flora 的 栽培 对 Archer3 造成了 0 点 Heal 。生命值：96
[回合4] 05m 48s:  Flora 的 栽培 对 Lilium 造成了 2 点 Heal 。生命值：88
[2024/6/18 4:01:17] Flora 的 栽培 对 Lilium 造成了 2 点 Heal 。生命值：88
[回合4] 05m 48s:  Lilium 失去了来自 Flora 的 栽培
[2024/6/18 4:01:17] Lilium 失去了来自 Flora 的 栽培
[回合4] 05m 48s:  Flora 的 栽培 对 Flora 造成了 2 点 Heal 。生命值：86
[2024/6/18 4:01:17] Flora 的 栽培 对 Flora 造成了 2 点 Heal 。生命值：86
[回合4] 05m 48s:  Flora 的 栽培 对 Felivol 造成了 0 点 Heal 。生命值：132
[2024/6/18 4:01:17] Flora 的 栽培 对 Felivol 造成了 0 点 Heal 。生命值：132
[回合4] 05m 49s:  Archer3 的 出血 对 BossMu 造成了 2 点 Pierce 伤害。生命值：1109
[2024/6/18 4:01:17] Archer3 的 出血 对 BossMu 造成了 2 点 Pierce 伤害。生命值：1109
[回合4] 05m 49s:  BossMu 施放了 突进, 目标：South
[2024/6/18 4:01:17] BossMu 施放了 突进, 目标：South
[回合4] 05m 49s:  BossMu 的 突进 对 Lilium 造成了 44 点 Knock 伤害。生命值：44
[2024/6/18 4:01:18] BossMu 的 突进 对 Lilium 造成了 44 点 Knock 伤害。生命值：44
[回合4] 05m 50s:  BossMu 的 突进 对 Felivol 造成了 38 点 Knock 伤害。生命值：94
[2024/6/18 4:01:18] BossMu 的 突进 对 Felivol 造成了 38 点 Knock 伤害。生命值：94
[回合4] 05m 50s:  Felivol 的 旅者 对 Felivol 造成了 2 点 Heal 。生命值：96
[2024/6/18 4:01:18] Felivol 的 旅者 对 Felivol 造成了 2 点 Heal 。生命值：96
[回合4] 05m 50s:  Felivol 失去了来自 Umiko 的 生命之歌
[2024/6/18 4:01:18] Felivol 失去了来自 Umiko 的 生命之歌
[回合4] 06m 03s:  Archer3 施放了 移动, 目标：(9, 0, 6)
[2024/6/18 4:01:32] Archer3 施放了 移动, 目标：(9, 0, 6)
[回合4] 06m 05s:  Archer3 施放了 射击, 目标：SmallMu(Clone)
[2024/6/18 4:01:34] Archer3 施放了 射击, 目标：SmallMu(Clone)
[回合4] 06m 06s:  Archer3 的 射击 对 SmallMu(Clone) 造成了 21 点 Pierce 伤害。生命值：85
[2024/6/18 4:01:34] Archer3 的 射击 对 SmallMu(Clone) 造成了 21 点 Pierce 伤害。生命值：85
[回合4] 06m 06s:  Archer3 施放了 射击, 目标：SmallMu(Clone)
[2024/6/18 4:01:35] Archer3 施放了 射击, 目标：SmallMu(Clone)
[回合4] 06m 07s:  Archer3 的 射击 对 SmallMu(Clone) 造成了 21 点 Pierce 伤害。生命值：64
[2024/6/18 4:01:36] Archer3 的 射击 对 SmallMu(Clone) 造成了 21 点 Pierce 伤害。生命值：64
[回合4] 06m 09s:  Flora 的 栽培 对 Archer3 造成了 0 点 Heal 。生命值：96
[2024/6/18 4:01:38] Flora 的 栽培 对 Archer3 造成了 0 点 Heal 。生命值：96
[回合4] 06m 09s:  Flora 的 栽培 对 Flora 造成了 2 点 Heal 。生命值：88
[2024/6/18 4:01:38] Flora 的 栽培 对 Flora 造成了 2 点 Heal 。生命值：88
[回合4] 06m 10s:  Flora 的 栽培 对 Felivol 造成了 2 点 Heal 。生命值：98
[2024/6/18 4:01:38] Flora 的 栽培 对 Felivol 造成了 2 点 Heal 。生命值：98
[回合4] 06m 10s:  Archer3 的 出血 对 BossMu 造成了 2 点 Pierce 伤害。生命值：1107
[2024/6/18 4:01:39] Archer3 的 出血 对 BossMu 造成了 2 点 Pierce 伤害。生命值：1107
[回合4] 06m 14s:  Umiko 施放了 移动, 目标：(7, 0, 6)
[2024/6/18 4:01:42] Umiko 施放了 移动, 目标：(7, 0, 6)
[回合4] 06m 15s:  Umiko 施放了 水泡, 目标：SmallMu(Clone)
[2024/6/18 4:01:44] Umiko 施放了 水泡, 目标：SmallMu(Clone)
[回合4] 06m 17s:  Umiko 的 水泡 对 SmallMu(Clone) 造成了 11 点 Water 伤害。生命值：53
[2024/6/18 4:01:45] Umiko 的 水泡 对 SmallMu(Clone) 造成了 11 点 Water 伤害。生命值：53
[回合4] 06m 17s:  Umiko 施放了 水泡, 目标：SmallMu(Clone)
[2024/6/18 4:01:46] Umiko 施放了 水泡, 目标：SmallMu(Clone)
[回合4] 06m 18s:  Umiko 的 水泡 对 SmallMu(Clone) 造成了 11 点 Water 伤害。生命值：42
[2024/6/18 4:01:47] Umiko 的 水泡 对 SmallMu(Clone) 造成了 11 点 Water 伤害。生命值：42
[回合4] 06m 18s:  Umiko 施放了 水泡, 目标：SmallMu(Clone)
[2024/6/18 4:01:47] Umiko 施放了 水泡, 目标：SmallMu(Clone)
[回合4] 06m 20s:  Umiko 的 水泡 对 SmallMu(Clone) 造成了 11 点 Water 伤害。生命值：31
[2024/6/18 4:01:48] Umiko 的 水泡 对 SmallMu(Clone) 造成了 11 点 Water 伤害。生命值：31
[回合4] 06m 21s:  Archer3 失去了来自 Umiko 的 水泡护盾
[2024/6/18 4:01:49] Archer3 失去了来自 Umiko 的 水泡护盾
[回合4] 06m 21s:  Flora 的 栽培 对 Archer3 造成了 0 点 Heal 。生命值：96
[2024/6/18 4:01:49] Flora 的 栽培 对 Archer3 造成了 0 点 Heal 。生命值：96
[回合4] 06m 21s:  Flora 的 栽培 对 Flora 造成了 2 点 Heal 。生命值：90
[2024/6/18 4:01:50] Flora 的 栽培 对 Flora 造成了 2 点 Heal 。生命值：90
[回合4] 06m 21s:  Flora 的 栽培 对 Felivol 造成了 2 点 Heal 。生命值：100
[2024/6/18 4:01:50] Flora 的 栽培 对 Felivol 造成了 2 点 Heal 。生命值：100
[回合4] 06m 21s:  Archer3 的 出血 对 BossMu 造成了 2 点 Pierce 伤害。生命值：1105
[2024/6/18 4:01:50] Archer3 的 出血 对 BossMu 造成了 2 点 Pierce 伤害。生命值：1105
[回合4] 06m 22s:  Archer3 施放了 射击, 目标：SmallMu(Clone)
[2024/6/18 4:01:51] Archer3 施放了 射击, 目标：SmallMu(Clone)
[回合4] 06m 23s:  Archer3 的 射击 对 SmallMu(Clone) 造成了 21 点 Pierce 伤害。生命值：10
[2024/6/18 4:01:51] Archer3 的 射击 对 SmallMu(Clone) 造成了 21 点 Pierce 伤害。生命值：10
[回合4] 06m 23s:  Umiko 施放了 水泡, 目标：SmallMu(Clone)
[2024/6/18 4:01:51] Umiko 施放了 水泡, 目标：SmallMu(Clone)
[回合4] 06m 24s:  Umiko 的 水泡 对 SmallMu(Clone) 造成了 10 点 Water 伤害。生命值：0
[2024/6/18 4:01:53] Umiko 的 水泡 对 SmallMu(Clone) 造成了 10 点 Water 伤害。生命值：0
[回合4] 06m 24s:  SmallMu(Clone) 施放了 小史莱姆爆炸, 目标：SmallMu(Clone)
[2024/6/18 4:01:53] SmallMu(Clone) 施放了 小史莱姆爆炸, 目标：SmallMu(Clone)
[回合4] 06m 25s:  SmallMu(Clone) 的 小史莱姆爆炸 对 Umiko 造成了 26 点 Nature 伤害。生命值：100
[2024/6/18 4:01:53] SmallMu(Clone) 的 小史莱姆爆炸 对 Umiko 造成了 26 点 Nature 伤害。生命值：100
[回合4] 06m 25s:  SmallMu(Clone) 的 小史莱姆爆炸 对 Gaceon 造成了 25 点 Nature 伤害。生命值：77
[2024/6/18 4:01:54] SmallMu(Clone) 的 小史莱姆爆炸 对 Gaceon 造成了 25 点 Nature 伤害。生命值：77
[回合4] 06m 25s:  SmallMu(Clone) 的 小史莱姆爆炸 对 Archer3 造成了 26 点 Nature 伤害。生命值：70
[2024/6/18 4:01:54] SmallMu(Clone) 的 小史莱姆爆炸 对 Archer3 造成了 26 点 Nature 伤害。生命值：70
[回合4] 06m 25s:  SmallMu(Clone) 的 小史莱姆爆炸 对 Astrologer 造成了 26 点 Nature 伤害。生命值：58
[2024/6/18 4:01:54] SmallMu(Clone) 的 小史莱姆爆炸 对 Astrologer 造成了 26 点 Nature 伤害。生命值：58
[回合4] 06m 26s:  SmallMu(Clone) 的 小史莱姆爆炸 对 Lilium 造成了 26 点 Nature 伤害。生命值：18
[2024/6/18 4:01:54] SmallMu(Clone) 的 小史莱姆爆炸 对 Lilium 造成了 26 点 Nature 伤害。生命值：18
[回合4] 06m 26s:  SmallMu(Clone) 的 小史莱姆爆炸 对 Flora 造成了 26 点 Nature 伤害。生命值：64
[2024/6/18 4:01:55] SmallMu(Clone) 的 小史莱姆爆炸 对 Flora 造成了 26 点 Nature 伤害。生命值：64
[回合4] 06m 26s:  SmallMu(Clone) 的 小史莱姆爆炸 对 Felivol 造成了 22 点 Nature 伤害。生命值：78
[2024/6/18 4:01:55] SmallMu(Clone) 的 小史莱姆爆炸 对 Felivol 造成了 22 点 Nature 伤害。生命值：78
[回合4] 06m 26s:  SmallMu(Clone) 失去了来自 SmallMu(Clone) 的 死亡爆裂 [0]
[2024/6/18 4:01:55] SmallMu(Clone) 失去了来自 SmallMu(Clone) 的 死亡爆裂 [0]
[回合4] 06m 26s:  Umiko 的 水泡 击杀了 SmallMu(Clone) !
[2024/6/18 4:01:55] Umiko 的 水泡 击杀了 SmallMu(Clone) !
[回合4] 06m 26s:  Gaceon 施放了 治疗链, 目标：Lilium
[2024/6/18 4:01:55] Gaceon 施放了 治疗链, 目标：Lilium
[回合4] 06m 27s:  Gaceon 的 治疗链 对 Lilium 造成了 13 点 Heal 。生命值：31
[2024/6/18 4:01:55] Gaceon 的 治疗链 对 Lilium 造成了 13 点 Heal 。生命值：31
[回合4] 06m 27s:  Gaceon 的 治疗链 对 Felivol 造成了 9 点 Heal 。生命值：87
[2024/6/18 4:01:55] Gaceon 的 治疗链 对 Felivol 造成了 9 点 Heal 。生命值：87
[回合4] 06m 27s:  Gaceon 的 治疗链 对 Lilium 造成了 7 点 Heal 。生命值：38
[2024/6/18 4:01:56] Gaceon 的 治疗链 对 Lilium 造成了 7 点 Heal 。生命值：38
[回合4] 06m 28s:  Flora 施放了 栽培, 目标：Lilium
[2024/6/18 4:01:56] Flora 施放了 栽培, 目标：Lilium
[回合4] 06m 28s:  Lilium 获得了来自 Flora 的 栽培
[2024/6/18 4:01:57] Lilium 获得了来自 Flora 的 栽培
[回合4] 06m 28s:  Astrologer 施放了 彗星箭, 目标：BossMu
[2024/6/18 4:01:57] Astrologer 施放了 彗星箭, 目标：BossMu
[回合4] 06m 29s:  Astrologer 的 彗星箭 对 BossMu 造成了 25 点 Ice 伤害。生命值：1080
[2024/6/18 4:01:58] Astrologer 的 彗星箭 对 BossMu 造成了 25 点 Ice 伤害。生命值：1080
[回合4] 06m 30s:  BossMu 施放了 史莱姆攻击, 目标：Lilium
[2024/6/18 4:01:59] BossMu 施放了 史莱姆攻击, 目标：Lilium
[回合4] 06m 31s:  BossMu 的 史莱姆攻击 对 Lilium 造成了 30 点 Knock 伤害。生命值：8
[2024/6/18 4:02:00] BossMu 的 史莱姆攻击 对 Lilium 造成了 30 点 Knock 伤害。生命值：8
[回合4] 06m 31s:  BossMu 施放了 小史莱姆标记, 目标：BossMu
[2024/6/18 4:02:00] BossMu 施放了 小史莱姆标记, 目标：BossMu
[回合4] 06m 32s:  Felivol 获得了来自 BossMu 的 锁定
[2024/6/18 4:02:00] Felivol 获得了来自 BossMu 的 锁定
[回合4] 06m 32s:  Felivol 施放了 蓄力斩, 目标：East
[2024/6/18 4:02:01] Felivol 施放了 蓄力斩, 目标：East
[回合4] 06m 33s:  Felivol 的 蓄力斩 对 BossMu 造成了 23 点 Slash 伤害。生命值：1057
[2024/6/18 4:02:02] Felivol 的 蓄力斩 对 BossMu 造成了 23 点 Slash 伤害。生命值：1057
[回合4] 06m 33s:  BossMu 失去了来自 Astrologer 的 繁星道标
[2024/6/18 4:02:02] BossMu 失去了来自 Astrologer 的 繁星道标
[回合5] 06m 33s:  回合5
[2024/6/18 4:02:02] 回合5
[回合5] 06m 44s:  Lilium 施放了 移动, 目标：(12, 0, 3)
[2024/6/18 4:02:13] Lilium 施放了 移动, 目标：(12, 0, 3)
[回合5] 06m 44s:  Lilium 失去了来自 Umiko 的 生命之歌
[2024/6/18 4:02:13] Lilium 失去了来自 Umiko 的 生命之歌
[回合5] 06m 49s:  Lilium 施放了 副手攻击, 目标：BossMu
[2024/6/18 4:02:17] Lilium 施放了 副手攻击, 目标：BossMu
[回合5] 06m 50s:  Lilium 的 副手攻击 对 BossMu 造成了 11 点 Slash 伤害。生命值：1046
[2024/6/18 4:02:18] Lilium 的 副手攻击 对 BossMu 造成了 11 点 Slash 伤害。生命值：1046
[回合5] 06m 52s:  Lilium 施放了 拳, 目标：BossMu
[2024/6/18 4:02:21] Lilium 施放了 拳, 目标：BossMu
[回合5] 06m 52s:  Lilium 的 拳 对 BossMu 造成了 16 点 Knock 伤害。生命值：1030
[2024/6/18 4:02:21] Lilium 的 拳 对 BossMu 造成了 16 点 Knock 伤害。生命值：1030
[回合5] 06m 53s:  Lilium 施放了 拳, 目标：BossMu
[2024/6/18 4:02:22] Lilium 施放了 拳, 目标：BossMu
[回合5] 06m 54s:  Lilium 的 拳 对 BossMu 造成了 16 点 Knock 伤害。生命值：1014
[2024/6/18 4:02:23] Lilium 的 拳 对 BossMu 造成了 16 点 Knock 伤害。生命值：1014
[回合5] 06m 55s:  Lilium 施放了 法力护盾, 目标：Lilium
[2024/6/18 4:02:24] Lilium 施放了 法力护盾, 目标：Lilium
[回合5] 06m 56s:  Lilium 获得了来自 Lilium 的 法力护盾
[2024/6/18 4:02:24] Lilium 获得了来自 Lilium 的 法力护盾
[回合5] 06m 56s:  Flora 的 栽培 对 Archer3 造成了 2 点 Heal 。生命值：72
[2024/6/18 4:02:25] Flora 的 栽培 对 Archer3 造成了 2 点 Heal 。生命值：72
[回合5] 06m 56s:  Flora 的 栽培 对 Lilium 造成了 2 点 Heal 。生命值：10
[2024/6/18 4:02:25] Flora 的 栽培 对 Lilium 造成了 2 点 Heal 。生命值：10
[回合5] 06m 57s:  Flora 的 栽培 对 Flora 造成了 2 点 Heal 。生命值：66
[2024/6/18 4:02:25] Flora 的 栽培 对 Flora 造成了 2 点 Heal 。生命值：66
[回合5] 06m 57s:  Flora 的 栽培 对 Felivol 造成了 2 点 Heal 。生命值：89
[2024/6/18 4:02:25] Flora 的 栽培 对 Felivol 造成了 2 点 Heal 。生命值：89
[回合5] 06m 57s:  Archer3 的 出血 对 BossMu 造成了 2 点 Pierce 伤害。生命值：1012
[2024/6/18 4:02:26] Archer3 的 出血 对 BossMu 造成了 2 点 Pierce 伤害。生命值：1012
[回合5] 06m 57s:  BossMu 失去了来自 Archer3 的 出血
[2024/6/18 4:02:26] BossMu 失去了来自 Archer3 的 出血
[回合5] 06m 57s:  BossMu 施放了 腐蚀吐息, 目标：East
[2024/6/18 4:02:26] BossMu 施放了 腐蚀吐息, 目标：East
[回合5] 06m 58s:  BossMu 的 腐蚀吐息 对 Lilium 造成了 2 点 Nature 伤害。生命值：8
[2024/6/18 4:02:26] BossMu 的 腐蚀吐息 对 Lilium 造成了 2 点 Nature 伤害。生命值：8
[回合5] 06m 58s:  Lilium 获得了来自 BossMu 的 腐蚀吐息
[2024/6/18 4:02:26] Lilium 获得了来自 BossMu 的 腐蚀吐息
[回合5] 07m 14s:  Flora 施放了 绽放, 目标：Flora
[2024/6/18 4:02:42] Flora 施放了 绽放, 目标：Flora
[回合5] 07m 14s:  Flora 的 绽放 对 Umiko 造成了 18 点 Heal 。生命值：118
[2024/6/18 4:02:43] Flora 的 绽放 对 Umiko 造成了 18 点 Heal 。生命值：118
[回合5] 07m 15s:  Flora 的 绽放 对 Gaceon 造成了 18 点 Heal 。生命值：95
[2024/6/18 4:02:43] Flora 的 绽放 对 Gaceon 造成了 18 点 Heal 。生命值：95
[回合5] 07m 15s:  Flora 的 绽放 对 Archer3 造成了 18 点 Heal 。生命值：90
[2024/6/18 4:02:44] Flora 的 绽放 对 Archer3 造成了 18 点 Heal 。生命值：90
[回合5] 07m 15s:  Flora 的 绽放 对 Astrologer 造成了 18 点 Heal 。生命值：76
[2024/6/18 4:02:44] Flora 的 绽放 对 Astrologer 造成了 18 点 Heal 。生命值：76
[回合5] 07m 15s:  Flora 的 绽放 对 Lilium 造成了 18 点 Heal 。生命值：26
[2024/6/18 4:02:44] Flora 的 绽放 对 Lilium 造成了 18 点 Heal 。生命值：26
[回合5] 07m 15s:  Flora 的 绽放 对 Flora 造成了 18 点 Heal 。生命值：84
[2024/6/18 4:02:44] Flora 的 绽放 对 Flora 造成了 18 点 Heal 。生命值：84
[回合5] 07m 16s:  Flora 的 绽放 对 Felivol 造成了 18 点 Heal 。生命值：107
[2024/6/18 4:02:44] Flora 的 绽放 对 Felivol 造成了 18 点 Heal 。生命值：107
[回合5] 07m 21s:  Flora 施放了 栽培, 目标：Astrologer
[2024/6/18 4:02:50] Flora 施放了 栽培, 目标：Astrologer
[回合5] 07m 22s:  Astrologer 获得了来自 Flora 的 栽培
[2024/6/18 4:02:51] Astrologer 获得了来自 Flora 的 栽培
[回合5] 07m 23s:  Flora 的 栽培 对 Archer3 造成了 2 点 Heal 。生命值：92
[2024/6/18 4:02:52] Flora 的 栽培 对 Archer3 造成了 2 点 Heal 。生命值：92
[回合5] 07m 24s:  Flora 的 栽培 对 Astrologer 造成了 2 点 Heal 。生命值：78
[2024/6/18 4:02:52] Flora 的 栽培 对 Astrologer 造成了 2 点 Heal 。生命值：78
[回合5] 07m 24s:  Flora 的 栽培 对 Lilium 造成了 2 点 Heal 。生命值：28
[2024/6/18 4:02:52] Flora 的 栽培 对 Lilium 造成了 2 点 Heal 。生命值：28
[回合5] 07m 24s:  Flora 的 栽培 对 Flora 造成了 2 点 Heal 。生命值：86
[2024/6/18 4:02:53] Flora 的 栽培 对 Flora 造成了 2 点 Heal 。生命值：86
[回合5] 07m 24s:  Flora 的 栽培 对 Felivol 造成了 2 点 Heal 。生命值：109
[2024/6/18 4:02:53] Flora 的 栽培 对 Felivol 造成了 2 点 Heal 。生命值：109
[回合5] 07m 24s:  Felivol 失去了来自 Flora 的 栽培
[2024/6/18 4:02:53] Felivol 失去了来自 Flora 的 栽培
[回合5] 07m 27s:  Gaceon 施放了 移动, 目标：(10, 0, 7)
[2024/6/18 4:02:56] Gaceon 施放了 移动, 目标：(10, 0, 7)
[回合5] 07m 38s:  Gaceon 施放了 治疗术, 目标：Lilium
[2024/6/18 4:03:06] Gaceon 施放了 治疗术, 目标：Lilium
[回合5] 07m 39s:  Gaceon 的 治疗术 对 Lilium 造成了 25 点 Heal 。生命值：53
[2024/6/18 4:03:07] Gaceon 的 治疗术 对 Lilium 造成了 25 点 Heal 。生命值：53
[回合5] 07m 41s:  Gaceon 施放了 治疗术, 目标：Lilium
[2024/6/18 4:03:09] Gaceon 施放了 治疗术, 目标：Lilium
[回合5] 07m 42s:  Gaceon 的 治疗术 对 Lilium 造成了 25 点 Heal 。生命值：78
[2024/6/18 4:03:10] Gaceon 的 治疗术 对 Lilium 造成了 25 点 Heal 。生命值：78
[回合5] 07m 43s:  Flora 的 栽培 对 Archer3 造成了 2 点 Heal 。生命值：94
[2024/6/18 4:03:12] Flora 的 栽培 对 Archer3 造成了 2 点 Heal 。生命值：94
[回合5] 07m 43s:  Flora 的 栽培 对 Astrologer 造成了 2 点 Heal 。生命值：80
[2024/6/18 4:03:12] Flora 的 栽培 对 Astrologer 造成了 2 点 Heal 。生命值：80
[回合5] 07m 43s:  Flora 的 栽培 对 Lilium 造成了 2 点 Heal 。生命值：80
[2024/6/18 4:03:12] Flora 的 栽培 对 Lilium 造成了 2 点 Heal 。生命值：80
[回合5] 07m 44s:  Flora 的 栽培 对 Flora 造成了 2 点 Heal 。生命值：88
[2024/6/18 4:03:12] Flora 的 栽培 对 Flora 造成了 2 点 Heal 。生命值：88
[回合5] 07m 55s:  Felivol 施放了 移动, 目标：(7, 0, 3)
[2024/6/18 4:03:24] Felivol 施放了 移动, 目标：(7, 0, 3)
[回合5] 07m 56s:  Felivol 获得了来自 BossMu 的 剧毒酸池
[2024/6/18 4:03:25] Felivol 获得了来自 BossMu 的 剧毒酸池
[回合5] 07m 56s:  Felivol 的 旅者 对 Felivol 造成了 2 点 Heal 。生命值：111
[2024/6/18 4:03:25] Felivol 的 旅者 对 Felivol 造成了 2 点 Heal 。生命值：111
[回合5] 07m 56s:  Felivol 获得了来自 Umiko 的 生命之歌
[2024/6/18 4:03:25] Felivol 获得了来自 Umiko 的 生命之歌
[回合5] 07m 56s:  Felivol 的 旅者 对 Felivol 造成了 2 点 Heal 。生命值：113
[2024/6/18 4:03:25] Felivol 的 旅者 对 Felivol 造成了 2 点 Heal 。生命值：113
[回合5] 07m 57s:  Felivol 的 旅者 对 Felivol 造成了 2 点 Heal 。生命值：115
[2024/6/18 4:03:25] Felivol 的 旅者 对 Felivol 造成了 2 点 Heal 。生命值：115
[回合5] 08m 07s:  Felivol 施放了 蓄力斩, 目标：West
[2024/6/18 4:03:36] Felivol 施放了 蓄力斩, 目标：West
[回合5] 08m 07s:  Gaceon 失去了来自 Umiko 的 水泡护盾
[2024/6/18 4:03:36] Gaceon 失去了来自 Umiko 的 水泡护盾
[回合5] 08m 08s:  Flora 的 栽培 对 Archer3 造成了 2 点 Heal 。生命值：96
[2024/6/18 4:03:36] Flora 的 栽培 对 Archer3 造成了 2 点 Heal 。生命值：96
[回合5] 08m 08s:  Flora 的 栽培 对 Astrologer 造成了 2 点 Heal 。生命值：82
[2024/6/18 4:03:36] Flora 的 栽培 对 Astrologer 造成了 2 点 Heal 。生命值：82
[回合5] 08m 08s:  Flora 的 栽培 对 Lilium 造成了 2 点 Heal 。生命值：82
[2024/6/18 4:03:37] Flora 的 栽培 对 Lilium 造成了 2 点 Heal 。生命值：82
[回合5] 08m 08s:  Flora 的 栽培 对 Flora 造成了 2 点 Heal 。生命值：90
[2024/6/18 4:03:37] Flora 的 栽培 对 Flora 造成了 2 点 Heal 。生命值：90
[回合5] 08m 08s:  Flora 失去了来自 Flora 的 栽培
[2024/6/18 4:03:37] Flora 失去了来自 Flora 的 栽培
[回合5] 08m 09s:  BossMu 的 剧毒酸池 对 Felivol 造成了 12 点 Nature 伤害。生命值：103
[2024/6/18 4:03:37] BossMu 的 剧毒酸池 对 Felivol 造成了 12 点 Nature 伤害。生命值：103
[回合5] 08m 09s:  Gaceon 施放了 治疗链, 目标：Lilium
[2024/6/18 4:03:38] Gaceon 施放了 治疗链, 目标：Lilium
[回合5] 08m 09s:  Gaceon 的 治疗链 对 Lilium 造成了 13 点 Heal 。生命值：95
[2024/6/18 4:03:38] Gaceon 的 治疗链 对 Lilium 造成了 13 点 Heal 。生命值：95
[回合5] 08m 10s:  Flora 施放了 栽培, 目标：Felivol
[2024/6/18 4:03:39] Flora 施放了 栽培, 目标：Felivol
[回合5] 08m 11s:  Felivol 获得了来自 Flora 的 栽培
[2024/6/18 4:03:39] Felivol 获得了来自 Flora 的 栽培
[回合5] 08m 11s:  Astrologer 施放了 彗星箭, 目标：BossMu
[2024/6/18 4:03:39] Astrologer 施放了 彗星箭, 目标：BossMu
[回合5] 08m 12s:  Astrologer 的 彗星箭 对 BossMu 造成了 50 点 Ice 伤害（暴击）。生命值：962
[2024/6/18 4:03:40] Astrologer 的 彗星箭 对 BossMu 造成了 50 点 Ice 伤害（暴击）。生命值：962
[回合5] 08m 12s:  BossMu 施放了 史莱姆攻击, 目标：Lilium
[2024/6/18 4:03:41] BossMu 施放了 史莱姆攻击, 目标：Lilium
[回合5] 08m 13s:  BossMu 的 史莱姆攻击 对 Lilium 造成了 30 点 Knock 伤害。生命值：65
[2024/6/18 4:03:42] BossMu 的 史莱姆攻击 对 Lilium 造成了 30 点 Knock 伤害。生命值：65
[回合5] 08m 13s:  BossMu 施放了 小史莱姆投掷, 目标：BossMu
[2024/6/18 4:03:42] BossMu 施放了 小史莱姆投掷, 目标：BossMu
[回合5] 08m 15s:  BossMu 的 小史莱姆投掷 对 Felivol 造成了 17 点 Nature 伤害。生命值：86
[2024/6/18 4:03:43] BossMu 的 小史莱姆投掷 对 Felivol 造成了 17 点 Nature 伤害。生命值：86
[回合5] 08m 15s:  Felivol 失去了来自 BossMu 的 锁定
[2024/6/18 4:03:43] Felivol 失去了来自 BossMu 的 锁定
[回合5] 08m 15s:  SmallMu(Clone) 获得了来自 SmallMu(Clone) 的 死亡爆裂 [0]
[2024/6/18 4:03:43] SmallMu(Clone) 获得了来自 SmallMu(Clone) 的 死亡爆裂 [0]
[回合5] 08m 15s:  Felivol 重新获得了来自 BossMu 的 剧毒酸池
[2024/6/18 4:03:43] Felivol 重新获得了来自 BossMu 的 剧毒酸池
[回合5] 08m 15s:  Felivol 施放了 蓄力斩, 目标：West
[2024/6/18 4:03:44] Felivol 施放了 蓄力斩, 目标：West
[回合5] 08m 15s:  Lilium 失去了来自 Lilium 的 法力护盾
[2024/6/18 4:03:44] Lilium 失去了来自 Lilium 的 法力护盾
[回合6] 08m 15s:  回合6
[2024/6/18 4:03:44] 回合6
[回合6] 08m 26s:  Lilium 施放了 移动, 目标：(11, 0, 4)
[2024/6/18 4:03:54] Lilium 施放了 移动, 目标：(11, 0, 4)
[回合6] 08m 28s:  Lilium 施放了 拳, 目标：BossMu
[2024/6/18 4:03:57] Lilium 施放了 拳, 目标：BossMu
[回合6] 08m 29s:  Lilium 的 拳 对 BossMu 造成了 16 点 Knock 伤害。生命值：946
[2024/6/18 4:03:58] Lilium 的 拳 对 BossMu 造成了 16 点 Knock 伤害。生命值：946
[回合6] 08m 30s:  Lilium 施放了 拳, 目标：BossMu
[2024/6/18 4:03:59] Lilium 施放了 拳, 目标：BossMu
[回合6] 08m 31s:  Lilium 的 拳 对 BossMu 造成了 16 点 Knock 伤害。生命值：930
[2024/6/18 4:03:59] Lilium 的 拳 对 BossMu 造成了 16 点 Knock 伤害。生命值：930
[回合6] 08m 33s:  Lilium 施放了 副手攻击, 目标：BossMu
[2024/6/18 4:04:01] Lilium 施放了 副手攻击, 目标：BossMu
[回合6] 08m 33s:  Lilium 的 副手攻击 对 BossMu 造成了 11 点 Slash 伤害。生命值：919
[2024/6/18 4:04:02] Lilium 的 副手攻击 对 BossMu 造成了 11 点 Slash 伤害。生命值：919
[回合6] 08m 34s:  Flora 的 栽培 对 Archer3 造成了 0 点 Heal 。生命值：96
[2024/6/18 4:04:03] Flora 的 栽培 对 Archer3 造成了 0 点 Heal 。生命值：96
[回合6] 08m 34s:  Flora 的 栽培 对 Astrologer 造成了 2 点 Heal 。生命值：84
[2024/6/18 4:04:03] Flora 的 栽培 对 Astrologer 造成了 2 点 Heal 。生命值：84
[回合6] 08m 34s:  Flora 的 栽培 对 Lilium 造成了 2 点 Heal 。生命值：67
[2024/6/18 4:04:03] Flora 的 栽培 对 Lilium 造成了 2 点 Heal 。生命值：67
[回合6] 08m 35s:  BossMu 的 剧毒酸池 对 Felivol 造成了 15 点 Nature 伤害。生命值：71
[2024/6/18 4:04:03] BossMu 的 剧毒酸池 对 Felivol 造成了 15 点 Nature 伤害。生命值：71
[回合6] 08m 35s:  Flora 的 栽培 对 Felivol 造成了 2 点 Heal 。生命值：73
[2024/6/18 4:04:04] Flora 的 栽培 对 Felivol 造成了 2 点 Heal 。生命值：73
[回合6] 08m 39s:  Astrologer 施放了 彗星箭, 目标：SmallMu(Clone)
[2024/6/18 4:04:08] Astrologer 施放了 彗星箭, 目标：SmallMu(Clone)
[回合6] 08m 40s:  Astrologer 的 彗星箭 对 SmallMu(Clone) 造成了 50 点 Ice 伤害（暴击）。生命值：70
[2024/6/18 4:04:09] Astrologer 的 彗星箭 对 SmallMu(Clone) 造成了 50 点 Ice 伤害（暴击）。生命值：70
[回合6] 08m 41s:  Astrologer 施放了 彗星箭, 目标：BossMu
[2024/6/18 4:04:10] Astrologer 施放了 彗星箭, 目标：BossMu
[回合6] 08m 42s:  Astrologer 的 彗星箭 对 BossMu 造成了 25 点 Ice 伤害。生命值：894
[2024/6/18 4:04:11] Astrologer 的 彗星箭 对 BossMu 造成了 25 点 Ice 伤害。生命值：894
[回合6] 08m 44s:  Flora 的 栽培 对 Archer3 造成了 0 点 Heal 。生命值：96
[2024/6/18 4:04:13] Flora 的 栽培 对 Archer3 造成了 0 点 Heal 。生命值：96
[回合6] 08m 44s:  Archer3 失去了来自 Flora 的 栽培
[2024/6/18 4:04:13] Archer3 失去了来自 Flora 的 栽培
[回合6] 08m 44s:  Flora 的 栽培 对 Astrologer 造成了 0 点 Heal 。生命值：84
[2024/6/18 4:04:13] Flora 的 栽培 对 Astrologer 造成了 0 点 Heal 。生命值：84
[回合6] 08m 44s:  Flora 的 栽培 对 Lilium 造成了 2 点 Heal 。生命值：69
[2024/6/18 4:04:13] Flora 的 栽培 对 Lilium 造成了 2 点 Heal 。生命值：69
[回合6] 08m 45s:  BossMu 的 剧毒酸池 对 Felivol 造成了 15 点 Nature 伤害。生命值：58
[2024/6/18 4:04:13] BossMu 的 剧毒酸池 对 Felivol 造成了 15 点 Nature 伤害。生命值：58
[回合6] 08m 45s:  Flora 的 栽培 对 Felivol 造成了 2 点 Heal 。生命值：60
[2024/6/18 4:04:14] Flora 的 栽培 对 Felivol 造成了 2 点 Heal 。生命值：60
[回合6] 08m 45s:  BossMu 施放了 突进, 目标：North
[2024/6/18 4:04:14] BossMu 施放了 突进, 目标：North
[回合6] 08m 46s:  BossMu 的 突进 对 Gaceon 造成了 45 点 Knock 伤害。生命值：50
[2024/6/18 4:04:14] BossMu 的 突进 对 Gaceon 造成了 45 点 Knock 伤害。生命值：50
[回合6] 08m 46s:  BossMu 的 突进 对 Lilium 造成了 44 点 Knock 伤害。生命值：25
[2024/6/18 4:04:15] BossMu 的 突进 对 Lilium 造成了 44 点 Knock 伤害。生命值：25
[回合6] 08m 46s:  Lilium 获得了来自 Umiko 的 生命之歌
[2024/6/18 4:04:15] Lilium 获得了来自 Umiko 的 生命之歌
[回合6] 08m 53s:  Gaceon 施放了 治疗术, 目标：Lilium
[2024/6/18 4:04:22] Gaceon 施放了 治疗术, 目标：Lilium
[回合6] 08m 54s:  Gaceon 的 治疗术 对 Lilium 造成了 25 点 Heal 。生命值：50
[2024/6/18 4:04:23] Gaceon 的 治疗术 对 Lilium 造成了 25 点 Heal 。生命值：50
[回合6] 08m 56s:  Flora 的 栽培 对 Astrologer 造成了 0 点 Heal 。生命值：84
[2024/6/18 4:04:25] Flora 的 栽培 对 Astrologer 造成了 0 点 Heal 。生命值：84
[回合6] 08m 56s:  Flora 的 栽培 对 Lilium 造成了 2 点 Heal 。生命值：52
[2024/6/18 4:04:25] Flora 的 栽培 对 Lilium 造成了 2 点 Heal 。生命值：52
[回合6] 08m 57s:  BossMu 的 剧毒酸池 对 Felivol 造成了 15 点 Nature 伤害。生命值：45
[2024/6/18 4:04:25] BossMu 的 剧毒酸池 对 Felivol 造成了 15 点 Nature 伤害。生命值：45
[回合6] 08m 57s:  Flora 的 栽培 对 Felivol 造成了 2 点 Heal 。生命值：47
[2024/6/18 4:04:25] Flora 的 栽培 对 Felivol 造成了 2 点 Heal 。生命值：47
[回合6] 09m 03s:  Felivol 施放了 奔袭, 目标：(11, 0, 4)
[2024/6/18 4:04:32] Felivol 施放了 奔袭, 目标：(11, 0, 4)
[回合6] 09m 04s:  Felivol 失去了来自 BossMu 的 剧毒酸池
[2024/6/18 4:04:33] Felivol 失去了来自 BossMu 的 剧毒酸池
[回合6] 09m 04s:  Felivol 的 旅者 对 Felivol 造成了 2 点 Heal 。生命值：49
[2024/6/18 4:04:33] Felivol 的 旅者 对 Felivol 造成了 2 点 Heal 。生命值：49
[回合6] 09m 04s:  Felivol 失去了来自 Umiko 的 生命之歌
[2024/6/18 4:04:33] Felivol 失去了来自 Umiko 的 生命之歌
[回合6] 09m 05s:  Felivol 的 旅者 对 Felivol 造成了 2 点 Heal 。生命值：51
[2024/6/18 4:04:33] Felivol 的 旅者 对 Felivol 造成了 2 点 Heal 。生命值：51
[回合6] 09m 05s:  Felivol 的 旅者 对 Felivol 造成了 2 点 Heal 。生命值：53
[2024/6/18 4:04:33] Felivol 的 旅者 对 Felivol 造成了 2 点 Heal 。生命值：53
[回合6] 09m 05s:  Felivol 的 旅者 对 Felivol 造成了 2 点 Heal 。生命值：55
[2024/6/18 4:04:34] Felivol 的 旅者 对 Felivol 造成了 2 点 Heal 。生命值：55
[回合6] 09m 05s:  Felivol 的 旅者 对 Felivol 造成了 2 点 Heal 。生命值：57
[2024/6/18 4:04:34] Felivol 的 旅者 对 Felivol 造成了 2 点 Heal 。生命值：57
[回合6] 09m 11s:  Felivol 施放了 蓄力斩, 目标：West
[2024/6/18 4:04:39] Felivol 施放了 蓄力斩, 目标：West
[回合6] 09m 11s:  Felivol 施放了 祈祷：战地祷告, 目标：Felivol
[2024/6/18 4:04:39] Felivol 施放了 祈祷：战地祷告, 目标：Felivol
[回合6] 09m 12s:  Felivol 的 祈祷：战地祷告 对 Felivol 造成了 13 点 Heal 。生命值：70
[2024/6/18 4:04:40] Felivol 的 祈祷：战地祷告 对 Felivol 造成了 13 点 Heal 。生命值：70
[回合6] 09m 12s:  Felivol 重新获得了来自 Felivol 的 祝福之光
[2024/6/18 4:04:40] Felivol 重新获得了来自 Felivol 的 祝福之光
[回合6] 09m 12s:  Flora 的 栽培 对 Astrologer 造成了 0 点 Heal 。生命值：84
[2024/6/18 4:04:41] Flora 的 栽培 对 Astrologer 造成了 0 点 Heal 。生命值：84
[回合6] 09m 12s:  Flora 的 栽培 对 Lilium 造成了 2 点 Heal 。生命值：54
[2024/6/18 4:04:41] Flora 的 栽培 对 Lilium 造成了 2 点 Heal 。生命值：54
[回合6] 09m 13s:  Flora 的 栽培 对 Felivol 造成了 2 点 Heal 。生命值：72
[2024/6/18 4:04:41] Flora 的 栽培 对 Felivol 造成了 2 点 Heal 。生命值：72
[回合6] 09m 13s:  Gaceon 施放了 治疗链, 目标：Lilium
[2024/6/18 4:04:42] Gaceon 施放了 治疗链, 目标：Lilium
[回合6] 09m 13s:  Gaceon 的 治疗链 对 Lilium 造成了 13 点 Heal 。生命值：67
[2024/6/18 4:04:42] Gaceon 的 治疗链 对 Lilium 造成了 13 点 Heal 。生命值：67
[回合6] 09m 13s:  Gaceon 的 治疗链 对 Felivol 造成了 9 点 Heal 。生命值：81
[2024/6/18 4:04:42] Gaceon 的 治疗链 对 Felivol 造成了 9 点 Heal 。生命值：81
[回合6] 09m 14s:  Gaceon 的 治疗链 对 Lilium 造成了 7 点 Heal 。生命值：74
[2024/6/18 4:04:42] Gaceon 的 治疗链 对 Lilium 造成了 7 点 Heal 。生命值：74
[回合6] 09m 14s:  Flora 施放了 栽培, 目标：Gaceon
[2024/6/18 4:04:43] Flora 施放了 栽培, 目标：Gaceon
[回合6] 09m 15s:  Gaceon 获得了来自 Flora 的 栽培
[2024/6/18 4:04:44] Gaceon 获得了来自 Flora 的 栽培
[回合6] 09m 15s:  Astrologer 施放了 彗星箭, 目标：BossMu
[2024/6/18 4:04:44] Astrologer 施放了 彗星箭, 目标：BossMu
[回合6] 09m 16s:  Astrologer 的 彗星箭 对 BossMu 造成了 25 点 Ice 伤害。生命值：869
[2024/6/18 4:04:45] Astrologer 的 彗星箭 对 BossMu 造成了 25 点 Ice 伤害。生命值：869
[回合6] 09m 17s:  BossMu 施放了 移动, 目标：(11, 0, 7)
[2024/6/18 4:04:45] BossMu 施放了 移动, 目标：(11, 0, 7)
[回合6] 09m 17s:  BossMu 施放了 史莱姆攻击, 目标：Lilium
[2024/6/18 4:04:46] BossMu 施放了 史莱姆攻击, 目标：Lilium
[回合6] 09m 18s:  BossMu 的 史莱姆攻击 对 Lilium 造成了 30 点 Knock 伤害。生命值：44
[2024/6/18 4:04:46] BossMu 的 史莱姆攻击 对 Lilium 造成了 30 点 Knock 伤害。生命值：44
[回合6] 09m 18s:  BossMu 的 史莱姆攻击 对 Felivol 造成了 25 点 Knock 伤害。生命值：56
[2024/6/18 4:04:47] BossMu 的 史莱姆攻击 对 Felivol 造成了 25 点 Knock 伤害。生命值：56
[回合6] 09m 18s:  SmallMu(Clone) 施放了 移动, 目标：(9, 0, 3)
[2024/6/18 4:04:47] SmallMu(Clone) 施放了 移动, 目标：(9, 0, 3)
[回合6] 09m 18s:  SmallMu(Clone) 施放了 移动, 目标：(10, 0, 3)
[2024/6/18 4:04:47] SmallMu(Clone) 施放了 移动, 目标：(10, 0, 3)
[回合6] 09m 19s:  SmallMu(Clone) 施放了 移动, 目标：(11, 0, 3)
[2024/6/18 4:04:47] SmallMu(Clone) 施放了 移动, 目标：(11, 0, 3)
[回合6] 09m 19s:  Felivol 施放了 蓄力斩, 目标：West
[2024/6/18 4:04:48] Felivol 施放了 蓄力斩, 目标：West
[回合6] 09m 20s:  Felivol 的 蓄力斩 对 SmallMu(Clone) 造成了 23 点 Slash 伤害。生命值：47
[2024/6/18 4:04:49] Felivol 的 蓄力斩 对 SmallMu(Clone) 造成了 23 点 Slash 伤害。生命值：47
[回合7] 09m 20s:  回合7
[2024/6/18 4:04:49] 回合7
[回合7] 09m 50s:  Astrologer 施放了 彗星箭, 目标：SmallMu(Clone)
[2024/6/18 4:05:19] Astrologer 施放了 彗星箭, 目标：SmallMu(Clone)
[回合7] 09m 51s:  Astrologer 的 彗星箭 对 SmallMu(Clone) 造成了 25 点 Ice 伤害。生命值：22
[2024/6/18 4:05:20] Astrologer 的 彗星箭 对 SmallMu(Clone) 造成了 25 点 Ice 伤害。生命值：22
[回合7] 09m 52s:  Astrologer 的 流星 对 SmallMu(Clone) 造成了 8 点 Knock 伤害。生命值：14
[2024/6/18 4:05:21] Astrologer 的 流星 对 SmallMu(Clone) 造成了 8 点 Knock 伤害。生命值：14
[回合7] 09m 54s:  Flora 的 栽培 对 Gaceon 造成了 2 点 Heal 。生命值：52
[2024/6/18 4:05:23] Flora 的 栽培 对 Gaceon 造成了 2 点 Heal 。生命值：52
[回合7] 09m 54s:  Flora 的 栽培 对 Astrologer 造成了 0 点 Heal 。生命值：84
[2024/6/18 4:05:23] Flora 的 栽培 对 Astrologer 造成了 0 点 Heal 。生命值：84
[回合7] 09m 54s:  Flora 的 栽培 对 Lilium 造成了 2 点 Heal 。生命值：46
[2024/6/18 4:05:23] Flora 的 栽培 对 Lilium 造成了 2 点 Heal 。生命值：46
[回合7] 09m 54s:  Felivol 失去了来自 BossMu 的 腐蚀吐息
[2024/6/18 4:05:23] Felivol 失去了来自 BossMu 的 腐蚀吐息
[回合7] 09m 55s:  Flora 的 栽培 对 Felivol 造成了 2 点 Heal 。生命值：58
[2024/6/18 4:05:23] Flora 的 栽培 对 Felivol 造成了 2 点 Heal 。生命值：58
[回合7] 10m 20s:  Lilium 施放了 移动, 目标：(12, 0, 7)
[2024/6/18 4:05:49] Lilium 施放了 移动, 目标：(12, 0, 7)
[回合7] 10m 21s:  Lilium 失去了来自 Umiko 的 生命之歌
[2024/6/18 4:05:50] Lilium 失去了来自 Umiko 的 生命之歌
[回合7] 10m 30s:  Lilium 施放了 副手攻击, 目标：BossMu
[2024/6/18 4:05:58] Lilium 施放了 副手攻击, 目标：BossMu
[回合7] 10m 30s:  Lilium 的 副手攻击 对 BossMu 造成了 11 点 Slash 伤害。生命值：859
[2024/6/18 4:05:59] Lilium 的 副手攻击 对 BossMu 造成了 11 点 Slash 伤害。生命值：859
[回合7] 10m 31s:  Lilium 施放了 拳, 目标：BossMu
[2024/6/18 4:05:59] Lilium 施放了 拳, 目标：BossMu
[回合7] 10m 31s:  Lilium 的 拳 对 BossMu 造成了 32 点 Knock 伤害（暴击）。生命值：827
[2024/6/18 4:06:00] Lilium 的 拳 对 BossMu 造成了 32 点 Knock 伤害（暴击）。生命值：827
[回合7] 10m 32s:  Lilium 施放了 拳, 目标：BossMu
[2024/6/18 4:06:00] Lilium 施放了 拳, 目标：BossMu
[回合7] 10m 32s:  Lilium 的 拳 对 BossMu 造成了 16 点 Knock 伤害。生命值：811
[2024/6/18 4:06:01] Lilium 的 拳 对 BossMu 造成了 16 点 Knock 伤害。生命值：811
[回合7] 10m 33s:  Flora 的 栽培 对 Gaceon 造成了 2 点 Heal 。生命值：54
[2024/6/18 4:06:02] Flora 的 栽培 对 Gaceon 造成了 2 点 Heal 。生命值：54
[回合7] 10m 33s:  Flora 的 栽培 对 Astrologer 造成了 0 点 Heal 。生命值：84
[2024/6/18 4:06:02] Flora 的 栽培 对 Astrologer 造成了 0 点 Heal 。生命值：84
[回合7] 10m 33s:  Flora 的 栽培 对 Lilium 造成了 2 点 Heal 。生命值：48
[2024/6/18 4:06:02] Flora 的 栽培 对 Lilium 造成了 2 点 Heal 。生命值：48
[回合7] 10m 33s:  Lilium 失去了来自 Flora 的 栽培
[2024/6/18 4:06:02] Lilium 失去了来自 Flora 的 栽培
[回合7] 10m 34s:  Flora 的 栽培 对 Felivol 造成了 2 点 Heal 。生命值：60
[2024/6/18 4:06:02] Flora 的 栽培 对 Felivol 造成了 2 点 Heal 。生命值：60
[回合7] 10m 34s:  BossMu 施放了 突进, 目标：East
[2024/6/18 4:06:02] BossMu 施放了 突进, 目标：East
[回合7] 10m 34s:  BossMu 的 突进 对 Gaceon 造成了 45 点 Knock 伤害。生命值：9
[2024/6/18 4:06:03] BossMu 的 突进 对 Gaceon 造成了 45 点 Knock 伤害。生命值：9
[回合7] 10m 34s:  Gaceon 失去了来自 Umiko 的 生命之歌
[2024/6/18 4:06:03] Gaceon 失去了来自 Umiko 的 生命之歌
[回合7] 10m 34s:  BossMu 的 突进 对 Lilium 造成了 44 点 Knock 伤害。生命值：4
[2024/6/18 4:06:03] BossMu 的 突进 对 Lilium 造成了 44 点 Knock 伤害。生命值：4
[回合7] 10m 48s:  Archer3 施放了 移动, 目标：(11, 0, 7)
[2024/6/18 4:06:17] Archer3 施放了 移动, 目标：(11, 0, 7)
[回合7] 10m 52s:  Archer3 施放了 射击, 目标：BossMu
[2024/6/18 4:06:21] Archer3 施放了 射击, 目标：BossMu
[回合7] 10m 53s:  Archer3 的 射击 对 BossMu 造成了 21 点 Pierce 伤害。生命值：790
[2024/6/18 4:06:22] Archer3 的 射击 对 BossMu 造成了 21 点 Pierce 伤害。生命值：790
[回合7] 10m 54s:  Flora 的 栽培 对 Gaceon 造成了 2 点 Heal 。生命值：11
[2024/6/18 4:06:23] Flora 的 栽培 对 Gaceon 造成了 2 点 Heal 。生命值：11
[回合7] 10m 55s:  Flora 的 栽培 对 Astrologer 造成了 0 点 Heal 。生命值：84
[2024/6/18 4:06:23] Flora 的 栽培 对 Astrologer 造成了 0 点 Heal 。生命值：84
[回合7] 10m 55s:  Astrologer 失去了来自 Flora 的 栽培
[2024/6/18 4:06:23] Astrologer 失去了来自 Flora 的 栽培
[回合7] 10m 55s:  Flora 的 栽培 对 Felivol 造成了 2 点 Heal 。生命值：62
[2024/6/18 4:06:23] Flora 的 栽培 对 Felivol 造成了 2 点 Heal 。生命值：62
[回合7] 10m 58s:  Flora 施放了 移动, 目标：(10, 0, 6)
[2024/6/18 4:06:27] Flora 施放了 移动, 目标：(10, 0, 6)
[回合7] 11m 02s:  Flora 施放了 栽培, 目标：Lilium
[2024/6/18 4:06:31] Flora 施放了 栽培, 目标：Lilium
[回合7] 11m 03s:  Lilium 获得了来自 Flora 的 栽培
[2024/6/18 4:06:32] Lilium 获得了来自 Flora 的 栽培
[回合7] 11m 06s:  Flora 施放了 治疗术, 目标：Lilium
[2024/6/18 4:06:35] Flora 施放了 治疗术, 目标：Lilium
[回合7] 11m 07s:  Flora 的 治疗术 对 Lilium 造成了 25 点 Heal 。生命值：29
[2024/6/18 4:06:36] Flora 的 治疗术 对 Lilium 造成了 25 点 Heal 。生命值：29
[回合7] 11m 08s:  Flora 施放了 治疗术, 目标：Gaceon
[2024/6/18 4:06:37] Flora 施放了 治疗术, 目标：Gaceon
[回合7] 11m 09s:  Flora 的 治疗术 对 Gaceon 造成了 25 点 Heal 。生命值：36
[2024/6/18 4:06:38] Flora 的 治疗术 对 Gaceon 造成了 25 点 Heal 。生命值：36
[回合7] 11m 10s:  Flora 的 栽培 对 Gaceon 造成了 2 点 Heal 。生命值：38
[2024/6/18 4:06:39] Flora 的 栽培 对 Gaceon 造成了 2 点 Heal 。生命值：38
[回合7] 11m 10s:  Flora 的 栽培 对 Lilium 造成了 2 点 Heal 。生命值：31
[2024/6/18 4:06:39] Flora 的 栽培 对 Lilium 造成了 2 点 Heal 。生命值：31
[回合7] 11m 11s:  Flora 的 栽培 对 Felivol 造成了 2 点 Heal 。生命值：64
[2024/6/18 4:06:39] Flora 的 栽培 对 Felivol 造成了 2 点 Heal 。生命值：64
[回合7] 11m 11s:  Archer3 施放了 射击, 目标：BossMu
[2024/6/18 4:06:40] Archer3 施放了 射击, 目标：BossMu
[回合7] 11m 12s:  Archer3 的 射击 对 BossMu 造成了 21 点 Pierce 伤害。生命值：769
[2024/6/18 4:06:40] Archer3 的 射击 对 BossMu 造成了 21 点 Pierce 伤害。生命值：769
[回合7] 11m 12s:  Gaceon 施放了 治疗链, 目标：Lilium
[2024/6/18 4:06:40] Gaceon 施放了 治疗链, 目标：Lilium
[回合7] 11m 12s:  Gaceon 的 治疗链 对 Lilium 造成了 13 点 Heal 。生命值：44
[2024/6/18 4:06:41] Gaceon 的 治疗链 对 Lilium 造成了 13 点 Heal 。生命值：44
[回合7] 11m 12s:  Gaceon 的 治疗链 对 Gaceon 造成了 9 点 Heal 。生命值：47
[2024/6/18 4:06:41] Gaceon 的 治疗链 对 Gaceon 造成了 9 点 Heal 。生命值：47
[回合7] 11m 12s:  Gaceon 的 治疗链 对 Lilium 造成了 7 点 Heal 。生命值：51
[2024/6/18 4:06:41] Gaceon 的 治疗链 对 Lilium 造成了 7 点 Heal 。生命值：51
[回合7] 11m 13s:  Flora 施放了 栽培, 目标：Flora
[2024/6/18 4:06:42] Flora 施放了 栽培, 目标：Flora
[回合7] 11m 14s:  Flora 获得了来自 Flora 的 栽培
[2024/6/18 4:06:43] Flora 获得了来自 Flora 的 栽培
[回合7] 11m 14s:  Astrologer 施放了 彗星箭, 目标：SmallMu(Clone)
[2024/6/18 4:06:43] Astrologer 施放了 彗星箭, 目标：SmallMu(Clone)
[回合7] 11m 15s:  Astrologer 的 彗星箭 对 SmallMu(Clone) 造成了 14 点 Ice 伤害。生命值：0
[2024/6/18 4:06:43] Astrologer 的 彗星箭 对 SmallMu(Clone) 造成了 14 点 Ice 伤害。生命值：0
[回合7] 11m 15s:  Astrologer 的 流星 对 SmallMu(Clone) 造成了 0 点 Knock 伤害。生命值：0
[2024/6/18 4:06:44] Astrologer 的 流星 对 SmallMu(Clone) 造成了 0 点 Knock 伤害。生命值：0
[回合7] 11m 15s:  SmallMu(Clone) 施放了 小史莱姆爆炸, 目标：SmallMu(Clone)
[2024/6/18 4:06:44] SmallMu(Clone) 施放了 小史莱姆爆炸, 目标：SmallMu(Clone)
[回合7] 11m 16s:  SmallMu(Clone) 的 小史莱姆爆炸 对 Umiko 造成了 26 点 Nature 伤害。生命值：92
[2024/6/18 4:06:45] SmallMu(Clone) 的 小史莱姆爆炸 对 Umiko 造成了 26 点 Nature 伤害。生命值：92
[回合7] 11m 16s:  SmallMu(Clone) 的 小史莱姆爆炸 对 Gaceon 造成了 26 点 Nature 伤害。生命值：21
[2024/6/18 4:06:45] SmallMu(Clone) 的 小史莱姆爆炸 对 Gaceon 造成了 26 点 Nature 伤害。生命值：21
[回合7] 11m 17s:  SmallMu(Clone) 的 小史莱姆爆炸 对 Archer3 造成了 26 点 Nature 伤害。生命值：70
[2024/6/18 4:06:45] SmallMu(Clone) 的 小史莱姆爆炸 对 Archer3 造成了 26 点 Nature 伤害。生命值：70
[回合7] 11m 17s:  SmallMu(Clone) 的 小史莱姆爆炸 对 Astrologer 造成了 26 点 Nature 伤害。生命值：58
[2024/6/18 4:06:46] SmallMu(Clone) 的 小史莱姆爆炸 对 Astrologer 造成了 26 点 Nature 伤害。生命值：58
[回合7] 11m 17s:  SmallMu(Clone) 的 小史莱姆爆炸 对 Lilium 造成了 26 点 Nature 伤害。生命值：25
[2024/6/18 4:06:46] SmallMu(Clone) 的 小史莱姆爆炸 对 Lilium 造成了 26 点 Nature 伤害。生命值：25
[回合7] 11m 18s:  SmallMu(Clone) 的 小史莱姆爆炸 对 Flora 造成了 26 点 Nature 伤害。生命值：64
[2024/6/18 4:06:46] SmallMu(Clone) 的 小史莱姆爆炸 对 Flora 造成了 26 点 Nature 伤害。生命值：64
[回合7] 11m 18s:  SmallMu(Clone) 的 小史莱姆爆炸 对 Felivol 造成了 26 点 Nature 伤害。生命值：38
[2024/6/18 4:06:46] SmallMu(Clone) 的 小史莱姆爆炸 对 Felivol 造成了 26 点 Nature 伤害。生命值：38
[回合7] 11m 18s:  SmallMu(Clone) 失去了来自 SmallMu(Clone) 的 死亡爆裂 [0]
[2024/6/18 4:06:46] SmallMu(Clone) 失去了来自 SmallMu(Clone) 的 死亡爆裂 [0]
[回合7] 11m 18s:  Astrologer 的  击杀了 SmallMu(Clone) !
[2024/6/18 4:06:46] Astrologer 的  击杀了 SmallMu(Clone) !
[回合7] 11m 18s:  Felivol 施放了 斩击, 目标：BossMu
[2024/6/18 4:06:46] Felivol 施放了 斩击, 目标：BossMu
[回合7] 11m 18s:  BossMu 施放了 史莱姆攻击, 目标：Lilium
[2024/6/18 4:06:47] BossMu 施放了 史莱姆攻击, 目标：Lilium
[回合7] 11m 19s:  BossMu 的 史莱姆攻击 对 Lilium 造成了 25 点 Knock 伤害。生命值：0
[2024/6/18 4:06:48] BossMu 的 史莱姆攻击 对 Lilium 造成了 25 点 Knock 伤害。生命值：0
[回合7] 11m 19s:  Lilium 失去了来自 Lilium 的 防卫者
[2024/6/18 4:06:48] Lilium 失去了来自 Lilium 的 防卫者
[回合7] 11m 19s:  Lilium 失去了来自 BossMu 的 腐蚀吐息
[2024/6/18 4:06:48] Lilium 失去了来自 BossMu 的 腐蚀吐息
[回合7] 11m 19s:  Lilium 失去了来自 Flora 的 栽培
[2024/6/18 4:06:48] Lilium 失去了来自 Flora 的 栽培
[回合7] 11m 19s:  BossMu 的 史莱姆攻击 击杀了 Lilium !
[2024/6/18 4:06:48] BossMu 的 史莱姆攻击 击杀了 Lilium !
[回合7] 11m 19s:  BossMu 施放了 小史莱姆标记, 目标：BossMu
[2024/6/18 4:06:48] BossMu 施放了 小史莱姆标记, 目标：BossMu
[回合7] 11m 20s:  Gaceon 获得了来自 BossMu 的 锁定
[2024/6/18 4:06:49] Gaceon 获得了来自 BossMu 的 锁定
[回合8] 11m 21s:  回合8
[2024/6/18 4:06:49] 回合8
[回合8] 11m 26s:  Felivol 施放了 移动, 目标：(15, 0, 6)
[2024/6/18 4:06:55] Felivol 施放了 移动, 目标：(15, 0, 6)
[回合8] 11m 27s:  Felivol 的 旅者 对 Felivol 造成了 2 点 Heal 。生命值：40
[2024/6/18 4:06:56] Felivol 的 旅者 对 Felivol 造成了 2 点 Heal 。生命值：40
[回合8] 11m 28s:  Felivol 的 旅者 对 Felivol 造成了 2 点 Heal 。生命值：42
[2024/6/18 4:06:56] Felivol 的 旅者 对 Felivol 造成了 2 点 Heal 。生命值：42
[回合8] 11m 28s:  Felivol 的 旅者 对 Felivol 造成了 2 点 Heal 。生命值：44
[2024/6/18 4:06:56] Felivol 的 旅者 对 Felivol 造成了 2 点 Heal 。生命值：44
[回合8] 11m 28s:  Felivol 的 旅者 对 Felivol 造成了 2 点 Heal 。生命值：46
[2024/6/18 4:06:57] Felivol 的 旅者 对 Felivol 造成了 2 点 Heal 。生命值：46
[回合8] 11m 28s:  Felivol 的 旅者 对 Felivol 造成了 2 点 Heal 。生命值：48
[2024/6/18 4:06:57] Felivol 的 旅者 对 Felivol 造成了 2 点 Heal 。生命值：48
[回合8] 11m 28s:  Felivol 的 旅者 对 Felivol 造成了 2 点 Heal 。生命值：50
[2024/6/18 4:06:57] Felivol 的 旅者 对 Felivol 造成了 2 点 Heal 。生命值：50
[回合8] 11m 33s:  Felivol 施放了 圣祝：巨石坚盾, 目标：Felivol
[2024/6/18 4:07:02] Felivol 施放了 圣祝：巨石坚盾, 目标：Felivol
[回合8] 11m 34s:  Felivol 获得了来自 Felivol 的 巨石坚盾
[2024/6/18 4:07:03] Felivol 获得了来自 Felivol 的 巨石坚盾
[回合8] 11m 34s:  Felivol 重新获得了来自 Felivol 的 巨石坚盾
[2024/6/18 4:07:03] Felivol 重新获得了来自 Felivol 的 巨石坚盾
[回合8] 11m 34s:  Felivol 重新获得了来自 Felivol 的 巨石坚盾
[2024/6/18 4:07:03] Felivol 重新获得了来自 Felivol 的 巨石坚盾
[回合8] 11m 38s:  Felivol 施放了 斩击, 目标：BossMu
[2024/6/18 4:07:06] Felivol 施放了 斩击, 目标：BossMu
[回合8] 11m 38s:  Felivol 的 斩击 对 BossMu 造成了 18 点 Slash 伤害。生命值：751
[2024/6/18 4:07:07] Felivol 的 斩击 对 BossMu 造成了 18 点 Slash 伤害。生命值：751
[回合8] 11m 39s:  Felivol 施放了 斩击, 目标：BossMu
[2024/6/18 4:07:08] Felivol 施放了 斩击, 目标：BossMu
[回合8] 11m 40s:  Felivol 的 斩击 对 BossMu 造成了 18 点 Slash 伤害。生命值：733
[2024/6/18 4:07:09] Felivol 的 斩击 对 BossMu 造成了 18 点 Slash 伤害。生命值：733
[回合8] 11m 40s:  Flora 的 栽培 对 Gaceon 造成了 2 点 Heal 。生命值：23
[2024/6/18 4:07:09] Flora 的 栽培 对 Gaceon 造成了 2 点 Heal 。生命值：23
[回合8] 11m 40s:  Flora 的 栽培 对 Flora 造成了 2 点 Heal 。生命值：66
[2024/6/18 4:07:09] Flora 的 栽培 对 Flora 造成了 2 点 Heal 。生命值：66
[回合8] 11m 41s:  Flora 的 栽培 对 Felivol 造成了 2 点 Heal 。生命值：52
[2024/6/18 4:07:09] Flora 的 栽培 对 Felivol 造成了 2 点 Heal 。生命值：52
[回合8] 11m 41s:  BossMu 施放了 腐蚀吐息, 目标：South
[2024/6/18 4:07:09] BossMu 施放了 腐蚀吐息, 目标：South
[回合8] 11m 41s:  BossMu 的 腐蚀吐息 对 Felivol 造成了 46 点 Nature 伤害。生命值：6
[2024/6/18 4:07:10] BossMu 的 腐蚀吐息 对 Felivol 造成了 46 点 Nature 伤害。生命值：6
[回合8] 11m 41s:  Felivol 获得了来自 BossMu 的 腐蚀吐息
[2024/6/18 4:07:10] Felivol 获得了来自 BossMu 的 腐蚀吐息
[回合8] 11m 47s:  Umiko 施放了 移动, 目标：(10, 0, 7)
[2024/6/18 4:07:16] Umiko 施放了 移动, 目标：(10, 0, 7)
[回合8] 11m 48s:  Gaceon 获得了来自 Umiko 的 生命之歌
[2024/6/18 4:07:17] Gaceon 获得了来自 Umiko 的 生命之歌
[回合8] 11m 50s:  Umiko 施放了 海神之鞭, 目标：Umiko
[2024/6/18 4:07:19] Umiko 施放了 海神之鞭, 目标：Umiko
[回合8] 11m 51s:  Umiko 获得了来自 Umiko 的 海神之鞭
[2024/6/18 4:07:20] Umiko 获得了来自 Umiko 的 海神之鞭
[回合8] 11m 51s:  Gaceon 获得了来自 Umiko 的 海神之鞭
[2024/6/18 4:07:20] Gaceon 获得了来自 Umiko 的 海神之鞭
[回合8] 11m 51s:  Archer3 获得了来自 Umiko 的 海神之鞭
[2024/6/18 4:07:20] Archer3 获得了来自 Umiko 的 海神之鞭
[回合8] 11m 51s:  Astrologer 获得了来自 Umiko 的 海神之鞭
[2024/6/18 4:07:20] Astrologer 获得了来自 Umiko 的 海神之鞭
[回合8] 11m 51s:  Flora 获得了来自 Umiko 的 海神之鞭
[2024/6/18 4:07:20] Flora 获得了来自 Umiko 的 海神之鞭
[回合8] 11m 51s:  Felivol 获得了来自 Umiko 的 海神之鞭
[2024/6/18 4:07:20] Felivol 获得了来自 Umiko 的 海神之鞭
[回合8] 11m 52s:  Umiko 施放了 水泡, 目标：BossMu
[2024/6/18 4:07:21] Umiko 施放了 水泡, 目标：BossMu
[回合8] 11m 54s:  Umiko 的 水泡 对 BossMu 造成了 11 点 Water 伤害。生命值：722
[2024/6/18 4:07:22] Umiko 的 水泡 对 BossMu 造成了 11 点 Water 伤害。生命值：722
[回合8] 11m 54s:  Umiko 的 海神之鞭 对 BossMu 造成了 8 点 Water 伤害（暴击）。生命值：714
[2024/6/18 4:07:23] Umiko 的 海神之鞭 对 BossMu 造成了 8 点 Water 伤害（暴击）。生命值：714
[回合8] 11m 54s:  Felivol 获得了来自 Umiko 的 水泡护盾
[2024/6/18 4:07:23] Felivol 获得了来自 Umiko 的 水泡护盾
[回合8] 11m 55s:  Umiko 施放了 水泡, 目标：BossMu
[2024/6/18 4:07:24] Umiko 施放了 水泡, 目标：BossMu
[回合8] 11m 57s:  Umiko 的 水泡 对 BossMu 造成了 22 点 Water 伤害（暴击）。生命值：692
[2024/6/18 4:07:25] Umiko 的 水泡 对 BossMu 造成了 22 点 Water 伤害（暴击）。生命值：692
[回合8] 11m 57s:  Umiko 的 海神之鞭 对 BossMu 造成了 4 点 Water 伤害。生命值：688
[2024/6/18 4:07:26] Umiko 的 海神之鞭 对 BossMu 造成了 4 点 Water 伤害。生命值：688
[回合8] 11m 57s:  Felivol 重新获得了来自 Umiko 的 水泡护盾
[2024/6/18 4:07:26] Felivol 重新获得了来自 Umiko 的 水泡护盾
[回合8] 11m 59s:  Flora 的 栽培 对 Gaceon 造成了 2 点 Heal 。生命值：25
[2024/6/18 4:07:27] Flora 的 栽培 对 Gaceon 造成了 2 点 Heal 。生命值：25
[回合8] 11m 59s:  Flora 的 栽培 对 Flora 造成了 2 点 Heal 。生命值：68
[2024/6/18 4:07:27] Flora 的 栽培 对 Flora 造成了 2 点 Heal 。生命值：68
[回合8] 11m 59s:  Flora 的 栽培 对 Felivol 造成了 2 点 Heal 。生命值：8
[2024/6/18 4:07:28] Flora 的 栽培 对 Felivol 造成了 2 点 Heal 。生命值：8
[回合8] 11m 59s:  Felivol 失去了来自 Flora 的 栽培
[2024/6/18 4:07:28] Felivol 失去了来自 Flora 的 栽培
[回合8] 12m 01s:  Archer3 施放了 疾飞之箭, 目标：BossMu
[2024/6/18 4:07:30] Archer3 施放了 疾飞之箭, 目标：BossMu
[回合8] 12m 02s:  Archer3 的 疾飞之箭 对 BossMu 造成了 28 点 Pierce 伤害（暴击）。生命值：660
[2024/6/18 4:07:31] Archer3 的 疾飞之箭 对 BossMu 造成了 28 点 Pierce 伤害（暴击）。生命值：660
[回合8] 12m 03s:  Umiko 的 海神之鞭 对 BossMu 造成了 4 点 Water 伤害。生命值：656
[2024/6/18 4:07:31] Umiko 的 海神之鞭 对 BossMu 造成了 4 点 Water 伤害。生命值：656
[回合8] 12m 03s:  BossMu 获得了来自 Archer3 的 出血
[2024/6/18 4:07:31] BossMu 获得了来自 Archer3 的 出血
[回合8] 12m 04s:  Archer3 施放了 狂风加护, 目标：Archer3
[2024/6/18 4:07:32] Archer3 施放了 狂风加护, 目标：Archer3
[回合8] 12m 04s:  Archer3 获得了来自 Archer3 的 狂风加护
[2024/6/18 4:07:33] Archer3 获得了来自 Archer3 的 狂风加护
[回合8] 12m 06s:  Archer3 施放了 射击, 目标：BossMu
[2024/6/18 4:07:34] Archer3 施放了 射击, 目标：BossMu
[回合8] 12m 06s:  Archer3 的 射击 对 BossMu 造成了 21 点 Pierce 伤害。生命值：635
[2024/6/18 4:07:35] Archer3 的 射击 对 BossMu 造成了 21 点 Pierce 伤害。生命值：635
[回合8] 12m 07s:  Umiko 的 海神之鞭 对 BossMu 造成了 4 点 Water 伤害。生命值：631
[2024/6/18 4:07:36] Umiko 的 海神之鞭 对 BossMu 造成了 4 点 Water 伤害。生命值：631
[回合8] 12m 07s:  Archer3 施放了 射击, 目标：BossMu
[2024/6/18 4:07:36] Archer3 施放了 射击, 目标：BossMu
[回合8] 12m 08s:  Archer3 的 射击 对 BossMu 造成了 42 点 Pierce 伤害（暴击）。生命值：589
[2024/6/18 4:07:37] Archer3 的 射击 对 BossMu 造成了 42 点 Pierce 伤害（暴击）。生命值：589
[回合8] 12m 09s:  Umiko 的 海神之鞭 对 BossMu 造成了 4 点 Water 伤害。生命值：585
[2024/6/18 4:07:37] Umiko 的 海神之鞭 对 BossMu 造成了 4 点 Water 伤害。生命值：585
[回合8] 12m 09s:  Archer3 施放了 射击, 目标：BossMu
[2024/6/18 4:07:38] Archer3 施放了 射击, 目标：BossMu
[回合8] 12m 10s:  Archer3 的 射击 对 BossMu 造成了 21 点 Pierce 伤害。生命值：564
[2024/6/18 4:07:39] Archer3 的 射击 对 BossMu 造成了 21 点 Pierce 伤害。生命值：564
[回合8] 12m 11s:  Umiko 的 海神之鞭 对 BossMu 造成了 4 点 Water 伤害。生命值：560
[2024/6/18 4:07:39] Umiko 的 海神之鞭 对 BossMu 造成了 4 点 Water 伤害。生命值：560
[回合8] 12m 12s:  Flora 的 栽培 对 Gaceon 造成了 2 点 Heal 。生命值：27
[2024/6/18 4:07:41] Flora 的 栽培 对 Gaceon 造成了 2 点 Heal 。生命值：27
[回合8] 12m 12s:  Flora 的 栽培 对 Flora 造成了 2 点 Heal 。生命值：70
[2024/6/18 4:07:41] Flora 的 栽培 对 Flora 造成了 2 点 Heal 。生命值：70
[回合8] 12m 12s:  Archer3 的 出血 对 BossMu 造成了 2 点 Pierce 伤害。生命值：558
[2024/6/18 4:07:41] Archer3 的 出血 对 BossMu 造成了 2 点 Pierce 伤害。生命值：558
[回合8] 12m 17s:  Gaceon 施放了 移动, 目标：(11, 0, 11)
[2024/6/18 4:07:45] Gaceon 施放了 移动, 目标：(11, 0, 11)
[回合8] 12m 20s:  Gaceon 施放了 治疗术, 目标：Lilium
[2024/6/18 4:07:49] Gaceon 施放了 治疗术, 目标：Lilium
[回合8] 12m 26s:  Gaceon 施放了 治疗链, 目标：Archer3
[2024/6/18 4:07:54] Gaceon 施放了 治疗链, 目标：Archer3
[回合8] 12m 26s:  Gaceon 的 治疗链 对 Archer3 造成了 13 点 Heal 。生命值：83
[2024/6/18 4:07:55] Gaceon 的 治疗链 对 Archer3 造成了 13 点 Heal 。生命值：83
[回合8] 12m 26s:  Gaceon 的 治疗链 对 Felivol 造成了 7 点 Heal 。生命值：15
[2024/6/18 4:07:55] Gaceon 的 治疗链 对 Felivol 造成了 7 点 Heal 。生命值：15
[回合8] 12m 28s:  Flora 的 栽培 对 Gaceon 造成了 2 点 Heal 。生命值：34
[2024/6/18 4:07:57] Flora 的 栽培 对 Gaceon 造成了 2 点 Heal 。生命值：34
[回合8] 12m 28s:  Flora 的 栽培 对 Flora 造成了 2 点 Heal 。生命值：72
[2024/6/18 4:07:57] Flora 的 栽培 对 Flora 造成了 2 点 Heal 。生命值：72
[回合8] 12m 29s:  Archer3 的 出血 对 BossMu 造成了 2 点 Pierce 伤害。生命值：556
[2024/6/18 4:07:57] Archer3 的 出血 对 BossMu 造成了 2 点 Pierce 伤害。生命值：556
[回合8] 12m 29s:  Archer3 施放了 射击, 目标：BossMu
[2024/6/18 4:07:58] Archer3 施放了 射击, 目标：BossMu
[回合8] 12m 30s:  Archer3 的 射击 对 BossMu 造成了 21 点 Pierce 伤害。生命值：535
[2024/6/18 4:07:59] Archer3 的 射击 对 BossMu 造成了 21 点 Pierce 伤害。生命值：535
[回合8] 12m 31s:  Umiko 的 海神之鞭 对 BossMu 造成了 4 点 Water 伤害。生命值：531
[2024/6/18 4:07:59] Umiko 的 海神之鞭 对 BossMu 造成了 4 点 Water 伤害。生命值：531
[回合8] 12m 31s:  Umiko 施放了 水泡, 目标：BossMu
[2024/6/18 4:07:59] Umiko 施放了 水泡, 目标：BossMu
[回合8] 12m 32s:  Umiko 的 水泡 对 BossMu 造成了 11 点 Water 伤害。生命值：520
[2024/6/18 4:08:00] Umiko 的 水泡 对 BossMu 造成了 11 点 Water 伤害。生命值：520
[回合8] 12m 32s:  Umiko 的 海神之鞭 对 BossMu 造成了 4 点 Water 伤害。生命值：516
[2024/6/18 4:08:01] Umiko 的 海神之鞭 对 BossMu 造成了 4 点 Water 伤害。生命值：516
[回合8] 12m 32s:  Felivol 重新获得了来自 Umiko 的 水泡护盾
[2024/6/18 4:08:01] Felivol 重新获得了来自 Umiko 的 水泡护盾
[回合8] 12m 32s:  Gaceon 施放了 治疗链, 目标：Gaceon
[2024/6/18 4:08:01] Gaceon 施放了 治疗链, 目标：Gaceon
[回合8] 12m 33s:  Gaceon 的 治疗链 对 Gaceon 造成了 13 点 Heal 。生命值：47
[2024/6/18 4:08:01] Gaceon 的 治疗链 对 Gaceon 造成了 13 点 Heal 。生命值：47
[回合8] 12m 33s:  Gaceon 的 治疗链 对 Archer3 造成了 9 点 Heal 。生命值：92
[2024/6/18 4:08:01] Gaceon 的 治疗链 对 Archer3 造成了 9 点 Heal 。生命值：92
[回合8] 12m 34s:  Flora 施放了 栽培, 目标：Felivol
[2024/6/18 4:08:02] Flora 施放了 栽培, 目标：Felivol
[回合8] 12m 34s:  Felivol 获得了来自 Flora 的 栽培
[2024/6/18 4:08:03] Felivol 获得了来自 Flora 的 栽培
[回合8] 12m 34s:  Felivol 施放了 斩击, 目标：BossMu
[2024/6/18 4:08:03] Felivol 施放了 斩击, 目标：BossMu
[回合8] 12m 35s:  Felivol 的 斩击 对 BossMu 造成了 18 点 Slash 伤害。生命值：498
[2024/6/18 4:08:04] Felivol 的 斩击 对 BossMu 造成了 18 点 Slash 伤害。生命值：498
[回合8] 12m 36s:  Umiko 的 海神之鞭 对 BossMu 造成了 4 点 Water 伤害。生命值：494
[2024/6/18 4:08:04] Umiko 的 海神之鞭 对 BossMu 造成了 4 点 Water 伤害。生命值：494
[回合8] 12m 36s:  BossMu 施放了 史莱姆攻击, 目标：Felivol
[2024/6/18 4:08:05] BossMu 施放了 史莱姆攻击, 目标：Felivol
[回合8] 12m 37s:  BossMu 的 史莱姆攻击 对 Felivol 造成了 14 点 Knock 伤害。生命值：1
[2024/6/18 4:08:06] BossMu 的 史莱姆攻击 对 Felivol 造成了 14 点 Knock 伤害。生命值：1
[回合8] 12m 37s:  BossMu 施放了 小史莱姆投掷, 目标：BossMu
[2024/6/18 4:08:06] BossMu 施放了 小史莱姆投掷, 目标：BossMu
[回合8] 12m 38s:  BossMu 的 小史莱姆投掷 对 Gaceon 造成了 20 点 Nature 伤害。生命值：27
[2024/6/18 4:08:07] BossMu 的 小史莱姆投掷 对 Gaceon 造成了 20 点 Nature 伤害。生命值：27
[回合8] 12m 38s:  Gaceon 失去了来自 BossMu 的 锁定
[2024/6/18 4:08:07] Gaceon 失去了来自 BossMu 的 锁定
[回合8] 12m 38s:  SmallMu(Clone) 获得了来自 SmallMu(Clone) 的 死亡爆裂 [0]
[2024/6/18 4:08:07] SmallMu(Clone) 获得了来自 SmallMu(Clone) 的 死亡爆裂 [0]
[回合8] 12m 38s:  Gaceon 获得了来自 BossMu 的 剧毒酸池
[2024/6/18 4:08:07] Gaceon 获得了来自 BossMu 的 剧毒酸池
[回合9] 12m 39s:  回合9
[2024/6/18 4:08:08] 回合9
[回合9] 12m 51s:  Flora 施放了 移动, 目标：(11, 0, 6)
[2024/6/18 4:08:19] Flora 施放了 移动, 目标：(11, 0, 6)
[回合9] 12m 53s:  Flora 施放了 复活, 目标：Lilium
[2024/6/18 4:08:22] Flora 施放了 复活, 目标：Lilium
[回合9] 12m 53s:  Lilium 获得了来自 Lilium 的 防卫者
[2024/6/18 4:08:22] Lilium 获得了来自 Lilium 的 防卫者
[回合9] 12m 53s:  Flora 的 复活 对 Lilium 造成了 26 点 Heal 。生命值：27
[2024/6/18 4:08:22] Flora 的 复活 对 Lilium 造成了 26 点 Heal 。生命值：27
[回合9] 12m 55s:  Flora 施放了 绽放, 目标：Flora
[2024/6/18 4:08:23] Flora 施放了 绽放, 目标：Flora
[回合9] 12m 55s:  Flora 的 绽放 对 Umiko 造成了 18 点 Heal 。生命值：110
[2024/6/18 4:08:24] Flora 的 绽放 对 Umiko 造成了 18 点 Heal 。生命值：110
[回合9] 12m 56s:  Flora 的 绽放 对 Gaceon 造成了 18 点 Heal 。生命值：48
[2024/6/18 4:08:24] Flora 的 绽放 对 Gaceon 造成了 18 点 Heal 。生命值：48
[回合9] 12m 56s:  Flora 的 绽放 对 Archer3 造成了 4 点 Heal 。生命值：96
[2024/6/18 4:08:25] Flora 的 绽放 对 Archer3 造成了 4 点 Heal 。生命值：96
[回合9] 12m 56s:  Flora 的 绽放 对 Astrologer 造成了 18 点 Heal 。生命值：76
[2024/6/18 4:08:25] Flora 的 绽放 对 Astrologer 造成了 18 点 Heal 。生命值：76
[回合9] 12m 56s:  Flora 的 绽放 对 Lilium 造成了 18 点 Heal 。生命值：45
[2024/6/18 4:08:25] Flora 的 绽放 对 Lilium 造成了 18 点 Heal 。生命值：45
[回合9] 12m 57s:  Flora 的 绽放 对 Flora 造成了 18 点 Heal 。生命值：90
[2024/6/18 4:08:25] Flora 的 绽放 对 Flora 造成了 18 点 Heal 。生命值：90
[回合9] 12m 57s:  Flora 的 绽放 对 Felivol 造成了 18 点 Heal 。生命值：19
[2024/6/18 4:08:25] Flora 的 绽放 对 Felivol 造成了 18 点 Heal 。生命值：19
[回合9] 12m 59s:  BossMu 的 剧毒酸池 对 Gaceon 造成了 15 点 Nature 伤害。生命值：33
[2024/6/18 4:08:28] BossMu 的 剧毒酸池 对 Gaceon 造成了 15 点 Nature 伤害。生命值：33
[回合9] 12m 59s:  Flora 的 栽培 对 Gaceon 造成了 2 点 Heal 。生命值：35
[2024/6/18 4:08:28] Flora 的 栽培 对 Gaceon 造成了 2 点 Heal 。生命值：35
[回合9] 13m 00s:  Flora 的 栽培 对 Flora 造成了 2 点 Heal 。生命值：92
[2024/6/18 4:08:28] Flora 的 栽培 对 Flora 造成了 2 点 Heal 。生命值：92
[回合9] 13m 00s:  Flora 的 栽培 对 Felivol 造成了 2 点 Heal 。生命值：21
[2024/6/18 4:08:28] Flora 的 栽培 对 Felivol 造成了 2 点 Heal 。生命值：21
[回合9] 13m 00s:  Archer3 的 出血 对 BossMu 造成了 2 点 Pierce 伤害。生命值：493
[2024/6/18 4:08:29] Archer3 的 出血 对 BossMu 造成了 2 点 Pierce 伤害。生命值：493
[回合9] 13m 03s:  Astrologer 施放了 移动, 目标：(12, 0, 5)
[2024/6/18 4:08:31] Astrologer 施放了 移动, 目标：(12, 0, 5)
[回合9] 13m 05s:  Astrologer 施放了 星光超流, 目标：BossMu
[2024/6/18 4:08:34] Astrologer 施放了 星光超流, 目标：BossMu
[回合9] 13m 06s:  Astrologer 的 星光超流 对 BossMu 造成了 20 点 Light 伤害。生命值：473
[2024/6/18 4:08:35] Astrologer 的 星光超流 对 BossMu 造成了 20 点 Light 伤害。生命值：473
[回合9] 13m 07s:  Umiko 的 海神之鞭 对 BossMu 造成了 4 点 Water 伤害。生命值：469
[2024/6/18 4:08:35] Umiko 的 海神之鞭 对 BossMu 造成了 4 点 Water 伤害。生命值：469
[回合9] 13m 07s:  BossMu 获得了来自 Astrologer 的 繁星道标
[2024/6/18 4:08:35] BossMu 获得了来自 Astrologer 的 繁星道标
[回合9] 13m 08s:  Astrologer 施放了 彗星箭, 目标：BossMu
[2024/6/18 4:08:36] Astrologer 施放了 彗星箭, 目标：BossMu
[回合9] 13m 09s:  Astrologer 的 彗星箭 对 BossMu 造成了 25 点 Ice 伤害。生命值：444
[2024/6/18 4:08:37] Astrologer 的 彗星箭 对 BossMu 造成了 25 点 Ice 伤害。生命值：444
[回合9] 13m 09s:  Umiko 的 海神之鞭 对 BossMu 造成了 8 点 Water 伤害（暴击）。生命值：436
[2024/6/18 4:08:38] Umiko 的 海神之鞭 对 BossMu 造成了 8 点 Water 伤害（暴击）。生命值：436
[回合9] 13m 11s:  Astrologer 施放了 彗星箭, 目标：BossMu
[2024/6/18 4:08:40] Astrologer 施放了 彗星箭, 目标：BossMu
[回合9] 13m 12s:  Astrologer 的 彗星箭 对 BossMu 造成了 25 点 Ice 伤害。生命值：411
[2024/6/18 4:08:40] Astrologer 的 彗星箭 对 BossMu 造成了 25 点 Ice 伤害。生命值：411
[回合9] 13m 12s:  Umiko 的 海神之鞭 对 BossMu 造成了 4 点 Water 伤害。生命值：407
[2024/6/18 4:08:41] Umiko 的 海神之鞭 对 BossMu 造成了 4 点 Water 伤害。生命值：407
[回合9] 13m 14s:  BossMu 的 剧毒酸池 对 Gaceon 造成了 15 点 Nature 伤害。生命值：20
[2024/6/18 4:08:43] BossMu 的 剧毒酸池 对 Gaceon 造成了 15 点 Nature 伤害。生命值：20
[回合9] 13m 14s:  Flora 的 栽培 对 Gaceon 造成了 2 点 Heal 。生命值：22
[2024/6/18 4:08:43] Flora 的 栽培 对 Gaceon 造成了 2 点 Heal 。生命值：22
[回合9] 13m 14s:  Gaceon 失去了来自 Flora 的 栽培
[2024/6/18 4:08:43] Gaceon 失去了来自 Flora 的 栽培
[回合9] 13m 14s:  Flora 的 栽培 对 Flora 造成了 2 点 Heal 。生命值：94
[2024/6/18 4:08:43] Flora 的 栽培 对 Flora 造成了 2 点 Heal 。生命值：94
[回合9] 13m 14s:  Flora 的 栽培 对 Felivol 造成了 2 点 Heal 。生命值：23
[2024/6/18 4:08:43] Flora 的 栽培 对 Felivol 造成了 2 点 Heal 。生命值：23
[回合9] 13m 15s:  Archer3 的 出血 对 BossMu 造成了 2 点 Pierce 伤害。生命值：405
[2024/6/18 4:08:43] Archer3 的 出血 对 BossMu 造成了 2 点 Pierce 伤害。生命值：405
[回合9] 13m 15s:  BossMu 施放了 突进, 目标：South
[2024/6/18 4:08:43] BossMu 施放了 突进, 目标：South
[回合9] 13m 15s:  Felivol 失去了来自 Felivol 的 巨石坚盾
[2024/6/18 4:08:44] Felivol 失去了来自 Felivol 的 巨石坚盾
[回合9] 13m 15s:  BossMu 的 突进 对 Felivol 造成了 23 点 Knock 伤害。生命值：0
[2024/6/18 4:08:44] BossMu 的 突进 对 Felivol 造成了 23 点 Knock 伤害。生命值：0
[回合9] 13m 15s:  Felivol 失去了来自 Felivol 的 防卫者
[2024/6/18 4:08:44] Felivol 失去了来自 Felivol 的 防卫者
[回合9] 13m 15s:  Felivol 失去了来自 Felivol 的 旅者
[2024/6/18 4:08:44] Felivol 失去了来自 Felivol 的 旅者
[回合9] 13m 15s:  Felivol 失去了来自 Felivol 的 聆听神谕
[2024/6/18 4:08:44] Felivol 失去了来自 Felivol 的 聆听神谕
[回合9] 13m 15s:  Felivol 失去了来自 Felivol 的 防御蓄能
[2024/6/18 4:08:44] Felivol 失去了来自 Felivol 的 防御蓄能
[回合9] 13m 15s:  Felivol 失去了来自 Felivol 的 祝福之光
[2024/6/18 4:08:44] Felivol 失去了来自 Felivol 的 祝福之光
[回合9] 13m 15s:  Felivol 失去了来自 BossMu 的 腐蚀吐息
[2024/6/18 4:08:44] Felivol 失去了来自 BossMu 的 腐蚀吐息
[回合9] 13m 15s:  Felivol 失去了来自 Umiko 的 海神之鞭
[2024/6/18 4:08:44] Felivol 失去了来自 Umiko 的 海神之鞭
[回合9] 13m 15s:  Felivol 失去了来自 Umiko 的 水泡护盾
[2024/6/18 4:08:44] Felivol 失去了来自 Umiko 的 水泡护盾
[回合9] 13m 15s:  Felivol 失去了来自 Flora 的 栽培
[2024/6/18 4:08:44] Felivol 失去了来自 Flora 的 栽培
[回合9] 13m 16s:  BossMu 的 突进 击杀了 Felivol !
[2024/6/18 4:08:44] BossMu 的 突进 击杀了 Felivol !
[回合9] 13m 21s:  Gaceon 施放了 移动, 目标：(11, 0, 8)
[2024/6/18 4:08:50] Gaceon 施放了 移动, 目标：(11, 0, 8)
[回合9] 13m 22s:  Gaceon 失去了来自 BossMu 的 剧毒酸池
[2024/6/18 4:08:51] Gaceon 失去了来自 BossMu 的 剧毒酸池
[回合9] 13m 27s:  Gaceon 施放了 治疗链, 目标：Astrologer
[2024/6/18 4:08:55] Gaceon 施放了 治疗链, 目标：Astrologer
[回合9] 13m 27s:  Gaceon 的 治疗链 对 Astrologer 造成了 8 点 Heal 。生命值：84
[2024/6/18 4:08:56] Gaceon 的 治疗链 对 Astrologer 造成了 8 点 Heal 。生命值：84
[回合9] 13m 27s:  Gaceon 的 治疗链 对 Lilium 造成了 7 点 Heal 。生命值：52
[2024/6/18 4:08:56] Gaceon 的 治疗链 对 Lilium 造成了 7 点 Heal 。生命值：52
[回合9] 13m 29s:  Gaceon 施放了 治疗链, 目标：Lilium
[2024/6/18 4:08:58] Gaceon 施放了 治疗链, 目标：Lilium
[回合9] 13m 29s:  Gaceon 的 治疗链 对 Lilium 造成了 13 点 Heal 。生命值：65
[2024/6/18 4:08:58] Gaceon 的 治疗链 对 Lilium 造成了 13 点 Heal 。生命值：65
[回合9] 13m 30s:  Gaceon 的 治疗链 对 Lilium 造成了 7 点 Heal 。生命值：72
[2024/6/18 4:08:58] Gaceon 的 治疗链 对 Lilium 造成了 7 点 Heal 。生命值：72
[回合9] 13m 31s:  Flora 的 栽培 对 Flora 造成了 2 点 Heal 。生命值：96
[2024/6/18 4:09:00] Flora 的 栽培 对 Flora 造成了 2 点 Heal 。生命值：96
[回合9] 13m 32s:  Archer3 的 出血 对 BossMu 造成了 2 点 Pierce 伤害。生命值：403
[2024/6/18 4:09:00] Archer3 的 出血 对 BossMu 造成了 2 点 Pierce 伤害。生命值：403
[回合9] 13m 35s:  Archer3 施放了 移动, 目标：(13, 0, 6)
[2024/6/18 4:09:03] Archer3 施放了 移动, 目标：(13, 0, 6)
[回合9] 13m 36s:  Archer3 施放了 射击, 目标：BossMu
[2024/6/18 4:09:05] Archer3 施放了 射击, 目标：BossMu
[回合9] 13m 37s:  Archer3 的 射击 对 BossMu 造成了 21 点 Pierce 伤害。生命值：382
[2024/6/18 4:09:06] Archer3 的 射击 对 BossMu 造成了 21 点 Pierce 伤害。生命值：382
[回合9] 13m 37s:  Umiko 的 海神之鞭 对 BossMu 造成了 4 点 Water 伤害。生命值：378
[2024/6/18 4:09:06] Umiko 的 海神之鞭 对 BossMu 造成了 4 点 Water 伤害。生命值：378
[回合9] 13m 38s:  Archer3 施放了 射击, 目标：BossMu
[2024/6/18 4:09:07] Archer3 施放了 射击, 目标：BossMu
[回合9] 13m 39s:  Archer3 的 射击 对 BossMu 造成了 42 点 Pierce 伤害（暴击）。生命值：336
[2024/6/18 4:09:07] Archer3 的 射击 对 BossMu 造成了 42 点 Pierce 伤害（暴击）。生命值：336
[回合9] 13m 39s:  Umiko 的 海神之鞭 对 BossMu 造成了 4 点 Water 伤害。生命值：332
[2024/6/18 4:09:08] Umiko 的 海神之鞭 对 BossMu 造成了 4 点 Water 伤害。生命值：332
[回合9] 13m 41s:  Flora 的 栽培 对 Flora 造成了 2 点 Heal 。生命值：98
[2024/6/18 4:09:09] Flora 的 栽培 对 Flora 造成了 2 点 Heal 。生命值：98
[回合9] 13m 41s:  Archer3 的 出血 对 BossMu 造成了 2 点 Pierce 伤害。生命值：330
[2024/6/18 4:09:10] Archer3 的 出血 对 BossMu 造成了 2 点 Pierce 伤害。生命值：330
[回合9] 13m 41s:  Archer3 施放了 射击, 目标：BossMu
[2024/6/18 4:09:10] Archer3 施放了 射击, 目标：BossMu
[回合9] 13m 42s:  Archer3 的 射击 对 BossMu 造成了 21 点 Pierce 伤害。生命值：309
[2024/6/18 4:09:11] Archer3 的 射击 对 BossMu 造成了 21 点 Pierce 伤害。生命值：309
[回合9] 13m 43s:  Umiko 的 海神之鞭 对 BossMu 造成了 4 点 Water 伤害。生命值：305
[2024/6/18 4:09:11] Umiko 的 海神之鞭 对 BossMu 造成了 4 点 Water 伤害。生命值：305
[回合9] 13m 43s:  Umiko 施放了 水泡, 目标：BossMu
[2024/6/18 4:09:11] Umiko 施放了 水泡, 目标：BossMu
[回合9] 13m 43s:  Gaceon 施放了 治疗链, 目标：Gaceon
[2024/6/18 4:09:11] Gaceon 施放了 治疗链, 目标：Gaceon
[回合9] 13m 43s:  Gaceon 的 治疗链 对 Gaceon 造成了 13 点 Heal 。生命值：35
[2024/6/18 4:09:11] Gaceon 的 治疗链 对 Gaceon 造成了 13 点 Heal 。生命值：35
[回合9] 13m 43s:  Gaceon 的 治疗链 对 Lilium 造成了 9 点 Heal 。生命值：81
[2024/6/18 4:09:12] Gaceon 的 治疗链 对 Lilium 造成了 9 点 Heal 。生命值：81
[回合9] 13m 44s:  Flora 施放了 栽培, 目标：Gaceon
[2024/6/18 4:09:12] Flora 施放了 栽培, 目标：Gaceon
[回合9] 13m 45s:  Gaceon 获得了来自 Flora 的 栽培
[2024/6/18 4:09:13] Gaceon 获得了来自 Flora 的 栽培
[回合9] 13m 45s:  Astrologer 施放了 彗星箭, 目标：BossMu
[2024/6/18 4:09:13] Astrologer 施放了 彗星箭, 目标：BossMu
[回合9] 13m 45s:  BossMu 施放了 移动, 目标：(14, 0, 2)
[2024/6/18 4:09:14] BossMu 施放了 移动, 目标：(14, 0, 2)
[回合9] 13m 45s:  BossMu 施放了 移动, 目标：(13, 0, 2)
[2024/6/18 4:09:14] BossMu 施放了 移动, 目标：(13, 0, 2)
[回合9] 13m 46s:  BossMu 施放了 移动, 目标：(12, 0, 2)
[2024/6/18 4:09:14] BossMu 施放了 移动, 目标：(12, 0, 2)
[回合10] 13m 47s:  回合10
[2024/6/18 4:09:15] 回合10
[回合10] 13m 49s:  Astrologer 施放了 移动, 目标：(12, 0, 5)
[2024/6/18 4:09:17] Astrologer 施放了 移动, 目标：(12, 0, 5)
[回合10] 13m 51s:  Astrologer 施放了 移动, 目标：(12, 0, 6)
[2024/6/18 4:09:19] Astrologer 施放了 移动, 目标：(12, 0, 6)
[回合10] 13m 54s:  Astrologer 施放了 星光超流, 目标：BossMu
[2024/6/18 4:09:23] Astrologer 施放了 星光超流, 目标：BossMu
[回合10] 13m 55s:  Astrologer 的 星光超流 对 BossMu 造成了 20 点 Light 伤害。生命值：285
[2024/6/18 4:09:24] Astrologer 的 星光超流 对 BossMu 造成了 20 点 Light 伤害。生命值：285
[回合10] 13m 56s:  Umiko 的 海神之鞭 对 BossMu 造成了 4 点 Water 伤害。生命值：281
[2024/6/18 4:09:24] Umiko 的 海神之鞭 对 BossMu 造成了 4 点 Water 伤害。生命值：281
[回合10] 13m 56s:  Astrologer 的 繁星道标 对 BossMu 造成了 12 点 Light 伤害。生命值：269
[2024/6/18 4:09:25] Astrologer 的 繁星道标 对 BossMu 造成了 12 点 Light 伤害。生命值：269
[回合10] 13m 57s:  Umiko 的 海神之鞭 对 BossMu 造成了 8 点 Water 伤害（暴击）。生命值：261
[2024/6/18 4:09:25] Umiko 的 海神之鞭 对 BossMu 造成了 8 点 Water 伤害（暴击）。生命值：261
[回合10] 13m 57s:  BossMu 重新获得了来自 Astrologer 的 繁星道标
[2024/6/18 4:09:25] BossMu 重新获得了来自 Astrologer 的 繁星道标
[回合10] 14m 00s:  Astrologer 施放了 星光超流, 目标：BossMu
[2024/6/18 4:09:29] Astrologer 施放了 星光超流, 目标：BossMu
[回合10] 14m 01s:  Astrologer 的 星光超流 对 BossMu 造成了 40 点 Light 伤害（暴击）。生命值：221
[2024/6/18 4:09:30] Astrologer 的 星光超流 对 BossMu 造成了 40 点 Light 伤害（暴击）。生命值：221
[回合10] 14m 02s:  Umiko 的 海神之鞭 对 BossMu 造成了 4 点 Water 伤害。生命值：217
[2024/6/18 4:09:31] Umiko 的 海神之鞭 对 BossMu 造成了 4 点 Water 伤害。生命值：217
[回合10] 14m 02s:  Astrologer 的 繁星道标 没有击中 BossMu。生命值：217
[2024/6/18 4:09:31] Astrologer 的 繁星道标 没有击中 BossMu。生命值：217
[回合10] 14m 02s:  Astrologer 的 繁星道标 对 BossMu 造成了 24 点 Light 伤害（暴击）。生命值：193
[2024/6/18 4:09:31] Astrologer 的 繁星道标 对 BossMu 造成了 24 点 Light 伤害（暴击）。生命值：193
[回合10] 14m 03s:  Umiko 的 海神之鞭 对 BossMu 造成了 8 点 Water 伤害（暴击）。生命值：185
[2024/6/18 4:09:32] Umiko 的 海神之鞭 对 BossMu 造成了 8 点 Water 伤害（暴击）。生命值：185
[回合10] 14m 03s:  BossMu 重新获得了来自 Astrologer 的 繁星道标
[2024/6/18 4:09:32] BossMu 重新获得了来自 Astrologer 的 繁星道标
[回合10] 14m 10s:  Flora 的 栽培 对 Gaceon 造成了 2 点 Heal 。生命值：37
[2024/6/18 4:09:38] Flora 的 栽培 对 Gaceon 造成了 2 点 Heal 。生命值：37
[回合10] 14m 10s:  Flora 的 栽培 对 Flora 造成了 2 点 Heal 。生命值：100
[2024/6/18 4:09:38] Flora 的 栽培 对 Flora 造成了 2 点 Heal 。生命值：100
[回合10] 14m 10s:  Archer3 的 出血 对 BossMu 造成了 2 点 Pierce 伤害。生命值：183
[2024/6/18 4:09:39] Archer3 的 出血 对 BossMu 造成了 2 点 Pierce 伤害。生命值：183
[回合10] 14m 15s:  Archer3 施放了 射击, 目标：BossMu
[2024/6/18 4:09:43] Archer3 施放了 射击, 目标：BossMu
[回合10] 14m 15s:  Archer3 的 射击 对 BossMu 造成了 21 点 Pierce 伤害。生命值：162
[2024/6/18 4:09:44] Archer3 的 射击 对 BossMu 造成了 21 点 Pierce 伤害。生命值：162
[回合10] 14m 16s:  Umiko 的 海神之鞭 对 BossMu 造成了 4 点 Water 伤害。生命值：158
[2024/6/18 4:09:45] Umiko 的 海神之鞭 对 BossMu 造成了 4 点 Water 伤害。生命值：158
[回合10] 14m 17s:  Archer3 施放了 射击, 目标：BossMu
[2024/6/18 4:09:46] Archer3 施放了 射击, 目标：BossMu
[回合10] 14m 18s:  Archer3 的 射击 对 BossMu 造成了 21 点 Pierce 伤害。生命值：137
[2024/6/18 4:09:46] Archer3 的 射击 对 BossMu 造成了 21 点 Pierce 伤害。生命值：137
[回合10] 14m 18s:  Umiko 的 海神之鞭 对 BossMu 造成了 4 点 Water 伤害。生命值：133
[2024/6/18 4:09:47] Umiko 的 海神之鞭 对 BossMu 造成了 4 点 Water 伤害。生命值：133
[回合10] 14m 20s:  Flora 的 栽培 对 Gaceon 造成了 2 点 Heal 。生命值：39
[2024/6/18 4:09:48] Flora 的 栽培 对 Gaceon 造成了 2 点 Heal 。生命值：39
[回合10] 14m 20s:  Archer3 失去了来自 Archer3 的 狂风加护
[2024/6/18 4:09:48] Archer3 失去了来自 Archer3 的 狂风加护
[回合10] 14m 20s:  Flora 的 栽培 对 Flora 造成了 2 点 Heal 。生命值：102
[2024/6/18 4:09:48] Flora 的 栽培 对 Flora 造成了 2 点 Heal 。生命值：102
[回合10] 14m 20s:  Flora 失去了来自 Flora 的 栽培
[2024/6/18 4:09:48] Flora 失去了来自 Flora 的 栽培
[回合10] 14m 20s:  Archer3 的 出血 对 BossMu 造成了 2 点 Pierce 伤害。生命值：131
[2024/6/18 4:09:49] Archer3 的 出血 对 BossMu 造成了 2 点 Pierce 伤害。生命值：131
[回合10] 14m 25s:  Lilium 施放了 移动, 目标：(12, 0, 3)
[2024/6/18 4:09:54] Lilium 施放了 移动, 目标：(12, 0, 3)
[回合10] 14m 28s:  Lilium 施放了 拳, 目标：BossMu
[2024/6/18 4:09:56] Lilium 施放了 拳, 目标：BossMu
[回合10] 14m 28s:  Lilium 的 拳 对 BossMu 造成了 16 点 Knock 伤害。生命值：115
[2024/6/18 4:09:57] Lilium 的 拳 对 BossMu 造成了 16 点 Knock 伤害。生命值：115
[回合10] 14m 29s:  Lilium 施放了 拳, 目标：BossMu
[2024/6/18 4:09:58] Lilium 施放了 拳, 目标：BossMu
[回合10] 14m 30s:  Lilium 的 拳 对 BossMu 造成了 16 点 Knock 伤害。生命值：99
[2024/6/18 4:09:58] Lilium 的 拳 对 BossMu 造成了 16 点 Knock 伤害。生命值：99
[回合10] 14m 30s:  Lilium 施放了 拳, 目标：BossMu
[2024/6/18 4:09:59] Lilium 施放了 拳, 目标：BossMu
[回合10] 14m 31s:  Lilium 的 拳 对 BossMu 造成了 16 点 Knock 伤害。生命值：83
[2024/6/18 4:09:59] Lilium 的 拳 对 BossMu 造成了 16 点 Knock 伤害。生命值：83
[回合10] 14m 31s:  Lilium 施放了 拳, 目标：BossMu
[2024/6/18 4:10:00] Lilium 施放了 拳, 目标：BossMu
[回合10] 14m 32s:  Lilium 的 拳 对 BossMu 造成了 16 点 Knock 伤害。生命值：67
[2024/6/18 4:10:00] Lilium 的 拳 对 BossMu 造成了 16 点 Knock 伤害。生命值：67
[回合10] 14m 33s:  Flora 的 栽培 对 Gaceon 造成了 2 点 Heal 。生命值：41
[2024/6/18 4:10:01] Flora 的 栽培 对 Gaceon 造成了 2 点 Heal 。生命值：41
[回合10] 14m 33s:  Archer3 的 出血 对 BossMu 造成了 2 点 Pierce 伤害。生命值：65
[2024/6/18 4:10:01] Archer3 的 出血 对 BossMu 造成了 2 点 Pierce 伤害。生命值：65
[回合10] 14m 33s:  BossMu 施放了 下砸, 目标：BossMu
[2024/6/18 4:10:01] BossMu 施放了 下砸, 目标：BossMu
[回合10] 14m 33s:  BossMu 的 下砸 对 Lilium 造成了 35 点 Knock 伤害。生命值：46
[2024/6/18 4:10:02] BossMu 的 下砸 对 Lilium 造成了 35 点 Knock 伤害。生命值：46
[回合10] 14m 37s:  Umiko 施放了 移动, 目标：(11, 0, 5)
[2024/6/18 4:10:06] Umiko 施放了 移动, 目标：(11, 0, 5)
[回合10] 14m 38s:  Lilium 获得了来自 Umiko 的 生命之歌
[2024/6/18 4:10:06] Lilium 获得了来自 Umiko 的 生命之歌
[回合10] 14m 39s:  Umiko 施放了 水泡, 目标：BossMu
[2024/6/18 4:10:07] Umiko 施放了 水泡, 目标：BossMu
[回合10] 14m 40s:  Umiko 的 水泡 对 BossMu 造成了 11 点 Water 伤害。生命值：54
[2024/6/18 4:10:09] Umiko 的 水泡 对 BossMu 造成了 11 点 Water 伤害。生命值：54
[回合10] 14m 40s:  Umiko 的 海神之鞭 对 BossMu 造成了 4 点 Water 伤害。生命值：50
[2024/6/18 4:10:09] Umiko 的 海神之鞭 对 BossMu 造成了 4 点 Water 伤害。生命值：50
[回合10] 14m 40s:  Lilium 获得了来自 Umiko 的 水泡护盾
[2024/6/18 4:10:09] Lilium 获得了来自 Umiko 的 水泡护盾
[回合10] 14m 41s:  Umiko 施放了 水泡, 目标：BossMu
[2024/6/18 4:10:10] Umiko 施放了 水泡, 目标：BossMu
[回合10] 14m 42s:  Umiko 的 水泡 对 BossMu 造成了 11 点 Water 伤害。生命值：39
[2024/6/18 4:10:11] Umiko 的 水泡 对 BossMu 造成了 11 点 Water 伤害。生命值：39
[回合10] 14m 43s:  Umiko 的 海神之鞭 对 BossMu 造成了 4 点 Water 伤害。生命值：35
[2024/6/18 4:10:11] Umiko 的 海神之鞭 对 BossMu 造成了 4 点 Water 伤害。生命值：35
[回合10] 14m 43s:  Lilium 重新获得了来自 Umiko 的 水泡护盾
[2024/6/18 4:10:11] Lilium 重新获得了来自 Umiko 的 水泡护盾
[回合10] 14m 43s:  Flora 的 栽培 对 Gaceon 造成了 2 点 Heal 。生命值：43
[2024/6/18 4:10:12] Flora 的 栽培 对 Gaceon 造成了 2 点 Heal 。生命值：43
[回合10] 14m 44s:  Archer3 的 出血 对 BossMu 造成了 2 点 Pierce 伤害。生命值：33
[2024/6/18 4:10:12] Archer3 的 出血 对 BossMu 造成了 2 点 Pierce 伤害。生命值：33
[回合10] 14m 44s:  Archer3 施放了 射击, 目标：BossMu
[2024/6/18 4:10:13] Archer3 施放了 射击, 目标：BossMu
[回合10] 14m 45s:  Archer3 的 射击 对 BossMu 造成了 21 点 Pierce 伤害。生命值：12
[2024/6/18 4:10:14] Archer3 的 射击 对 BossMu 造成了 21 点 Pierce 伤害。生命值：12
[回合10] 14m 46s:  Umiko 的 海神之鞭 对 BossMu 造成了 4 点 Water 伤害。生命值：8
[2024/6/18 4:10:14] Umiko 的 海神之鞭 对 BossMu 造成了 4 点 Water 伤害。生命值：8
[回合10] 14m 46s:  Umiko 施放了 水泡, 目标：BossMu
[2024/6/18 4:10:14] Umiko 施放了 水泡, 目标：BossMu
[回合10] 14m 47s:  Umiko 的 水泡 对 BossMu 造成了 8 点 Water 伤害。生命值：0
[2024/6/18 4:10:15] Umiko 的 水泡 对 BossMu 造成了 8 点 Water 伤害。生命值：0
[回合10] 14m 47s:  Umiko 的 海神之鞭 对 BossMu 造成了 0 点 Water 伤害。生命值：0
[2024/6/18 4:10:16] Umiko 的 海神之鞭 对 BossMu 造成了 0 点 Water 伤害。生命值：0
[回合10] 14m 47s:  BossMu 失去了来自 Archer3 的 出血
[2024/6/18 4:10:16] BossMu 失去了来自 Archer3 的 出血
[回合10] 14m 47s:  BossMu 失去了来自 Astrologer 的 繁星道标
[2024/6/18 4:10:16] BossMu 失去了来自 Astrologer 的 繁星道标
[回合10] 14m 47s:  Umiko 的  击杀了 BossMu !
[2024/6/18 4:10:16] Umiko 的  击杀了 BossMu !
[回合10] 14m 47s:  Lilium 重新获得了来自 Umiko 的 水泡护盾
[2024/6/18 4:10:16] Lilium 重新获得了来自 Umiko 的 水泡护盾
[回合10] 14m 47s:  Gaceon 施放了 治疗链, 目标：Lilium
[2024/6/18 4:10:16] Gaceon 施放了 治疗链, 目标：Lilium
[回合10] 14m 48s:  Gaceon 的 治疗链 对 Lilium 造成了 13 点 Heal 。生命值：59
[2024/6/18 4:10:16] Gaceon 的 治疗链 对 Lilium 造成了 13 点 Heal 。生命值：59
[回合10] 14m 48s:  Gaceon 的 治疗链 对 Umiko 造成了 9 点 Heal 。生命值：119
[2024/6/18 4:10:16] Gaceon 的 治疗链 对 Umiko 造成了 9 点 Heal 。生命值：119
[回合10] 14m 49s:  Flora 施放了 栽培, 目标：Lilium
[2024/6/18 4:10:17] Flora 施放了 栽培, 目标：Lilium
[回合10] 14m 49s:  Lilium 获得了来自 Flora 的 栽培
[2024/6/18 4:10:18] Lilium 获得了来自 Flora 的 栽培

----

Damage
-- NAME --	-- DMG --		-- Attack Power --
Astrologer	609 (60.9)		25 (20 + 5)
Archer3		514 (51.4)		21 (15 + 6)
Umiko		295 (29.5)		Spell 11 / Buff 18 (12 + 6)
Lilium		268 (26.8)		18 (18 + 0)
Felivol		174 (17.4)		17 (13 + 4)
Gaceon		28 (2.8)
Flora		14 (1.4)

Healing
Flora		520 (52)			22 (12 + 6 + 4)
Gaceon		340 (34)			22 (12 + 6 + 4)
Felivol		83 (8.3)
